D:/2.upwork/83.Lora_water_leak/Example_code/en.stm32cubewl_v1-2-0/STM32Cube_FW_WL_V1.2.0/Projects/NUCLEO-WL55JC/Applications/LoRaWAN/LoRaWAN_End_Node/LoRaWAN/App/lora_app.c:680:13:OnRxTimerLedEvent	0	static
D:/2.upwork/83.Lora_water_leak/Example_code/en.stm32cubewl_v1-2-0/STM32Cube_FW_WL_V1.2.0/Projects/NUCLEO-WL55JC/Applications/LoRaWAN/LoRaWAN_End_Node/LoRaWAN/App/lora_app.c:784:13:OnSysTimeUpdate	0	static
D:/2.upwork/83.Lora_water_leak/Example_code/en.stm32cubewl_v1-2-0/STM32Cube_FW_WL_V1.2.0/Projects/NUCLEO-WL55JC/Applications/LoRaWAN/LoRaWAN_End_Node/LoRaWAN/App/lora_app.c:832:13:OnTxFrameCtrlChanged	0	static
D:/2.upwork/83.Lora_water_leak/Example_code/en.stm32cubewl_v1-2-0/STM32Cube_FW_WL_V1.2.0/Projects/NUCLEO-WL55JC/Applications/LoRaWAN/LoRaWAN_End_Node/LoRaWAN/App/lora_app.c:843:13:OnPingSlotPeriodicityChanged	0	static
D:/2.upwork/83.Lora_water_leak/Example_code/en.stm32cubewl_v1-2-0/STM32Cube_FW_WL_V1.2.0/Projects/NUCLEO-WL55JC/Applications/LoRaWAN/LoRaWAN_End_Node/LoRaWAN/App/lora_app.c:749:13:OnBeaconStatusChange	72	static
D:/2.upwork/83.Lora_water_leak/Example_code/en.stm32cubewl_v1-2-0/STM32Cube_FW_WL_V1.2.0/Projects/NUCLEO-WL55JC/Applications/LoRaWAN/LoRaWAN_End_Node/LoRaWAN/App/lora_app.c:791:13:OnClassChange	16	static
D:/2.upwork/83.Lora_water_leak/Example_code/en.stm32cubewl_v1-2-0/STM32Cube_FW_WL_V1.2.0/Projects/NUCLEO-WL55JC/Applications/LoRaWAN/LoRaWAN_End_Node/LoRaWAN/App/lora_app.c:943:13:OnNvmDataChange	8	static
D:/2.upwork/83.Lora_water_leak/Example_code/en.stm32cubewl_v1-2-0/STM32Cube_FW_WL_V1.2.0/Projects/NUCLEO-WL55JC/Applications/LoRaWAN/LoRaWAN_End_Node/LoRaWAN/App/lora_app.c:660:13:OnTxTimerEvent	8	static
D:/2.upwork/83.Lora_water_leak/Example_code/en.stm32cubewl_v1-2-0/STM32Cube_FW_WL_V1.2.0/Projects/NUCLEO-WL55JC/Applications/LoRaWAN/LoRaWAN_End_Node/LoRaWAN/App/lora_app.c:798:13:OnMacProcessNotify	8	static
D:/2.upwork/83.Lora_water_leak/Example_code/en.stm32cubewl_v1-2-0/STM32Cube_FW_WL_V1.2.0/Projects/NUCLEO-WL55JC/Applications/LoRaWAN/LoRaWAN_End_Node/LoRaWAN/App/lora_app.c:854:13:OnSystemReset	8	static,ignoring_inline_asm
D:/2.upwork/83.Lora_water_leak/Example_code/en.stm32cubewl_v1-2-0/STM32Cube_FW_WL_V1.2.0/Projects/NUCLEO-WL55JC/Applications/LoRaWAN/LoRaWAN_End_Node/LoRaWAN/App/lora_app.c:721:13:OnJoinRequest	8	static
D:/2.upwork/83.Lora_water_leak/Example_code/en.stm32cubewl_v1-2-0/STM32Cube_FW_WL_V1.2.0/Projects/NUCLEO-WL55JC/Applications/LoRaWAN/LoRaWAN_End_Node/LoRaWAN/App/lora_app.c:810:13:OnTxPeriodicityChanged	8	static
D:/2.upwork/83.Lora_water_leak/Example_code/en.stm32cubewl_v1-2-0/STM32Cube_FW_WL_V1.2.0/Projects/NUCLEO-WL55JC/Applications/LoRaWAN/LoRaWAN_End_Node/LoRaWAN/App/lora_app.c:692:13:OnTxData	24	static
D:/2.upwork/83.Lora_water_leak/Example_code/en.stm32cubewl_v1-2-0/STM32Cube_FW_WL_V1.2.0/Projects/NUCLEO-WL55JC/Applications/LoRaWAN/LoRaWAN_End_Node/LoRaWAN/App/lora_app.c:905:13:OnStopJoinTimerEvent	8	static
D:/2.upwork/83.Lora_water_leak/Example_code/en.stm32cubewl_v1-2-0/STM32Cube_FW_WL_V1.2.0/Projects/NUCLEO-WL55JC/Applications/LoRaWAN/LoRaWAN_End_Node/LoRaWAN/App/lora_app.c:675:13:OnTxTimerLedEvent	8	static
D:/2.upwork/83.Lora_water_leak/Example_code/en.stm32cubewl_v1-2-0/STM32Cube_FW_WL_V1.2.0/Projects/NUCLEO-WL55JC/Applications/LoRaWAN/LoRaWAN_End_Node/LoRaWAN/App/lora_app.c:460:13:OnRxData	40	static
D:/2.upwork/83.Lora_water_leak/Example_code/en.stm32cubewl_v1-2-0/STM32Cube_FW_WL_V1.2.0/Projects/NUCLEO-WL55JC/Applications/LoRaWAN/LoRaWAN_End_Node/LoRaWAN/App/lora_app.c:961:13:OnStoreContextRequest	16	static
D:/2.upwork/83.Lora_water_leak/Example_code/en.stm32cubewl_v1-2-0/STM32Cube_FW_WL_V1.2.0/Projects/NUCLEO-WL55JC/Applications/LoRaWAN/LoRaWAN_End_Node/LoRaWAN/App/lora_app.c:976:13:OnRestoreContextRequest	8	static
D:/2.upwork/83.Lora_water_leak/Example_code/en.stm32cubewl_v1-2-0/STM32Cube_FW_WL_V1.2.0/Projects/NUCLEO-WL55JC/Applications/LoRaWAN/LoRaWAN_End_Node/LoRaWAN/App/lora_app.c:868:13:StopJoin	16	static
D:/2.upwork/83.Lora_water_leak/Example_code/en.stm32cubewl_v1-2-0/STM32Cube_FW_WL_V1.2.0/Projects/NUCLEO-WL55JC/Applications/LoRaWAN/LoRaWAN_End_Node/LoRaWAN/App/lora_app.c:921:13:StoreContext	8	static
D:/2.upwork/83.Lora_water_leak/Example_code/en.stm32cubewl_v1-2-0/STM32Cube_FW_WL_V1.2.0/Projects/NUCLEO-WL55JC/Applications/LoRaWAN/LoRaWAN_End_Node/LoRaWAN/App/lora_app.c:537:13:SendTxData	64	static
D:/2.upwork/83.Lora_water_leak/Example_code/en.stm32cubewl_v1-2-0/STM32Cube_FW_WL_V1.2.0/Projects/NUCLEO-WL55JC/Applications/LoRaWAN/LoRaWAN_End_Node/LoRaWAN/App/lora_app.c:685:13:OnJoinTimerLedEvent	8	static
D:/2.upwork/83.Lora_water_leak/Example_code/en.stm32cubewl_v1-2-0/STM32Cube_FW_WL_V1.2.0/Projects/NUCLEO-WL55JC/Applications/LoRaWAN/LoRaWAN_End_Node/LoRaWAN/App/lora_app.c:347:6:LoRaWAN_Init	48	static
D:/2.upwork/83.Lora_water_leak/Example_code/en.stm32cubewl_v1-2-0/STM32Cube_FW_WL_V1.2.0/Projects/NUCLEO-WL55JC/Applications/LoRaWAN/LoRaWAN_End_Node/LoRaWAN/App/lora_app.c:437:6:HAL_GPIO_EXTI_Callback	0	static
