D:/2.upwork/83.Lora_water_leak/Example_code/en.stm32cubewl_v1-2-0/STM32Cube_FW_WL_V1.2.0/Middlewares/Third_Party/LoRaWAN/Crypto/cmac.c:58:6:AES_CMAC_Init	8	static
D:/2.upwork/83.Lora_water_leak/Example_code/en.stm32cubewl_v1-2-0/STM32Cube_FW_WL_V1.2.0/Middlewares/Third_Party/LoRaWAN/Crypto/cmac.c:65:6:AES_CMAC_SetKey	0	static
D:/2.upwork/83.Lora_water_leak/Example_code/en.stm32cubewl_v1-2-0/STM32Cube_FW_WL_V1.2.0/Middlewares/Third_Party/LoRaWAN/Crypto/cmac.c:70:6:AES_CMAC_Update	48	static
D:/2.upwork/83.Lora_water_leak/Example_code/en.stm32cubewl_v1-2-0/STM32Cube_FW_WL_V1.2.0/Middlewares/Third_Party/LoRaWAN/Crypto/cmac.c:108:6:AES_CMAC_Final	56	static
