D:/2.upwork/83.Lora_water_leak/Example_code/en.stm32cubewl-v1-3-0/STM32Cube_FW_WL_V1.3.0/Middlewares/Third_Party/LoRaWAN/LmHandler/Packages/LmhpCompliance.c:192:13:LmhpComplianceInit	8	static
D:/2.upwork/83.Lora_water_leak/Example_code/en.stm32cubewl-v1-3-0/STM32Cube_FW_WL_V1.3.0/Middlewares/Third_Party/LoRaWAN/LmHandler/Packages/LmhpCompliance.c:208:13:LmhpComplianceIsInitialized	0	static
D:/2.upwork/83.Lora_water_leak/Example_code/en.stm32cubewl-v1-3-0/STM32Cube_FW_WL_V1.3.0/Middlewares/Third_Party/LoRaWAN/LmHandler/Packages/LmhpCompliance.c:213:13:LmhpComplianceIsRunning	0	static
D:/2.upwork/83.Lora_water_leak/Example_code/en.stm32cubewl-v1-3-0/STM32Cube_FW_WL_V1.3.0/Middlewares/Third_Party/LoRaWAN/LmHandler/Packages/LmhpCompliance.c:526:13:LmhpComplianceProcess	0	static
D:/2.upwork/83.Lora_water_leak/Example_code/en.stm32cubewl-v1-3-0/STM32Cube_FW_WL_V1.3.0/Middlewares/Third_Party/LoRaWAN/LmHandler/Packages/LmhpCompliance.c:223:13:LmhpComplianceOnMcpsConfirm	0	static
D:/2.upwork/83.Lora_water_leak/Example_code/en.stm32cubewl-v1-3-0/STM32Cube_FW_WL_V1.3.0/Middlewares/Third_Party/LoRaWAN/LmHandler/Packages/LmhpCompliance.c:239:13:LmhpComplianceOnMlmeConfirm	0	static
D:/2.upwork/83.Lora_water_leak/Example_code/en.stm32cubewl-v1-3-0/STM32Cube_FW_WL_V1.3.0/Middlewares/Third_Party/LoRaWAN/LmHandler/Packages/LmhpCompliance.c:259:31:LmhpComplianceTxProcess.isra	16	static
D:/2.upwork/83.Lora_water_leak/Example_code/en.stm32cubewl-v1-3-0/STM32Cube_FW_WL_V1.3.0/Middlewares/Third_Party/LoRaWAN/LmHandler/Packages/LmhpCompliance.c:531:13:OnComplianceTxNextPacketTimerEvent	0	static
D:/2.upwork/83.Lora_water_leak/Example_code/en.stm32cubewl-v1-3-0/STM32Cube_FW_WL_V1.3.0/Middlewares/Third_Party/LoRaWAN/LmHandler/Packages/LmhpCompliance.c:313:13:LmhpComplianceOnMcpsIndication	64	static
D:/2.upwork/83.Lora_water_leak/Example_code/en.stm32cubewl-v1-3-0/STM32Cube_FW_WL_V1.3.0/Middlewares/Third_Party/LoRaWAN/LmHandler/Packages/LmhpCompliance.c:187:15:LmhpCompliancePackageFactory	0	static
