D:/2.upwork/83.Lora_water_leak/Example_code/en.stm32cubewl_v1-2-0/STM32Cube_FW_WL_V1.2.0/Middlewares/Third_Party/LoRaWAN/Mac/LoRaMacCommands.c:305:24:LoRaMacCommandsInit	8	static
D:/2.upwork/83.Lora_water_leak/Example_code/en.stm32cubewl_v1-2-0/STM32Cube_FW_WL_V1.2.0/Middlewares/Third_Party/LoRaWAN/Mac/LoRaMacCommands.c:315:24:LoRaMacCommandsAddCmd	24	static
D:/2.upwork/83.Lora_water_leak/Example_code/en.stm32cubewl_v1-2-0/STM32Cube_FW_WL_V1.2.0/Middlewares/Third_Party/LoRaWAN/Mac/LoRaMacCommands.c:348:24:LoRaMacCommandsRemoveCmd	8	static
D:/2.upwork/83.Lora_water_leak/Example_code/en.stm32cubewl_v1-2-0/STM32Cube_FW_WL_V1.2.0/Middlewares/Third_Party/LoRaWAN/Mac/LoRaMacCommands.c:372:24:LoRaMacCommandsGetCmd	0	static
D:/2.upwork/83.Lora_water_leak/Example_code/en.stm32cubewl_v1-2-0/STM32Cube_FW_WL_V1.2.0/Middlewares/Third_Party/LoRaWAN/Mac/LoRaMacCommands.c:396:24:LoRaMacCommandsRemoveNoneStickyCmds	8	static
D:/2.upwork/83.Lora_water_leak/Example_code/en.stm32cubewl_v1-2-0/STM32Cube_FW_WL_V1.2.0/Middlewares/Third_Party/LoRaWAN/Mac/LoRaMacCommands.c:422:24:LoRaMacCommandsRemoveStickyAnsCmds	8	static
D:/2.upwork/83.Lora_water_leak/Example_code/en.stm32cubewl_v1-2-0/STM32Cube_FW_WL_V1.2.0/Middlewares/Third_Party/LoRaWAN/Mac/LoRaMacCommands.c:444:24:LoRaMacCommandsGetSizeSerializedCmds	0	static
D:/2.upwork/83.Lora_water_leak/Example_code/en.stm32cubewl_v1-2-0/STM32Cube_FW_WL_V1.2.0/Middlewares/Third_Party/LoRaWAN/Mac/LoRaMacCommands.c:454:24:LoRaMacCommandsSerializeCmds	24	static
D:/2.upwork/83.Lora_water_leak/Example_code/en.stm32cubewl_v1-2-0/STM32Cube_FW_WL_V1.2.0/Middlewares/Third_Party/LoRaWAN/Mac/LoRaMacCommands.c:497:24:LoRaMacCommandsStickyCmdsPending	0	static
D:/2.upwork/83.Lora_water_leak/Example_code/en.stm32cubewl_v1-2-0/STM32Cube_FW_WL_V1.2.0/Middlewares/Third_Party/LoRaWAN/Mac/LoRaMacCommands.c:523:9:LoRaMacCommandsGetCmdSize	0	static
