D:/2.upwork/83.Lora_water_leak/Example_code/en.stm32cubewl_v1-2-0/STM32Cube_FW_WL_V1.2.0/Middlewares/Third_Party/LoRaWAN/Mac/Region/RegionCommon.c:234:6:RegionCommonChanVerifyDr	20	static
D:/2.upwork/83.Lora_water_leak/Example_code/en.stm32cubewl_v1-2-0/STM32Cube_FW_WL_V1.2.0/Middlewares/Third_Party/LoRaWAN/Mac/Region/RegionCommon.c:259:9:RegionCommonValueInRange	0	static
D:/2.upwork/83.Lora_water_leak/Example_code/en.stm32cubewl_v1-2-0/STM32Cube_FW_WL_V1.2.0/Middlewares/Third_Party/LoRaWAN/Mac/Region/RegionCommon.c:268:6:RegionCommonChanDisable	8	static
D:/2.upwork/83.Lora_water_leak/Example_code/en.stm32cubewl_v1-2-0/STM32Cube_FW_WL_V1.2.0/Middlewares/Third_Party/LoRaWAN/Mac/Region/RegionCommon.c:283:9:RegionCommonCountChannels	20	static
D:/2.upwork/83.Lora_water_leak/Example_code/en.stm32cubewl_v1-2-0/STM32Cube_FW_WL_V1.2.0/Middlewares/Third_Party/LoRaWAN/Mac/Region/RegionCommon.c:300:6:RegionCommonChanMaskCopy	8	static
D:/2.upwork/83.Lora_water_leak/Example_code/en.stm32cubewl_v1-2-0/STM32Cube_FW_WL_V1.2.0/Middlewares/Third_Party/LoRaWAN/Mac/Region/RegionCommon.c:311:6:RegionCommonSetBandTxDone	12	static
D:/2.upwork/83.Lora_water_leak/Example_code/en.stm32cubewl_v1-2-0/STM32Cube_FW_WL_V1.2.0/Middlewares/Third_Party/LoRaWAN/Mac/Region/RegionCommon.c:329:13:RegionCommonUpdateBandTimeOff	104	static
D:/2.upwork/83.Lora_water_leak/Example_code/en.stm32cubewl_v1-2-0/STM32Cube_FW_WL_V1.2.0/Middlewares/Third_Party/LoRaWAN/Mac/Region/RegionCommon.c:423:9:RegionCommonParseLinkAdrReq	0	static
D:/2.upwork/83.Lora_water_leak/Example_code/en.stm32cubewl_v1-2-0/STM32Cube_FW_WL_V1.2.0/Middlewares/Third_Party/LoRaWAN/Mac/Region/RegionCommon.c:447:9:RegionCommonLinkAdrReqVerifyParams	40	static
D:/2.upwork/83.Lora_water_leak/Example_code/en.stm32cubewl_v1-2-0/STM32Cube_FW_WL_V1.2.0/Middlewares/Third_Party/LoRaWAN/Mac/Region/RegionCommon.c:512:10:RegionCommonComputeSymbolTimeLoRa	0	static
D:/2.upwork/83.Lora_water_leak/Example_code/en.stm32cubewl_v1-2-0/STM32Cube_FW_WL_V1.2.0/Middlewares/Third_Party/LoRaWAN/Mac/Region/RegionCommon.c:517:10:RegionCommonComputeSymbolTimeFsk	0	static
D:/2.upwork/83.Lora_water_leak/Example_code/en.stm32cubewl_v1-2-0/STM32Cube_FW_WL_V1.2.0/Middlewares/Third_Party/LoRaWAN/Mac/Region/RegionCommon.c:522:6:RegionCommonComputeRxWindowParameters	12	static
D:/2.upwork/83.Lora_water_leak/Example_code/en.stm32cubewl_v1-2-0/STM32Cube_FW_WL_V1.2.0/Middlewares/Third_Party/LoRaWAN/Mac/Region/RegionCommon.c:530:8:RegionCommonComputeTxPower	16	static
D:/2.upwork/83.Lora_water_leak/Example_code/en.stm32cubewl_v1-2-0/STM32Cube_FW_WL_V1.2.0/Middlewares/Third_Party/LoRaWAN/Mac/Region/RegionCommon.c:539:6:RegionCommonRxBeaconSetup	64	static
D:/2.upwork/83.Lora_water_leak/Example_code/en.stm32cubewl_v1-2-0/STM32Cube_FW_WL_V1.2.0/Middlewares/Third_Party/LoRaWAN/Mac/Region/RegionCommon.c:570:6:RegionCommonCountNbOfEnabledChannels	48	static
D:/2.upwork/83.Lora_water_leak/Example_code/en.stm32cubewl_v1-2-0/STM32Cube_FW_WL_V1.2.0/Middlewares/Third_Party/LoRaWAN/Mac/Region/RegionCommon.c:613:17:RegionCommonIdentifyChannels	48	static
D:/2.upwork/83.Lora_water_leak/Example_code/en.stm32cubewl_v1-2-0/STM32Cube_FW_WL_V1.2.0/Middlewares/Third_Party/LoRaWAN/Mac/Region/RegionCommon.c:657:8:RegionCommonGetNextLowerTxDr	24	static
D:/2.upwork/83.Lora_water_leak/Example_code/en.stm32cubewl_v1-2-0/STM32Cube_FW_WL_V1.2.0/Middlewares/Third_Party/LoRaWAN/Mac/Region/RegionCommon.c:677:8:RegionCommonLimitTxPower	0	static
D:/2.upwork/83.Lora_water_leak/Example_code/en.stm32cubewl_v1-2-0/STM32Cube_FW_WL_V1.2.0/Middlewares/Third_Party/LoRaWAN/Mac/Region/RegionCommon.c:683:10:RegionCommonGetBandwidth	0	static
D:/2.upwork/83.Lora_water_leak/Example_code/en.stm32cubewl_v1-2-0/STM32Cube_FW_WL_V1.2.0/Middlewares/Third_Party/LoRaWAN/Mac/Region/RegionCommon.c:698:6:RegionCommonRxConfigPrint	24	static
D:/2.upwork/83.Lora_water_leak/Example_code/en.stm32cubewl_v1-2-0/STM32Cube_FW_WL_V1.2.0/Middlewares/Third_Party/LoRaWAN/Mac/Region/RegionCommon.c:710:6:RegionCommonTxConfigPrint	16	static
