D:/2.upwork/83.Lora_water_leak/Example_code/en.stm32cubewl_v1-2-0/STM32Cube_FW_WL_V1.2.0/Middlewares/Third_Party/LoRaWAN/LmHandler/Packages/LmhpCompliance.c:192:13:LmhpComplianceInit	0	static
D:/2.upwork/83.Lora_water_leak/Example_code/en.stm32cubewl_v1-2-0/STM32Cube_FW_WL_V1.2.0/Middlewares/Third_Party/LoRaWAN/LmHandler/Packages/LmhpCompliance.c:208:13:LmhpComplianceIsInitialized	0	static
D:/2.upwork/83.Lora_water_leak/Example_code/en.stm32cubewl_v1-2-0/STM32Cube_FW_WL_V1.2.0/Middlewares/Third_Party/LoRaWAN/LmHandler/Packages/LmhpCompliance.c:213:13:LmhpComplianceIsRunning	0	static
D:/2.upwork/83.Lora_water_leak/Example_code/en.stm32cubewl_v1-2-0/STM32Cube_FW_WL_V1.2.0/Middlewares/Third_Party/LoRaWAN/LmHandler/Packages/LmhpCompliance.c:223:13:LmhpComplianceOnMcpsConfirm	0	static
D:/2.upwork/83.Lora_water_leak/Example_code/en.stm32cubewl_v1-2-0/STM32Cube_FW_WL_V1.2.0/Middlewares/Third_Party/LoRaWAN/LmHandler/Packages/LmhpCompliance.c:239:13:LmhpComplianceOnMlmeConfirm	0	static
D:/2.upwork/83.Lora_water_leak/Example_code/en.stm32cubewl_v1-2-0/STM32Cube_FW_WL_V1.2.0/Middlewares/Third_Party/LoRaWAN/LmHandler/Packages/LmhpCompliance.c:518:13:LmhpComplianceProcess	0	static
D:/2.upwork/83.Lora_water_leak/Example_code/en.stm32cubewl_v1-2-0/STM32Cube_FW_WL_V1.2.0/Middlewares/Third_Party/LoRaWAN/LmHandler/Packages/LmhpCompliance.c:259:31:LmhpComplianceTxProcess	16	static
D:/2.upwork/83.Lora_water_leak/Example_code/en.stm32cubewl_v1-2-0/STM32Cube_FW_WL_V1.2.0/Middlewares/Third_Party/LoRaWAN/LmHandler/Packages/LmhpCompliance.c:308:13:LmhpComplianceOnMcpsIndication	56	static
D:/2.upwork/83.Lora_water_leak/Example_code/en.stm32cubewl_v1-2-0/STM32Cube_FW_WL_V1.2.0/Middlewares/Third_Party/LoRaWAN/LmHandler/Packages/LmhpCompliance.c:523:13:OnComplianceTxNextPacketTimerEvent	8	static
D:/2.upwork/83.Lora_water_leak/Example_code/en.stm32cubewl_v1-2-0/STM32Cube_FW_WL_V1.2.0/Middlewares/Third_Party/LoRaWAN/LmHandler/Packages/LmhpCompliance.c:187:15:LmhpCompliancePackageFactory	0	static
