D:/2.upwork/83.Lora_water_leak/Example_code/en.stm32cubewl_v1-2-0/STM32Cube_FW_WL_V1.2.0/Middlewares/Third_Party/LoRaWAN/LmHandler/NvmDataMgmt.c:59:6:NvmDataMgmtEvent	0	static
D:/2.upwork/83.Lora_water_leak/Example_code/en.stm32cubewl_v1-2-0/STM32Cube_FW_WL_V1.2.0/Middlewares/Third_Party/LoRaWAN/LmHandler/NvmDataMgmt.c:66:9:NvmDataMgmtStoreBegin	8	static
D:/2.upwork/83.Lora_water_leak/Example_code/en.stm32cubewl_v1-2-0/STM32Cube_FW_WL_V1.2.0/Middlewares/Third_Party/LoRaWAN/LmHandler/NvmDataMgmt.c:85:9:NvmDataMgmtStoreEnd	8	static
