D:/2.upwork/83.Lora_water_leak/Example_code/en.stm32cubewl_v1-2-0/STM32Cube_FW_WL_V1.2.0/Middlewares/Third_Party/LoRaWAN/Mac/Region/RegionCN470A20.c:63:9:RegionCN470A20GetBeaconChannelOffset	0	static
D:/2.upwork/83.Lora_water_leak/Example_code/en.stm32cubewl_v1-2-0/STM32Cube_FW_WL_V1.2.0/Middlewares/Third_Party/LoRaWAN/Mac/Region/RegionCN470A20.c:68:9:RegionCN470A20LinkAdrChMaskUpdate	12	static
D:/2.upwork/83.Lora_water_leak/Example_code/en.stm32cubewl_v1-2-0/STM32Cube_FW_WL_V1.2.0/Middlewares/Third_Party/LoRaWAN/Mac/Region/RegionCN470A20.c:114:6:RegionCN470A20VerifyRfFreq	8	static
D:/2.upwork/83.Lora_water_leak/Example_code/en.stm32cubewl_v1-2-0/STM32Cube_FW_WL_V1.2.0/Middlewares/Third_Party/LoRaWAN/Mac/Region/RegionCN470A20.c:126:6:RegionCN470A20InitializeChannels	8	static
D:/2.upwork/83.Lora_water_leak/Example_code/en.stm32cubewl_v1-2-0/STM32Cube_FW_WL_V1.2.0/Middlewares/Third_Party/LoRaWAN/Mac/Region/RegionCN470A20.c:143:6:RegionCN470A20InitializeChannelsMask	0	static
D:/2.upwork/83.Lora_water_leak/Example_code/en.stm32cubewl_v1-2-0/STM32Cube_FW_WL_V1.2.0/Middlewares/Third_Party/LoRaWAN/Mac/Region/RegionCN470A20.c:165:10:RegionCN470A20GetRx1Frequency	0	static
D:/2.upwork/83.Lora_water_leak/Example_code/en.stm32cubewl_v1-2-0/STM32Cube_FW_WL_V1.2.0/Middlewares/Third_Party/LoRaWAN/Mac/Region/RegionCN470A20.c:58:10:RegionCN470A20GetDownlinkFrequency	8	static
D:/2.upwork/83.Lora_water_leak/Example_code/en.stm32cubewl_v1-2-0/STM32Cube_FW_WL_V1.2.0/Middlewares/Third_Party/LoRaWAN/Mac/Region/RegionCN470A20.c:180:10:RegionCN470A20GetRx2Frequency	48	static
