Archive member included to satisfy reference by file (symbol)

c:/st/stm32cubeide_1.12.1/stm32cubeide/plugins/com.st.stm32cube.ide.mcu.externaltools.gnu-tools-for-stm32.10.3-2021.10.win32_1.0.200.202301161003/tools/bin/../lib/gcc/arm-none-eabi/10.3.1/../../../../arm-none-eabi/lib/thumb/v7e-m/nofp\libc_nano.a(lib_a-errno.o)
                              ./Application/User/Core/syscalls.o (__errno)
c:/st/stm32cubeide_1.12.1/stm32cubeide/plugins/com.st.stm32cube.ide.mcu.externaltools.gnu-tools-for-stm32.10.3-2021.10.win32_1.0.200.202301161003/tools/bin/../lib/gcc/arm-none-eabi/10.3.1/../../../../arm-none-eabi/lib/thumb/v7e-m/nofp\libc_nano.a(lib_a-exit.o)
                              c:/st/stm32cubeide_1.12.1/stm32cubeide/plugins/com.st.stm32cube.ide.mcu.externaltools.gnu-tools-for-stm32.10.3-2021.10.win32_1.0.200.202301161003/tools/bin/../lib/gcc/arm-none-eabi/10.3.1/../../../../arm-none-eabi/lib/thumb/v7e-m/nofp/crt0.o (exit)
c:/st/stm32cubeide_1.12.1/stm32cubeide/plugins/com.st.stm32cube.ide.mcu.externaltools.gnu-tools-for-stm32.10.3-2021.10.win32_1.0.200.202301161003/tools/bin/../lib/gcc/arm-none-eabi/10.3.1/../../../../arm-none-eabi/lib/thumb/v7e-m/nofp\libc_nano.a(lib_a-impure.o)
                              c:/st/stm32cubeide_1.12.1/stm32cubeide/plugins/com.st.stm32cube.ide.mcu.externaltools.gnu-tools-for-stm32.10.3-2021.10.win32_1.0.200.202301161003/tools/bin/../lib/gcc/arm-none-eabi/10.3.1/../../../../arm-none-eabi/lib/thumb/v7e-m/nofp\libc_nano.a(lib_a-exit.o) (_global_impure_ptr)
c:/st/stm32cubeide_1.12.1/stm32cubeide/plugins/com.st.stm32cube.ide.mcu.externaltools.gnu-tools-for-stm32.10.3-2021.10.win32_1.0.200.202301161003/tools/bin/../lib/gcc/arm-none-eabi/10.3.1/../../../../arm-none-eabi/lib/thumb/v7e-m/nofp\libc_nano.a(lib_a-init.o)
                              c:/st/stm32cubeide_1.12.1/stm32cubeide/plugins/com.st.stm32cube.ide.mcu.externaltools.gnu-tools-for-stm32.10.3-2021.10.win32_1.0.200.202301161003/tools/bin/../lib/gcc/arm-none-eabi/10.3.1/../../../../arm-none-eabi/lib/thumb/v7e-m/nofp/crt0.o (__libc_init_array)
c:/st/stm32cubeide_1.12.1/stm32cubeide/plugins/com.st.stm32cube.ide.mcu.externaltools.gnu-tools-for-stm32.10.3-2021.10.win32_1.0.200.202301161003/tools/bin/../lib/gcc/arm-none-eabi/10.3.1/../../../../arm-none-eabi/lib/thumb/v7e-m/nofp\libc_nano.a(lib_a-memset.o)
                              c:/st/stm32cubeide_1.12.1/stm32cubeide/plugins/com.st.stm32cube.ide.mcu.externaltools.gnu-tools-for-stm32.10.3-2021.10.win32_1.0.200.202301161003/tools/bin/../lib/gcc/arm-none-eabi/10.3.1/../../../../arm-none-eabi/lib/thumb/v7e-m/nofp/crt0.o (memset)
c:/st/stm32cubeide_1.12.1/stm32cubeide/plugins/com.st.stm32cube.ide.mcu.externaltools.gnu-tools-for-stm32.10.3-2021.10.win32_1.0.200.202301161003/tools/bin/../lib/gcc/arm-none-eabi/10.3.1/../../../../arm-none-eabi/lib/thumb/v7e-m/nofp\libc_nano.a(lib_a-strlen.o)
                              ./Application/User/Core/sys_app.o (strlen)
c:/st/stm32cubeide_1.12.1/stm32cubeide/plugins/com.st.stm32cube.ide.mcu.externaltools.gnu-tools-for-stm32.10.3-2021.10.win32_1.0.200.202301161003/tools/bin/../lib/gcc/arm-none-eabi/10.3.1/../../../../arm-none-eabi/lib/thumb/v7e-m/nofp\libm.a(lib_a-s_floor.o)
                              ./Middlewares/LoRaWAN/RegionCommon.o (floor)
c:/st/stm32cubeide_1.12.1/stm32cubeide/plugins/com.st.stm32cube.ide.mcu.externaltools.gnu-tools-for-stm32.10.3-2021.10.win32_1.0.200.202301161003/tools/bin/../lib/gcc/arm-none-eabi/10.3.1/thumb/v7e-m/nofp\libgcc.a(_arm_muldf3.o)
                              ./Application/User/LoRaWAN/App/hdc1080.o (__aeabi_dmul)
c:/st/stm32cubeide_1.12.1/stm32cubeide/plugins/com.st.stm32cube.ide.mcu.externaltools.gnu-tools-for-stm32.10.3-2021.10.win32_1.0.200.202301161003/tools/bin/../lib/gcc/arm-none-eabi/10.3.1/thumb/v7e-m/nofp\libgcc.a(_arm_mulsf3.o)
                              ./Application/User/LoRaWAN/App/CayenneLpp.o (__aeabi_fmul)
c:/st/stm32cubeide_1.12.1/stm32cubeide/plugins/com.st.stm32cube.ide.mcu.externaltools.gnu-tools-for-stm32.10.3-2021.10.win32_1.0.200.202301161003/tools/bin/../lib/gcc/arm-none-eabi/10.3.1/thumb/v7e-m/nofp\libgcc.a(_arm_addsubdf3.o)
                              ./Application/User/LoRaWAN/App/hdc1080.o (__aeabi_dsub)
c:/st/stm32cubeide_1.12.1/stm32cubeide/plugins/com.st.stm32cube.ide.mcu.externaltools.gnu-tools-for-stm32.10.3-2021.10.win32_1.0.200.202301161003/tools/bin/../lib/gcc/arm-none-eabi/10.3.1/thumb/v7e-m/nofp\libgcc.a(_arm_cmpdf2.o)
                              c:/st/stm32cubeide_1.12.1/stm32cubeide/plugins/com.st.stm32cube.ide.mcu.externaltools.gnu-tools-for-stm32.10.3-2021.10.win32_1.0.200.202301161003/tools/bin/../lib/gcc/arm-none-eabi/10.3.1/../../../../arm-none-eabi/lib/thumb/v7e-m/nofp\libm.a(lib_a-s_floor.o) (__aeabi_dcmpgt)
c:/st/stm32cubeide_1.12.1/stm32cubeide/plugins/com.st.stm32cube.ide.mcu.externaltools.gnu-tools-for-stm32.10.3-2021.10.win32_1.0.200.202301161003/tools/bin/../lib/gcc/arm-none-eabi/10.3.1/thumb/v7e-m/nofp\libgcc.a(_arm_fixdfsi.o)
[...]
Memory Configuration

Name             Origin             Length             Attributes
ROM              0x0000000008000000 0x000000000003f000 xr
USER_Key_region_ROM 0x000000000803e500 0x0000000000000300 xr
RAM1             0x0000000020000000 0x0000000000008000 xrw
NVM_RAM          0x0000000020008000 0x0000000000001000 rw
RAM2             0x0000000020009000 0x0000000000007000 xrw
*default*        0x0000000000000000 0xffffffffffffffff

Linker script and memory map

LOAD c:/st/stm32cubeide_1.12.1/stm32cubeide/plugins/com.st.stm32cube.ide.mcu.externaltools.gnu-tools-for-stm32.10.3-2021.10.win32_1.0.200.202301161003/tools/bin/../lib/gcc/arm-none-eabi/10.3.1/thumb/v7e-m/nofp/crti.o
LOAD c:/st/stm32cubeide_1.12.1/stm32cubeide/plugins/com.st.stm32cube.ide.mcu.externaltools.gnu-tools-for-stm32.10.3-2021.10.win32_1.0.200.202301161003/tools/bin/../lib/gcc/arm-none-eabi/10.3.1/thumb/v7e-m/nofp/crtbegin.o
LOAD c:/st/stm32cubeide_1.12.1/stm32cubeide/plugins/com.st.stm32cube.ide.mcu.externaltools.gnu-tools-for-stm32.10.3-2021.10.win32_1.0.200.202301161003/tools/bin/../lib/gcc/arm-none-eabi/10.3.1/../../../../arm-none-eabi/lib/thumb/v7e-m/nofp/crt0.o
LOAD ./Application/User/Core/adc.o
LOAD ./Application/User/Core/dma.o
LOAD ./Application/User/Core/flash_if.o
LOAD ./Application/User/Core/gpio.o
LOAD ./Application/User/Core/i2c.o
LOAD ./Application/User/Core/main.o
LOAD ./Application/User/Core/rtc.o
LOAD ./Application/User/Core/stm32_lpm_if.o
LOAD ./Application/User/Core/stm32wlxx_hal_msp.o
LOAD ./Application/User/Core/stm32wlxx_it.o
LOAD ./Application/User/Core/subghz.o
LOAD ./Application/User/Core/sys_app.o
LOAD ./Application/User/Core/sys_debug.o
LOAD ./Application/User/Core/sys_sensors.o
LOAD ./Application/User/Core/syscalls.o
LOAD ./Application/User/Core/sysmem.o
LOAD ./Application/User/Core/timer_if.o
LOAD ./Application/User/Core/usart.o
LOAD ./Application/User/Core/usart_if.o
LOAD ./Application/User/LoRaWAN/App/CayenneLpp.o
LOAD ./Application/User/LoRaWAN/App/app_lorawan.o
LOAD ./Application/User/LoRaWAN/App/hdc1080.o
LOAD ./Application/User/LoRaWAN/App/lora_app.o
LOAD ./Application/User/LoRaWAN/App/lora_info.o
LOAD ./Application/User/LoRaWAN/Target/radio_board_if.o
LOAD ./Application/User/Startup/startup_stm32wle5ccux.o
LOAD ./Drivers/BSP/STM32WLxx_Nucleo/stm32wlxx_nucleo.o
LOAD ./Drivers/BSP/STM32WLxx_Nucleo/stm32wlxx_nucleo_radio.o
LOAD ./Drivers/CMSIS/system_stm32wlxx.o
LOAD ./Drivers/STM32WLxx_HAL_Driver/stm32wlxx_hal.o
LOAD ./Drivers/STM32WLxx_HAL_Driver/stm32wlxx_hal_adc.o
LOAD ./Drivers/STM32WLxx_HAL_Driver/stm32wlxx_hal_adc_ex.o
LOAD ./Drivers/STM32WLxx_HAL_Driver/stm32wlxx_hal_cortex.o
LOAD ./Drivers/STM32WLxx_HAL_Driver/stm32wlxx_hal_dma.o
LOAD ./Drivers/STM32WLxx_HAL_Driver/stm32wlxx_hal_dma_ex.o
LOAD ./Drivers/STM32WLxx_HAL_Driver/stm32wlxx_hal_exti.o
LOAD ./Drivers/STM32WLxx_HAL_Driver/stm32wlxx_hal_flash.o
LOAD ./Drivers/STM32WLxx_HAL_Driver/stm32wlxx_hal_flash_ex.o
LOAD ./Drivers/STM32WLxx_HAL_Driver/stm32wlxx_hal_gpio.o
LOAD ./Drivers/STM32WLxx_HAL_Driver/stm32wlxx_hal_i2c.o
LOAD ./Drivers/STM32WLxx_HAL_Driver/stm32wlxx_hal_i2c_ex.o
LOAD ./Drivers/STM32WLxx_HAL_Driver/stm32wlxx_hal_pwr.o
LOAD ./Drivers/STM32WLxx_HAL_Driver/stm32wlxx_hal_pwr_ex.o
LOAD ./Drivers/STM32WLxx_HAL_Driver/stm32wlxx_hal_rcc.o
LOAD ./Drivers/STM32WLxx_HAL_Driver/stm32wlxx_hal_rcc_ex.o
LOAD ./Drivers/STM32WLxx_HAL_Driver/stm32wlxx_hal_rtc.o
LOAD ./Drivers/STM32WLxx_HAL_Driver/stm32wlxx_hal_rtc_ex.o
LOAD ./Drivers/STM32WLxx_HAL_Driver/stm32wlxx_hal_subghz.o
LOAD ./Drivers/STM32WLxx_HAL_Driver/stm32wlxx_hal_tim.o
LOAD ./Drivers/STM32WLxx_HAL_Driver/stm32wlxx_hal_tim_ex.o
LOAD ./Drivers/STM32WLxx_HAL_Driver/stm32wlxx_hal_uart.o
LOAD ./Drivers/STM32WLxx_HAL_Driver/stm32wlxx_hal_uart_ex.o
LOAD ./Drivers/STM32WLxx_HAL_Driver/stm32wlxx_ll_adc.o
LOAD ./Middlewares/LoRaWAN/LmHandler.o
LOAD ./Middlewares/LoRaWAN/LmhpCompliance.o
LOAD ./Middlewares/LoRaWAN/LoRaMac.o
LOAD ./Middlewares/LoRaWAN/LoRaMacAdr.o
LOAD ./Middlewares/LoRaWAN/LoRaMacClassB.o
LOAD ./Middlewares/LoRaWAN/LoRaMacCommands.o
LOAD ./Middlewares/LoRaWAN/LoRaMacConfirmQueue.o
LOAD ./Middlewares/LoRaWAN/LoRaMacCrypto.o
LOAD ./Middlewares/LoRaWAN/LoRaMacParser.o
LOAD ./Middlewares/LoRaWAN/LoRaMacSerializer.o
LOAD ./Middlewares/LoRaWAN/NvmDataMgmt.o
LOAD ./Middlewares/LoRaWAN/Region.o
LOAD ./Middlewares/LoRaWAN/RegionAS923.o
LOAD ./Middlewares/LoRaWAN/RegionAU915.o
LOAD ./Middlewares/LoRaWAN/RegionBaseUS.o
LOAD ./Middlewares/LoRaWAN/RegionCN470.o
LOAD ./Middlewares/LoRaWAN/RegionCN470A20.o
LOAD ./Middlewares/LoRaWAN/RegionCN470A26.o
LOAD ./Middlewares/LoRaWAN/RegionCN470B20.o
LOAD ./Middlewares/LoRaWAN/RegionCN470B26.o
LOAD ./Middlewares/LoRaWAN/RegionCN779.o
LOAD ./Middlewares/LoRaWAN/RegionCommon.o
LOAD ./Middlewares/LoRaWAN/RegionEU433.o
LOAD ./Middlewares/LoRaWAN/RegionEU868.o
LOAD ./Middlewares/LoRaWAN/RegionIN865.o
LOAD ./Middlewares/LoRaWAN/RegionKR920.o
LOAD ./Middlewares/LoRaWAN/RegionRU864.o
LOAD ./Middlewares/LoRaWAN/RegionUS915.o
LOAD ./Middlewares/LoRaWAN/cmac.o
LOAD ./Middlewares/LoRaWAN/lorawan_aes.o
LOAD ./Middlewares/LoRaWAN/soft-se.o
LOAD ./Middlewares/LoRaWAN/utilities.o
LOAD ./Middlewares/SubGHz_Phy/radio.o
LOAD ./Middlewares/SubGHz_Phy/radio_driver.o
LOAD ./Middlewares/SubGHz_Phy/radio_fw.o
LOAD ./Utilities/stm32_adv_trace.o
LOAD ./Utilities/stm32_lpm.o
LOAD ./Utilities/stm32_mem.o
LOAD ./Utilities/stm32_seq.o
LOAD ./Utilities/stm32_systime.o
LOAD ./Utilities/stm32_timer.o
LOAD ./Utilities/stm32_tiny_sscanf.o
LOAD ./Utilities/stm32_tiny_vsnprintf.o
START GROUP
LOAD c:/st/stm32cubeide_1.12.1/stm32cubeide/plugins/com.st.stm32cube.ide.mcu.externaltools.gnu-tools-for-stm32.10.3-2021.10.win32_1.0.200.202301161003/tools/bin/../lib/gcc/arm-none-eabi/10.3.1/../../../../arm-none-eabi/lib/thumb/v7e-m/nofp\libc_nano.a
LOAD c:/st/stm32cubeide_1.12.1/stm32cubeide/plugins/com.st.stm32cube.ide.mcu.externaltools.gnu-tools-for-stm32.10.3-2021.10.win32_1.0.200.202301161003/tools/bin/../lib/gcc/arm-none-eabi/10.3.1/../../../../arm-none-eabi/lib/thumb/v7e-m/nofp\libm.a
END GROUP
START GROUP
LOAD c:/st/stm32cubeide_1.12.1/stm32cubeide/plugins/com.st.stm32cube.ide.mcu.externaltools.gnu-tools-for-stm32.10.3-2021.10.win32_1.0.200.202301161003/tools/bin/../lib/gcc/arm-none-eabi/10.3.1/thumb/v7e-m/nofp\libgcc.a
LOAD c:/st/stm32cubeide_1.12.1/stm32cubeide/plugins/com.st.stm32cube.ide.mcu.externaltools.gnu-tools-for-stm32.10.3-2021.10.win32_1.0.200.202301161003/tools/bin/../lib/gcc/arm-none-eabi/10.3.1/../../../../arm-none-eabi/lib/thumb/v7e-m/nofp\libc_nano.a
END GROUP
START GROUP
LOAD c:/st/stm32cubeide_1.12.1/stm32cubeide/plugins/com.st.stm32cube.ide.mcu.externaltools.gnu-tools-for-stm32.10.3-2021.10.win32_1.0.200.202301161003/tools/bin/../lib/gcc/arm-none-eabi/10.3.1/thumb/v7e-m/nofp\libgcc.a
LOAD c:/st/stm32cubeide_1.12.1/stm32cubeide/plugins/com.st.stm32cube.ide.mcu.externaltools.gnu-tools-for-stm32.10.3-2021.10.win32_1.0.200.202301161003/tools/bin/../lib/gcc/arm-none-eabi/10.3.1/../../../../arm-none-eabi/lib/thumb/v7e-m/nofp\libc_nano.a
LOAD c:/st/stm32cubeide_1.12.1/stm32cubeide/plugins/com.st.stm32cube.ide.mcu.externaltools.gnu-tools-for-stm32.10.3-2021.10.win32_1.0.200.202301161003/tools/bin/../lib/gcc/arm-none-eabi/10.3.1/../../../../arm-none-eabi/lib/thumb/v7e-m/nofp\libnosys.a
END GROUP
START GROUP
LOAD c:/st/stm32cubeide_1.12.1/stm32cubeide/plugins/com.st.stm32cube.ide.mcu.externaltools.gnu-tools-for-stm32.10.3-2021.10.win32_1.0.200.202301161003/tools/bin/../lib/gcc/arm-none-eabi/10.3.1/thumb/v7e-m/nofp\libgcc.a
LOAD c:/st/stm32cubeide_1.12.1/stm32cubeide/plugins/com.st.stm32cube.ide.mcu.externaltools.gnu-tools-for-stm32.10.3-2021.10.win32_1.0.200.202301161003/tools/bin/../lib/gcc/arm-none-eabi/10.3.1/../../../../arm-none-eabi/lib/thumb/v7e-m/nofp\libc_nano.a
LOAD c:/st/stm32cubeide_1.12.1/stm32cubeide/plugins/com.st.stm32cube.ide.mcu.externaltools.gnu-tools-for-stm32.10.3-2021.10.win32_1.0.200.202301161003/tools/bin/../lib/gcc/arm-none-eabi/10.3.1/../../../../arm-none-eabi/lib/thumb/v7e-m/nofp\libnosys.a
END GROUP
LOAD c:/st/stm32cubeide_1.12.1/stm32cubeide/plugins/com.st.stm32cube.ide.mcu.externaltools.gnu-tools-for-stm32.10.3-2021.10.win32_1.0.200.202301161003/tools/bin/../lib/gcc/arm-none-eabi/10.3.1/thumb/v7e-m/nofp/crtend.o
LOAD c:/st/stm32cubeide_1.12.1/stm32cubeide/plugins/com.st.stm32cube.ide.mcu.externaltools.gnu-tools-for-stm32.10.3-2021.10.win32_1.0.200.202301161003/tools/bin/../lib/gcc/arm-none-eabi/10.3.1/thumb/v7e-m/nofp/crtn.o
                0x0000000020008000                _estack = (ORIGIN (RAM1) + LENGTH (RAM1))
                0x0000000000000200                _Min_Heap_Size = 0x200
                0x0000000000000800                _Min_Stack_Size = 0x800

.isr_vector     0x0000000008000000      0x138
                0x0000000008000000                . = ALIGN (0x8)
 *(.isr_vector)
 .isr_vector    0x0000000008000000      0x138 ./Application/User/Startup/startup_stm32wle5ccux.o
                0x0000000008000000                g_pfnVectors
                0x0000000008000138                . = ALIGN (0x8)

.text           0x0000000008000138     0xfb28
                0x0000000008000138                . = ALIGN (0x8)
 *(.text)
 .text          0x0000000008000138       0x40 c:/st/stm32cubeide_1.12.1/stm32cubeide/plugins/com.st.stm32cube.ide.mcu.externaltools.gnu-tools-for-stm32.10.3-2021.10.win32_1.0.200.202301161003/tools/bin/../lib/gcc/arm-none-eabi/10.3.1/thumb/v7e-m/nofp/crtbegin.o
 .text          0x0000000008000178       0x10 c:/st/stm32cubeide_1.12.1/stm32cubeide/plugins/com.st.stm32cube.ide.mcu.externaltools.gnu-tools-for-stm32.10.3-2021.10.win32_1.0.200.202301161003/tools/bin/../lib/gcc/arm-none-eabi/10.3.1/../../../../arm-none-eabi/lib/thumb/v7e-m/nofp\libc_nano.a(lib_a-strlen.o)
                0x0000000008000178                strlen
 .text          0x0000000008000188      0x254 c:/st/stm32cubeide_1.12.1/stm32cubeide/plugins/com.st.stm32cube.ide.mcu.externaltools.gnu-tools-for-stm32.10.3-2021.10.win32_1.0.200.202301161003/tools/bin/../lib/gcc/arm-none-eabi/10.3.1/thumb/v7e-m/nofp\libgcc.a(_arm_muldf3.o)
                0x0000000008000188                __muldf3
                0x0000000008000188                __aeabi_dmul
 .text          0x00000000080003dc      0x168 c:/st/stm32cubeide_1.12.1/stm32cubeide/plugins/com.st.stm32cube.ide.mcu.externaltools.gnu-tools-for-stm32.10.3-2021.10.win32_1.0.200.202301161003/tools/bin/../lib/gcc/arm-none-eabi/10.3.1/thumb/v7e-m/nofp\libgcc.a(_arm_mulsf3.o)
                0x00000000080003dc                __aeabi_fmul
                0x00000000080003dc                __mulsf3
 .text          0x0000000008000544      0x378 c:/st/stm32cubeide_1.12.1/stm32cubeide/plugins/com.st.stm32cube.ide.mcu.externaltools.gnu-tools-for-stm32.10.3-2021.10.win32_1.0.200.202301161003/tools/bin/../lib/gcc/arm-none-eabi/10.3.1/thumb/v7e-m/nofp\libgcc.a(_arm_addsubdf3.o)
                0x0000000008000544                __aeabi_drsub
                0x000000000800054c                __aeabi_dsub
                0x000000000800054c                __subdf3
                0x0000000008000550                __aeabi_dadd
                0x0000000008000550                __adddf3
                0x00000000080007c8                __floatunsidf
                0x00000000080007c8                __aeabi_ui2d
                0x00000000080007e8                __floatsidf
                0x00000000080007e8                __aeabi_i2d
                0x000000000800080c                __aeabi_f2d
                0x000000000800080c                __extendsfdf2
                0x0000000008000850                __floatundidf
                0x0000000008000850                __aeabi_ul2d
                0x0000000008000860                __floatdidf
                0x0000000008000860                __aeabi_l2d
 .text          0x00000000080008bc      0x110 c:/st/stm32cubeide_1.12.1/stm32cubeide/plugins/com.st.stm32cube.ide.mcu.externaltools.gnu-tools-for-stm32.10.3-2021.10.win32_1.0.200.202301161003/tools/bin/../lib/gcc/arm-none-eabi/10.3.1/thumb/v7e-m/nofp\libgcc.a(_arm_cmpdf2.o)
                0x00000000080008bc                __gtdf2
                0x00000000080008bc                __gedf2
                0x00000000080008c4                __ltdf2
                0x00000000080008c4                __ledf2
                0x00000000080008cc                __nedf2
                0x00000000080008cc                __eqdf2
                0x00000000080008cc                __cmpdf2
                0x0000000008000948                __aeabi_cdrcmple
                0x0000000008000958                __aeabi_cdcmpeq
                0x0000000008000958                __aeabi_cdcmple
                0x0000000008000968                __aeabi_dcmpeq
                0x000000000800097c                __aeabi_dcmplt
                0x0000000008000990                __aeabi_dcmple
                0x00000000080009a4                __aeabi_dcmpge
                0x00000000080009b8                __aeabi_dcmpgt
 .text          0x00000000080009cc       0x50 c:/st/stm32cubeide_1.12.1/stm32cubeide/plugins/com.st.stm32cube.ide.mcu.externaltools.gnu-tools-for-stm32.10.3-2021.10.win32_1.0.200.202301161003/tools/bin/../lib/gcc/arm-none-eabi/10.3.1/thumb/v7e-m/nofp\libgcc.a(_arm_fixdfsi.o)
                0x00000000080009cc                __aeabi_d2iz
                0x00000000080009cc                __fixdfsi
 .text          0x0000000008000a1c       0x40 c:/st/stm32cubeide_1.12.1/stm32cubeide/plugins/com.st.stm32cube.ide.mcu.externaltools.gnu-tools-for-stm32.10.3-2021.10.win32_1.0.200.202301161003/tools/bin/../lib/gcc/arm-none-eabi/10.3.1/thumb/v7e-m/nofp\libgcc.a(_arm_fixunsdfsi.o)
                0x0000000008000a1c                __aeabi_d2uiz
                0x0000000008000a1c                __fixunsdfsi
 .text          0x0000000008000a5c       0xa0 c:/st/stm32cubeide_1.12.1/stm32cubeide/plugins/com.st.stm32cube.ide.mcu.externaltools.gnu-tools-for-stm32.10.3-2021.10.win32_1.0.200.202301161003/tools/bin/../lib/gcc/arm-none-eabi/10.3.1/thumb/v7e-m/nofp\libgcc.a(_arm_truncdfsf2.o)
                0x0000000008000a5c                __truncdfsf2
                0x0000000008000a5c                __aeabi_d2f
 .text          0x0000000008000afc      0x21c c:/st/stm32cubeide_1.12.1/stm32cubeide/plugins/com.st.stm32cube.ide.mcu.externaltools.gnu-tools-for-stm32.10.3-2021.10.win32_1.0.200.202301161003/tools/bin/../lib/gcc/arm-none-eabi/10.3.1/thumb/v7e-m/nofp\libgcc.a(_arm_addsubsf3.o)
                0x0000000008000afc                __aeabi_frsub
                0x0000000008000b04                __subsf3
                0x0000000008000b04                __aeabi_fsub
                0x0000000008000b08                __aeabi_fadd
                0x0000000008000b08                __addsf3
                0x0000000008000c68                __aeabi_ui2f
                0x0000000008000c68                __floatunsisf
                0x0000000008000c70                __aeabi_i2f
                0x0000000008000c70                __floatsisf
                0x0000000008000c8c                __aeabi_ul2f
                0x0000000008000c8c                __floatundisf
                0x0000000008000c9c                __aeabi_l2f
                0x0000000008000c9c                __floatdisf
 .text          0x0000000008000d18       0x4c c:/st/stm32cubeide_1.12.1/stm32cubeide/plugins/com.st.stm32cube.ide.mcu.externaltools.gnu-tools-for-stm32.10.3-2021.10.win32_1.0.200.202301161003/tools/bin/../lib/gcc/arm-none-eabi/10.3.1/thumb/v7e-m/nofp\libgcc.a(_arm_fixsfsi.o)
                0x0000000008000d18                __aeabi_f2iz
                0x0000000008000d18                __fixsfsi
 .text          0x0000000008000d64       0x30 c:/st/stm32cubeide_1.12.1/stm32cubeide/plugins/com.st.stm32cube.ide.mcu.externaltools.gnu-tools-for-stm32.10.3-2021.10.win32_1.0.200.202301161003/tools/bin/../lib/gcc/arm-none-eabi/10.3.1/thumb/v7e-m/nofp\libgcc.a(_aeabi_uldivmod.o)
                0x0000000008000d64                __aeabi_uldivmod
 .text          0x0000000008000d94      0x2d0 c:/st/stm32cubeide_1.12.1/stm32cubeide/plugins/com.st.stm32cube.ide.mcu.externaltools.gnu-tools-for-stm32.10.3-2021.10.win32_1.0.200.202301161003/tools/bin/../lib/gcc/arm-none-eabi/10.3.1/thumb/v7e-m/nofp\libgcc.a(_udivmoddi4.o)
                0x0000000008000d94                __udivmoddi4
 .text          0x0000000008001064        0x4 c:/st/stm32cubeide_1.12.1/stm32cubeide/plugins/com.st.stm32cube.ide.mcu.externaltools.gnu-tools-for-stm32.10.3-2021.10.win32_1.0.200.202301161003/tools/bin/../lib/gcc/arm-none-eabi/10.3.1/thumb/v7e-m/nofp\libgcc.a(_dvmd_tls.o)
                0x0000000008001064                __aeabi_idiv0
                0x0000000008001064                __aeabi_ldiv0
 *(.text*)
 .text.MX_DMA_Init
                0x0000000008001068       0x40 ./Application/User/Core/dma.o
                0x0000000008001068                MX_DMA_Init
 .text.FLASH_IF_INT_Clear_Error
                0x00000000080010a8       0x2c ./Application/User/Core/flash_if.o
 .text.FLASH_IF_INT_Erase
                0x00000000080010d4       0x90 ./Application/User/Core/flash_if.o
 .text.FLASH_IF_Write
                0x0000000008001164      0x1bc ./Application/User/Core/flash_if.o
                0x0000000008001164                FLASH_IF_Write
 .text.FLASH_IF_Read
                0x0000000008001320       0x40 ./Application/User/Core/flash_if.o
                0x0000000008001320                FLASH_IF_Read
 .text.FLASH_IF_Erase
                0x0000000008001360       0x34 ./Application/User/Core/flash_if.o
                0x0000000008001360                FLASH_IF_Erase
 .text.LL_AHB2_GRP1_EnableClock
                0x0000000008001394       0x18 ./Application/User/Core/gpio.o
 .text.MX_GPIO_Init
                0x00000000080013ac       0x9c ./Application/User/Core/gpio.o
                0x00000000080013ac                MX_GPIO_Init
 .text.MX_I2C2_Init
                0x0000000008001448       0x58 ./Application/User/Core/i2c.o
                0x0000000008001448                MX_I2C2_Init
 .text.HAL_I2C_MspInit
                0x00000000080014a0       0x98 ./Application/User/Core/i2c.o
                0x00000000080014a0                HAL_I2C_MspInit
 .text.SystemClock_Config
                0x0000000008001538       0x8c ./Application/User/Core/main.o
                0x0000000008001538                SystemClock_Config
 .text.startup.main
                0x00000000080015c4       0x1c ./Application/User/Core/main.o
                0x00000000080015c4                main
 .text.Error_Handler
                0x00000000080015e0        0x4 ./Application/User/Core/main.o
                0x00000000080015e0                Error_Handler
 .text.MX_RTC_Init
                0x00000000080015e4       0x74 ./Application/User/Core/rtc.o
                0x00000000080015e4                MX_RTC_Init
 .text.HAL_RTC_MspInit
                0x0000000008001658       0x7c ./Application/User/Core/rtc.o
                0x0000000008001658                HAL_RTC_MspInit
 .text.PWR_EnterOffMode
                0x00000000080016d4        0x2 ./Application/User/Core/stm32_lpm_if.o
                0x00000000080016d4                PWR_EnterOffMode
 *fill*         0x00000000080016d6        0x2 
 .text.PWR_EnterStopMode
                0x00000000080016d8       0x1c ./Application/User/Core/stm32_lpm_if.o
                0x00000000080016d8                PWR_EnterStopMode
 .text.PWR_ExitSleepMode
                0x00000000080016f4        0x4 ./Application/User/Core/stm32_lpm_if.o
                0x00000000080016f4                PWR_ExitSleepMode
 .text.PWR_ExitStopMode
                0x00000000080016f8        0xe ./Application/User/Core/stm32_lpm_if.o
                0x00000000080016f8                PWR_ExitStopMode
 .text.PWR_EnterSleepMode
                0x0000000008001706       0x12 ./Application/User/Core/stm32_lpm_if.o
                0x0000000008001706                PWR_EnterSleepMode
 .text.PWR_ExitOffMode
                0x0000000008001718        0x2 ./Application/User/Core/stm32_lpm_if.o
                0x0000000008001718                PWR_ExitOffMode
 .text.HAL_MspInit
                0x000000000800171a        0x2 ./Application/User/Core/stm32wlxx_hal_msp.o
                0x000000000800171a                HAL_MspInit
 .text.NMI_Handler
                0x000000000800171c        0x2 ./Application/User/Core/stm32wlxx_it.o
                0x000000000800171c                NMI_Handler
 .text.HardFault_Handler
                0x000000000800171e        0x2 ./Application/User/Core/stm32wlxx_it.o
                0x000000000800171e                HardFault_Handler
 .text.MemManage_Handler
                0x0000000008001720        0x2 ./Application/User/Core/stm32wlxx_it.o
                0x0000000008001720                MemManage_Handler
 .text.BusFault_Handler
                0x0000000008001722        0x2 ./Application/User/Core/stm32wlxx_it.o
                0x0000000008001722                BusFault_Handler
 .text.UsageFault_Handler
                0x0000000008001724        0x2 ./Application/User/Core/stm32wlxx_it.o
                0x0000000008001724                UsageFault_Handler
 .text.SVC_Handler
                0x0000000008001726        0x2 ./Application/User/Core/stm32wlxx_it.o
                0x0000000008001726                SVC_Handler
 .text.DebugMon_Handler
                0x0000000008001728        0x2 ./Application/User/Core/stm32wlxx_it.o
                0x0000000008001728                DebugMon_Handler
 .text.PendSV_Handler
                0x000000000800172a        0x2 ./Application/User/Core/stm32wlxx_it.o
                0x000000000800172a                PendSV_Handler
 .text.SysTick_Handler
                0x000000000800172c        0x2 ./Application/User/Core/stm32wlxx_it.o
                0x000000000800172c                SysTick_Handler
 *fill*         0x000000000800172e        0x2 
 .text.TAMP_STAMP_LSECSS_SSRU_IRQHandler
                0x0000000008001730        0xc ./Application/User/Core/stm32wlxx_it.o
                0x0000000008001730                TAMP_STAMP_LSECSS_SSRU_IRQHandler
 .text.DMA1_Channel5_IRQHandler
                0x000000000800173c        0xc ./Application/User/Core/stm32wlxx_it.o
                0x000000000800173c                DMA1_Channel5_IRQHandler
 .text.I2C2_EV_IRQHandler
                0x0000000008001748        0xc ./Application/User/Core/stm32wlxx_it.o
                0x0000000008001748                I2C2_EV_IRQHandler
 .text.USART2_IRQHandler
                0x0000000008001754        0xc ./Application/User/Core/stm32wlxx_it.o
                0x0000000008001754                USART2_IRQHandler
 .text.USART1_IRQHandler
                0x0000000008001760        0xc ./Application/User/Core/stm32wlxx_it.o
                0x0000000008001760                USART1_IRQHandler
 .text.RTC_Alarm_IRQHandler
                0x000000000800176c        0xc ./Application/User/Core/stm32wlxx_it.o
                0x000000000800176c                RTC_Alarm_IRQHandler
 .text.SUBGHZ_Radio_IRQHandler
                0x0000000008001778        0xc ./Application/User/Core/stm32wlxx_it.o
                0x0000000008001778                SUBGHZ_Radio_IRQHandler
 .text.MX_SUBGHZ_Init
                0x0000000008001784       0x1c ./Application/User/Core/subghz.o
                0x0000000008001784                MX_SUBGHZ_Init
 .text.HAL_SUBGHZ_MspInit
                0x00000000080017a0       0x2e ./Application/User/Core/subghz.o
                0x00000000080017a0                HAL_SUBGHZ_MspInit
 *fill*         0x00000000080017ce        0x2 
 .text.tiny_snprintf_like.constprop.0
                0x00000000080017d0       0x20 ./Application/User/Core/sys_app.o
 .text.TimestampNow
                0x00000000080017f0       0x30 ./Application/User/Core/sys_app.o
 .text.SystemApp_Init
                0x0000000008001820       0x58 ./Application/User/Core/sys_app.o
                0x0000000008001820                SystemApp_Init
 .text.UTIL_SEQ_Idle
                0x0000000008001878        0x4 ./Application/User/Core/sys_app.o
                0x0000000008001878                UTIL_SEQ_Idle
 .text.GetBatteryLevel
                0x000000000800187c        0x4 ./Application/User/Core/sys_app.o
                0x000000000800187c                GetBatteryLevel
 .text.GetTemperatureLevel
                0x0000000008001880       0x16 ./Application/User/Core/sys_app.o
                0x0000000008001880                GetTemperatureLevel
 *fill*         0x0000000008001896        0x2 
 .text.GetUniqueId
                0x0000000008001898       0x68 ./Application/User/Core/sys_app.o
                0x0000000008001898                GetUniqueId
 .text.GetDevAddr
                0x0000000008001900       0x2c ./Application/User/Core/sys_app.o
                0x0000000008001900                GetDevAddr
 .text.UTIL_ADV_TRACE_PreSendHook
                0x000000000800192c        0x8 ./Application/User/Core/sys_app.o
                0x000000000800192c                UTIL_ADV_TRACE_PreSendHook
 .text.UTIL_ADV_TRACE_PostSendHook
                0x0000000008001934        0x8 ./Application/User/Core/sys_app.o
                0x0000000008001934                UTIL_ADV_TRACE_PostSendHook
 .text.HAL_InitTick
                0x000000000800193c        0x4 ./Application/User/Core/sys_app.o
                0x000000000800193c                HAL_InitTick
 .text.HAL_GetTick
                0x0000000008001940       0x10 ./Application/User/Core/sys_app.o
                0x0000000008001940                HAL_GetTick
 .text.HAL_Delay
                0x0000000008001950        0xc ./Application/User/Core/sys_app.o
                0x0000000008001950                HAL_Delay
 .text.DBG_Init
                0x000000000800195c       0x80 ./Application/User/Core/sys_debug.o
                0x000000000800195c                DBG_Init
 .text.EnvSensors_Read
                0x00000000080019dc       0x2c ./Application/User/Core/sys_sensors.o
                0x00000000080019dc                EnvSensors_Read
 .text.TIMER_IF_GetTimerContext
                0x0000000008001a08        0xc ./Application/User/Core/timer_if.o
                0x0000000008001a08                TIMER_IF_GetTimerContext
 .text.TIMER_IF_GetMinimumTimeout
                0x0000000008001a14        0x4 ./Application/User/Core/timer_if.o
                0x0000000008001a14                TIMER_IF_GetMinimumTimeout
 .text.TIMER_IF_Convert_ms2Tick
                0x0000000008001a18       0x14 ./Application/User/Core/timer_if.o
                0x0000000008001a18                TIMER_IF_Convert_ms2Tick
 .text.TIMER_IF_Convert_Tick2ms
                0x0000000008001a2c       0x10 ./Application/User/Core/timer_if.o
                0x0000000008001a2c                TIMER_IF_Convert_Tick2ms
 .text.GetTimerTicks
                0x0000000008001a3c       0x14 ./Application/User/Core/timer_if.o
 .text.TIMER_IF_SetTimerContext
                0x0000000008001a50       0x10 ./Application/User/Core/timer_if.o
                0x0000000008001a50                TIMER_IF_SetTimerContext
 .text.TIMER_IF_GetTimerElapsedTime
                0x0000000008001a60       0x14 ./Application/User/Core/timer_if.o
                0x0000000008001a60                TIMER_IF_GetTimerElapsedTime
 .text.TIMER_IF_GetTimerValue
                0x0000000008001a74       0x10 ./Application/User/Core/timer_if.o
                0x0000000008001a74                TIMER_IF_GetTimerValue
 .text.TIMER_IF_StopTimer
                0x0000000008001a84       0x28 ./Application/User/Core/timer_if.o
                0x0000000008001a84                TIMER_IF_StopTimer
 .text.TIMER_IF_BkUp_Write_Seconds
                0x0000000008001aac       0x10 ./Application/User/Core/timer_if.o
                0x0000000008001aac                TIMER_IF_BkUp_Write_Seconds
 .text.TIMER_IF_BkUp_Write_SubSeconds
                0x0000000008001abc       0x10 ./Application/User/Core/timer_if.o
                0x0000000008001abc                TIMER_IF_BkUp_Write_SubSeconds
 .text.TIMER_IF_StartTimer
                0x0000000008001acc       0x50 ./Application/User/Core/timer_if.o
                0x0000000008001acc                TIMER_IF_StartTimer
 .text.TIMER_IF_GetTime
                0x0000000008001b1c       0x30 ./Application/User/Core/timer_if.o
                0x0000000008001b1c                TIMER_IF_GetTime
 .text.TIMER_IF_BkUp_Read_Seconds
                0x0000000008001b4c        0xc ./Application/User/Core/timer_if.o
                0x0000000008001b4c                TIMER_IF_BkUp_Read_Seconds
 .text.TIMER_IF_BkUp_Read_SubSeconds
                0x0000000008001b58        0xc ./Application/User/Core/timer_if.o
                0x0000000008001b58                TIMER_IF_BkUp_Read_SubSeconds
 .text.TIMER_IF_Init
                0x0000000008001b64       0x48 ./Application/User/Core/timer_if.o
                0x0000000008001b64                TIMER_IF_Init
 .text.TIMER_IF_DelayMs
                0x0000000008001bac       0x2a ./Application/User/Core/timer_if.o
                0x0000000008001bac                TIMER_IF_DelayMs
 .text.HAL_RTC_AlarmAEventCallback
                0x0000000008001bd6        0x4 ./Application/User/Core/timer_if.o
                0x0000000008001bd6                HAL_RTC_AlarmAEventCallback
 *fill*         0x0000000008001bda        0x2 
 .text.HAL_RTCEx_SSRUEventCallback
                0x0000000008001bdc       0x20 ./Application/User/Core/timer_if.o
                0x0000000008001bdc                HAL_RTCEx_SSRUEventCallback
 .text.HAL_UART_MspInit
                0x0000000008001bfc       0xdc ./Application/User/Core/usart.o
                0x0000000008001bfc                HAL_UART_MspInit
 .text.HAL_UART_MspDeInit
                0x0000000008001cd8       0x64 ./Application/User/Core/usart.o
                0x0000000008001cd8                HAL_UART_MspDeInit
 .text.MX_USART1_UART_Init
                0x0000000008001d3c       0x64 ./Application/User/Core/usart.o
                0x0000000008001d3c                MX_USART1_UART_Init
 .text.vcom_Trace_DMA
                0x0000000008001da0       0x14 ./Application/User/Core/usart_if.o
                0x0000000008001da0                vcom_Trace_DMA
 .text.vcom_ReceiveInit
                0x0000000008001db4       0x54 ./Application/User/Core/usart_if.o
                0x0000000008001db4                vcom_ReceiveInit
 .text.vcom_Init
                0x0000000008001e08       0x28 ./Application/User/Core/usart_if.o
                0x0000000008001e08                vcom_Init
 .text.vcom_DeInit
                0x0000000008001e30       0x2c ./Application/User/Core/usart_if.o
                0x0000000008001e30                vcom_DeInit
 .text.vcom_Resume
                0x0000000008001e5c       0x28 ./Application/User/Core/usart_if.o
                0x0000000008001e5c                vcom_Resume
 .text.HAL_UART_TxCpltCallback
                0x0000000008001e84       0x1c ./Application/User/Core/usart_if.o
                0x0000000008001e84                HAL_UART_TxCpltCallback
 .text.HAL_UART_RxCpltCallback
                0x0000000008001ea0       0x3c ./Application/User/Core/usart_if.o
                0x0000000008001ea0                HAL_UART_RxCpltCallback
 .text.MX_LoRaWAN_Init
                0x0000000008001edc        0xe ./Application/User/LoRaWAN/App/app_lorawan.o
                0x0000000008001edc                MX_LoRaWAN_Init
 .text.MX_LoRaWAN_Process
                0x0000000008001eea        0x8 ./Application/User/LoRaWAN/App/app_lorawan.o
                0x0000000008001eea                MX_LoRaWAN_Process
 .text.hdc1080_enable_bootstrap
                0x0000000008001ef2        0xc ./Application/User/LoRaWAN/App/hdc1080.o
                0x0000000008001ef2                hdc1080_enable_bootstrap
 *fill*         0x0000000008001efe        0x2 
 .text.hdc1080_init
                0x0000000008001f00       0x6c ./Application/User/LoRaWAN/App/hdc1080.o
                0x0000000008001f00                hdc1080_init
 *fill*         0x0000000008001f6c        0x4 
 .text.hdc1080_event_read
                0x0000000008001f70       0xc0 ./Application/User/LoRaWAN/App/hdc1080.o
                0x0000000008001f70                hdc1080_event_read
 .text.OnRxTimerLedEvent
                0x0000000008002030        0x2 ./Application/User/LoRaWAN/App/lora_app.o
 .text.OnSysTimeUpdate
                0x0000000008002032        0x2 ./Application/User/LoRaWAN/App/lora_app.o
 .text.OnTxFrameCtrlChanged
                0x0000000008002034        0xc ./Application/User/LoRaWAN/App/lora_app.o
 .text.OnPingSlotPeriodicityChanged
                0x0000000008002040        0xc ./Application/User/LoRaWAN/App/lora_app.o
 .text.OnClassChange
                0x000000000800204c       0x24 ./Application/User/LoRaWAN/App/lora_app.o
 .text.OnTxTimerEvent
                0x0000000008002070       0x18 ./Application/User/LoRaWAN/App/lora_app.o
 .text.OnMacProcessNotify
                0x0000000008002088        0x8 ./Application/User/LoRaWAN/App/lora_app.o
 .text.OnTxPeriodicityChanged
                0x0000000008002090       0x30 ./Application/User/LoRaWAN/App/lora_app.o
 .text.OnStopJoinTimerEvent
                0x00000000080020c0       0x38 ./Application/User/LoRaWAN/App/lora_app.o
 .text.OnTxTimerLedEvent
                0x00000000080020f8        0xe ./Application/User/LoRaWAN/App/lora_app.o
 *fill*         0x0000000008002106        0x2 
 .text.OnStoreContextRequest
                0x0000000008002108       0x28 ./Application/User/LoRaWAN/App/lora_app.o
 .text.OnRestoreContextRequest
                0x0000000008002130        0xc ./Application/User/LoRaWAN/App/lora_app.o
 .text.StopJoin
                0x000000000800213c       0x90 ./Application/User/LoRaWAN/App/lora_app.o
 .text.SendTxData
                0x00000000080021cc      0x178 ./Application/User/LoRaWAN/App/lora_app.o
 .text.OnJoinTimerLedEvent
                0x0000000008002344        0xc ./Application/User/LoRaWAN/App/lora_app.o
 .text.OnBeaconStatusChange
                0x0000000008002350       0x7c ./Application/User/LoRaWAN/App/lora_app.o
 .text.OnNvmDataChange
                0x00000000080023cc       0x1c ./Application/User/LoRaWAN/App/lora_app.o
 .text.OnSystemReset
                0x00000000080023e8       0x34 ./Application/User/LoRaWAN/App/lora_app.o
 .text.OnJoinRequest
                0x000000000800241c       0x50 ./Application/User/LoRaWAN/App/lora_app.o
 .text.OnTxData
                0x000000000800246c       0xb0 ./Application/User/LoRaWAN/App/lora_app.o
 .text.OnRxData
                0x000000000800251c       0xb8 ./Application/User/LoRaWAN/App/lora_app.o
 .text.StoreContext
                0x00000000080025d4       0x30 ./Application/User/LoRaWAN/App/lora_app.o
 .text.LoRaWAN_Init
                0x0000000008002604      0x1a4 ./Application/User/LoRaWAN/App/lora_app.o
                0x0000000008002604                LoRaWAN_Init
 .text.LoraInfo_Init
                0x00000000080027a8       0x18 ./Application/User/LoRaWAN/App/lora_info.o
                0x00000000080027a8                LoraInfo_Init
 .text.LoraInfo_GetPtr
                0x00000000080027c0        0x8 ./Application/User/LoRaWAN/App/lora_info.o
                0x00000000080027c0                LoraInfo_GetPtr
 .text.LL_AHB2_GRP1_EnableClock
                0x00000000080027c8       0x18 ./Application/User/LoRaWAN/Target/radio_board_if.o
 .text.RBI_Init
                0x00000000080027e0       0x70 ./Application/User/LoRaWAN/Target/radio_board_if.o
                0x00000000080027e0                RBI_Init
 .text.RBI_ConfigRFSwitch
                0x0000000008002850       0x44 ./Application/User/LoRaWAN/Target/radio_board_if.o
                0x0000000008002850                RBI_ConfigRFSwitch
 .text.RBI_GetTxConfig
                0x0000000008002894        0x4 ./Application/User/LoRaWAN/Target/radio_board_if.o
                0x0000000008002894                RBI_GetTxConfig
 .text.RBI_IsTCXO
                0x0000000008002898        0x4 ./Application/User/LoRaWAN/Target/radio_board_if.o
                0x0000000008002898                RBI_IsTCXO
 .text.RBI_IsDCDC
                0x000000000800289c        0x4 ./Application/User/LoRaWAN/Target/radio_board_if.o
                0x000000000800289c                RBI_IsDCDC
 .text.RBI_GetRFOMaxPowerConfig
                0x00000000080028a0        0xa ./Application/User/LoRaWAN/Target/radio_board_if.o
                0x00000000080028a0                RBI_GetRFOMaxPowerConfig
 *fill*         0x00000000080028aa        0x2 
 .text.Reset_Handler
                0x00000000080028ac       0x50 ./Application/User/Startup/startup_stm32wle5ccux.o
                0x00000000080028ac                Reset_Handler
 .text.Default_Handler
                0x00000000080028fc        0x2 ./Application/User/Startup/startup_stm32wle5ccux.o
                0x00000000080028fc                EXTI2_IRQHandler
                0x00000000080028fc                TIM1_CC_IRQHandler
                0x00000000080028fc                EXTI3_IRQHandler
                0x00000000080028fc                LPTIM2_IRQHandler
                0x00000000080028fc                I2C3_ER_IRQHandler
                0x00000000080028fc                LPTIM3_IRQHandler
                0x00000000080028fc                EXTI0_IRQHandler
                0x00000000080028fc                SPI1_IRQHandler
                0x00000000080028fc                DMA2_Channel2_IRQHandler
                0x00000000080028fc                DMA1_Channel4_IRQHandler
                0x00000000080028fc                PKA_IRQHandler
                0x00000000080028fc                TIM17_IRQHandler
                0x00000000080028fc                DMA1_Channel7_IRQHandler
                0x00000000080028fc                SUBGHZSPI_IRQHandler
                0x00000000080028fc                DMA2_Channel1_IRQHandler
                0x00000000080028fc                I2C1_EV_IRQHandler
                0x00000000080028fc                DMAMUX1_OVR_IRQHandler
                0x00000000080028fc                DMA1_Channel6_IRQHandler
                0x00000000080028fc                TIM16_IRQHandler
                0x00000000080028fc                DMA2_Channel4_IRQHandler
                0x00000000080028fc                RCC_IRQHandler
                0x00000000080028fc                TIM1_TRG_COM_IRQHandler
                0x00000000080028fc                DMA1_Channel1_IRQHandler
                0x00000000080028fc                Default_Handler
                0x00000000080028fc                DMA2_Channel7_IRQHandler
                0x00000000080028fc                EXTI15_10_IRQHandler
                0x00000000080028fc                ADC_IRQHandler
                0x00000000080028fc                I2C3_EV_IRQHandler
                0x00000000080028fc                EXTI9_5_IRQHandler
                0x00000000080028fc                RTC_WKUP_IRQHandler
                0x00000000080028fc                PVD_PVM_IRQHandler
                0x00000000080028fc                SPI2_IRQHandler
                0x00000000080028fc                DMA2_Channel5_IRQHandler
                0x00000000080028fc                EXTI4_IRQHandler
                0x00000000080028fc                RNG_IRQHandler
                0x00000000080028fc                DMA1_Channel3_IRQHandler
                0x00000000080028fc                COMP_IRQHandler
                0x00000000080028fc                HSEM_IRQHandler
                0x00000000080028fc                TIM1_UP_IRQHandler
                0x00000000080028fc                WWDG_IRQHandler
                0x00000000080028fc                LPUART1_IRQHandler
                0x00000000080028fc                DMA2_Channel6_IRQHandler
                0x00000000080028fc                TIM2_IRQHandler
                0x00000000080028fc                TIM1_BRK_IRQHandler
                0x00000000080028fc                DAC_IRQHandler
                0x00000000080028fc                EXTI1_IRQHandler
                0x00000000080028fc                AES_IRQHandler
                0x00000000080028fc                I2C2_ER_IRQHandler
                0x00000000080028fc                DMA1_Channel2_IRQHandler
                0x00000000080028fc                FLASH_IRQHandler
                0x00000000080028fc                I2C1_ER_IRQHandler
                0x00000000080028fc                LPTIM1_IRQHandler
                0x00000000080028fc                DMA2_Channel3_IRQHandler
 .text.SystemInit
                0x00000000080028fe        0x2 ./Drivers/CMSIS/system_stm32wlxx.o
                0x00000000080028fe                SystemInit
 .text.HAL_Init
                0x0000000008002900       0x2c ./Drivers/STM32WLxx_HAL_Driver/stm32wlxx_hal.o
                0x0000000008002900                HAL_Init
 .text.HAL_SuspendTick
                0x000000000800292c        0xe ./Drivers/STM32WLxx_HAL_Driver/stm32wlxx_hal.o
                0x000000000800292c                HAL_SuspendTick
 .text.HAL_ResumeTick
                0x000000000800293a        0xe ./Drivers/STM32WLxx_HAL_Driver/stm32wlxx_hal.o
                0x000000000800293a                HAL_ResumeTick
 .text.HAL_GetUIDw0
                0x0000000008002948        0xc ./Drivers/STM32WLxx_HAL_Driver/stm32wlxx_hal.o
                0x0000000008002948                HAL_GetUIDw0
 .text.HAL_GetUIDw1
                0x0000000008002954        0xc ./Drivers/STM32WLxx_HAL_Driver/stm32wlxx_hal.o
                0x0000000008002954                HAL_GetUIDw1
 .text.HAL_GetUIDw2
                0x0000000008002960        0xc ./Drivers/STM32WLxx_HAL_Driver/stm32wlxx_hal.o
                0x0000000008002960                HAL_GetUIDw2
 .text.HAL_DBGMCU_DisableDBGSleepMode
                0x000000000800296c       0x10 ./Drivers/STM32WLxx_HAL_Driver/stm32wlxx_hal.o
                0x000000000800296c                HAL_DBGMCU_DisableDBGSleepMode
 .text.HAL_DBGMCU_DisableDBGStopMode
                0x000000000800297c       0x10 ./Drivers/STM32WLxx_HAL_Driver/stm32wlxx_hal.o
                0x000000000800297c                HAL_DBGMCU_DisableDBGStopMode
 .text.HAL_DBGMCU_DisableDBGStandbyMode
                0x000000000800298c       0x10 ./Drivers/STM32WLxx_HAL_Driver/stm32wlxx_hal.o
                0x000000000800298c                HAL_DBGMCU_DisableDBGStandbyMode
 .text.HAL_NVIC_SetPriorityGrouping
                0x000000000800299c       0x24 ./Drivers/STM32WLxx_HAL_Driver/stm32wlxx_hal_cortex.o
                0x000000000800299c                HAL_NVIC_SetPriorityGrouping
 .text.HAL_NVIC_SetPriority
                0x00000000080029c0       0x64 ./Drivers/STM32WLxx_HAL_Driver/stm32wlxx_hal_cortex.o
                0x00000000080029c0                HAL_NVIC_SetPriority
 .text.HAL_NVIC_EnableIRQ
                0x0000000008002a24       0x1c ./Drivers/STM32WLxx_HAL_Driver/stm32wlxx_hal_cortex.o
                0x0000000008002a24                HAL_NVIC_EnableIRQ
 .text.HAL_NVIC_DisableIRQ
                0x0000000008002a40       0x28 ./Drivers/STM32WLxx_HAL_Driver/stm32wlxx_hal_cortex.o
                0x0000000008002a40                HAL_NVIC_DisableIRQ
 .text.DMA_SetConfig
                0x0000000008002a68       0x34 ./Drivers/STM32WLxx_HAL_Driver/stm32wlxx_hal_dma.o
 .text.DMA_CalcDMAMUXChannelBaseAndMask
                0x0000000008002a9c       0x4c ./Drivers/STM32WLxx_HAL_Driver/stm32wlxx_hal_dma.o
 .text.HAL_DMA_Init
                0x0000000008002ae8       0xec ./Drivers/STM32WLxx_HAL_Driver/stm32wlxx_hal_dma.o
                0x0000000008002ae8                HAL_DMA_Init
 .text.HAL_DMA_DeInit
                0x0000000008002bd4       0xb0 ./Drivers/STM32WLxx_HAL_Driver/stm32wlxx_hal_dma.o
                0x0000000008002bd4                HAL_DMA_DeInit
 .text.HAL_DMA_Start_IT
                0x0000000008002c84       0x8a ./Drivers/STM32WLxx_HAL_Driver/stm32wlxx_hal_dma.o
                0x0000000008002c84                HAL_DMA_Start_IT
 .text.HAL_DMA_Abort
                0x0000000008002d0e       0x6a ./Drivers/STM32WLxx_HAL_Driver/stm32wlxx_hal_dma.o
                0x0000000008002d0e                HAL_DMA_Abort
 .text.HAL_DMA_Abort_IT
                0x0000000008002d78       0x6e ./Drivers/STM32WLxx_HAL_Driver/stm32wlxx_hal_dma.o
                0x0000000008002d78                HAL_DMA_Abort_IT
 *fill*         0x0000000008002de6        0x2 
 .text.HAL_DMA_IRQHandler
                0x0000000008002de8       0xac ./Drivers/STM32WLxx_HAL_Driver/stm32wlxx_hal_dma.o
                0x0000000008002de8                HAL_DMA_IRQHandler
 .text.HAL_DMA_ConfigChannelAttributes
                0x0000000008002e94       0x20 ./Drivers/STM32WLxx_HAL_Driver/stm32wlxx_hal_dma.o
                0x0000000008002e94                HAL_DMA_ConfigChannelAttributes
 .text.FLASH_Program_Fast
                0x0000000008002eb4       0x30 ./Drivers/STM32WLxx_HAL_Driver/stm32wlxx_hal_flash.o
 .text.HAL_FLASH_Unlock
                0x0000000008002ee4       0x24 ./Drivers/STM32WLxx_HAL_Driver/stm32wlxx_hal_flash.o
                0x0000000008002ee4                HAL_FLASH_Unlock
 .text.HAL_FLASH_Lock
                0x0000000008002f08       0x18 ./Drivers/STM32WLxx_HAL_Driver/stm32wlxx_hal_flash.o
                0x0000000008002f08                HAL_FLASH_Lock
 .text.FLASH_WaitForLastOperation
                0x0000000008002f20       0x5c ./Drivers/STM32WLxx_HAL_Driver/stm32wlxx_hal_flash.o
                0x0000000008002f20                FLASH_WaitForLastOperation
 .text.HAL_FLASH_Program
                0x0000000008002f7c       0x70 ./Drivers/STM32WLxx_HAL_Driver/stm32wlxx_hal_flash.o
                0x0000000008002f7c                HAL_FLASH_Program
 .text.FLASH_PageErase
                0x0000000008002fec       0x1c ./Drivers/STM32WLxx_HAL_Driver/stm32wlxx_hal_flash_ex.o
                0x0000000008002fec                FLASH_PageErase
 .text.HAL_FLASHEx_Erase
                0x0000000008003008       0x9c ./Drivers/STM32WLxx_HAL_Driver/stm32wlxx_hal_flash_ex.o
                0x0000000008003008                HAL_FLASHEx_Erase
 .text.HAL_GPIO_Init
                0x00000000080030a4      0x158 ./Drivers/STM32WLxx_HAL_Driver/stm32wlxx_hal_gpio.o
                0x00000000080030a4                HAL_GPIO_Init
 .text.HAL_GPIO_DeInit
                0x00000000080031fc       0xe8 ./Drivers/STM32WLxx_HAL_Driver/stm32wlxx_hal_gpio.o
                0x00000000080031fc                HAL_GPIO_DeInit
 .text.HAL_GPIO_WritePin
                0x00000000080032e4        0xa ./Drivers/STM32WLxx_HAL_Driver/stm32wlxx_hal_gpio.o
                0x00000000080032e4                HAL_GPIO_WritePin
 .text.HAL_GPIO_TogglePin
                0x00000000080032ee       0x12 ./Drivers/STM32WLxx_HAL_Driver/stm32wlxx_hal_gpio.o
                0x00000000080032ee                HAL_GPIO_TogglePin
 .text.I2C_Flush_TXDR
                0x0000000008003300       0x1c ./Drivers/STM32WLxx_HAL_Driver/stm32wlxx_hal_i2c.o
 .text.I2C_TransferConfig
                0x000000000800331c       0x2c ./Drivers/STM32WLxx_HAL_Driver/stm32wlxx_hal_i2c.o
 .text.I2C_IsErrorOccurred
                0x0000000008003348      0x116 ./Drivers/STM32WLxx_HAL_Driver/stm32wlxx_hal_i2c.o
 .text.I2C_WaitOnTXISFlagUntilTimeout
                0x000000000800345e       0x4e ./Drivers/STM32WLxx_HAL_Driver/stm32wlxx_hal_i2c.o
 .text.I2C_WaitOnRXNEFlagUntilTimeout
                0x00000000080034ac       0x90 ./Drivers/STM32WLxx_HAL_Driver/stm32wlxx_hal_i2c.o
 .text.I2C_WaitOnFlagUntilTimeout
                0x000000000800353c       0x54 ./Drivers/STM32WLxx_HAL_Driver/stm32wlxx_hal_i2c.o
 .text.I2C_RequestMemoryWrite
                0x0000000008003590       0x6c ./Drivers/STM32WLxx_HAL_Driver/stm32wlxx_hal_i2c.o
 .text.I2C_WaitOnSTOPFlagUntilTimeout
                0x00000000080035fc       0x4a ./Drivers/STM32WLxx_HAL_Driver/stm32wlxx_hal_i2c.o
 .text.HAL_I2C_Init
                0x0000000008003646       0xa2 ./Drivers/STM32WLxx_HAL_Driver/stm32wlxx_hal_i2c.o
                0x0000000008003646                HAL_I2C_Init
 .text.HAL_I2C_Master_Transmit
                0x00000000080036e8      0x12c ./Drivers/STM32WLxx_HAL_Driver/stm32wlxx_hal_i2c.o
                0x00000000080036e8                HAL_I2C_Master_Transmit
 .text.HAL_I2C_Master_Receive
                0x0000000008003814      0x130 ./Drivers/STM32WLxx_HAL_Driver/stm32wlxx_hal_i2c.o
                0x0000000008003814                HAL_I2C_Master_Receive
 .text.HAL_I2C_Mem_Write
                0x0000000008003944      0x16c ./Drivers/STM32WLxx_HAL_Driver/stm32wlxx_hal_i2c.o
                0x0000000008003944                HAL_I2C_Mem_Write
 .text.HAL_I2C_EV_IRQHandler
                0x0000000008003ab0        0xe ./Drivers/STM32WLxx_HAL_Driver/stm32wlxx_hal_i2c.o
                0x0000000008003ab0                HAL_I2C_EV_IRQHandler
 .text.HAL_I2CEx_ConfigAnalogFilter
                0x0000000008003abe       0x4c ./Drivers/STM32WLxx_HAL_Driver/stm32wlxx_hal_i2c_ex.o
                0x0000000008003abe                HAL_I2CEx_ConfigAnalogFilter
 .text.HAL_I2CEx_ConfigDigitalFilter
                0x0000000008003b0a       0x4a ./Drivers/STM32WLxx_HAL_Driver/stm32wlxx_hal_i2c_ex.o
                0x0000000008003b0a                HAL_I2CEx_ConfigDigitalFilter
 .text.HAL_PWR_EnableBkUpAccess
                0x0000000008003b54       0x10 ./Drivers/STM32WLxx_HAL_Driver/stm32wlxx_hal_pwr.o
                0x0000000008003b54                HAL_PWR_EnableBkUpAccess
 .text.HAL_PWR_EnterSLEEPMode
                0x0000000008003b64       0x40 ./Drivers/STM32WLxx_HAL_Driver/stm32wlxx_hal_pwr.o
                0x0000000008003b64                HAL_PWR_EnterSLEEPMode
 .text.HAL_PWREx_GetVoltageRange
                0x0000000008003ba4       0x10 ./Drivers/STM32WLxx_HAL_Driver/stm32wlxx_hal_pwr_ex.o
                0x0000000008003ba4                HAL_PWREx_GetVoltageRange
 .text.HAL_PWREx_EnableLowPowerRunMode
                0x0000000008003bb4       0x10 ./Drivers/STM32WLxx_HAL_Driver/stm32wlxx_hal_pwr_ex.o
                0x0000000008003bb4                HAL_PWREx_EnableLowPowerRunMode
 .text.HAL_PWREx_DisableLowPowerRunMode
                0x0000000008003bc4       0x40 ./Drivers/STM32WLxx_HAL_Driver/stm32wlxx_hal_pwr_ex.o
                0x0000000008003bc4                HAL_PWREx_DisableLowPowerRunMode
 .text.HAL_PWREx_EnterSTOP2Mode
                0x0000000008003c04       0x38 ./Drivers/STM32WLxx_HAL_Driver/stm32wlxx_hal_pwr_ex.o
                0x0000000008003c04                HAL_PWREx_EnterSTOP2Mode
 .text.LL_RCC_HSE_IsReady
                0x0000000008003c3c        0xc ./Drivers/STM32WLxx_HAL_Driver/stm32wlxx_hal_rcc.o
 .text.LL_RCC_HSI_IsReady
                0x0000000008003c48        0xc ./Drivers/STM32WLxx_HAL_Driver/stm32wlxx_hal_rcc.o
 .text.LL_RCC_MSI_IsReady
                0x0000000008003c54        0xc ./Drivers/STM32WLxx_HAL_Driver/stm32wlxx_hal_rcc.o
 .text.LL_RCC_MSI_SetCalibTrimming
                0x0000000008003c60       0x12 ./Drivers/STM32WLxx_HAL_Driver/stm32wlxx_hal_rcc.o
 .text.LL_RCC_PLL_IsReady
                0x0000000008003c72        0xc ./Drivers/STM32WLxx_HAL_Driver/stm32wlxx_hal_rcc.o
 *fill*         0x0000000008003c7e        0x2 
 .text.RCC_SetFlashLatencyFromMSIRange
                0x0000000008003c80       0xd4 ./Drivers/STM32WLxx_HAL_Driver/stm32wlxx_hal_rcc.o
 .text.HAL_RCC_GetSysClockFreq
                0x0000000008003d54       0xdc ./Drivers/STM32WLxx_HAL_Driver/stm32wlxx_hal_rcc.o
                0x0000000008003d54                HAL_RCC_GetSysClockFreq
 .text.HAL_RCC_GetHCLKFreq
                0x0000000008003e30       0x20 ./Drivers/STM32WLxx_HAL_Driver/stm32wlxx_hal_rcc.o
                0x0000000008003e30                HAL_RCC_GetHCLKFreq
 .text.HAL_RCC_OscConfig
                0x0000000008003e50      0x540 ./Drivers/STM32WLxx_HAL_Driver/stm32wlxx_hal_rcc.o
                0x0000000008003e50                HAL_RCC_OscConfig
 .text.HAL_RCC_ClockConfig
                0x0000000008004390      0x1f0 ./Drivers/STM32WLxx_HAL_Driver/stm32wlxx_hal_rcc.o
                0x0000000008004390                HAL_RCC_ClockConfig
 .text.HAL_RCC_GetPCLK1Freq
                0x0000000008004580       0x20 ./Drivers/STM32WLxx_HAL_Driver/stm32wlxx_hal_rcc.o
                0x0000000008004580                HAL_RCC_GetPCLK1Freq
 .text.HAL_RCC_GetPCLK2Freq
                0x00000000080045a0       0x20 ./Drivers/STM32WLxx_HAL_Driver/stm32wlxx_hal_rcc.o
                0x00000000080045a0                HAL_RCC_GetPCLK2Freq
 .text.LL_RCC_LSE_IsReady
                0x00000000080045c0        0xe ./Drivers/STM32WLxx_HAL_Driver/stm32wlxx_hal_rcc_ex.o
 .text.LL_RCC_SetI2CClockSource
                0x00000000080045ce       0x20 ./Drivers/STM32WLxx_HAL_Driver/stm32wlxx_hal_rcc_ex.o
 .text.LL_RCC_SetLPTIMClockSource
                0x00000000080045ee       0x1a ./Drivers/STM32WLxx_HAL_Driver/stm32wlxx_hal_rcc_ex.o
 .text.HAL_RCCEx_PeriphCLKConfig
                0x0000000008004608      0x1ac ./Drivers/STM32WLxx_HAL_Driver/stm32wlxx_hal_rcc_ex.o
                0x0000000008004608                HAL_RCCEx_PeriphCLKConfig
 .text.HAL_RTC_DeactivateAlarm
                0x00000000080047b4       0x78 ./Drivers/STM32WLxx_HAL_Driver/stm32wlxx_hal_rtc.o
                0x00000000080047b4                HAL_RTC_DeactivateAlarm
 .text.HAL_RTC_AlarmIRQHandler
                0x000000000800482c       0x34 ./Drivers/STM32WLxx_HAL_Driver/stm32wlxx_hal_rtc.o
                0x000000000800482c                HAL_RTC_AlarmIRQHandler
 .text.HAL_RTC_WaitForSynchro
                0x0000000008004860       0x30 ./Drivers/STM32WLxx_HAL_Driver/stm32wlxx_hal_rtc.o
                0x0000000008004860                HAL_RTC_WaitForSynchro
 .text.RTC_EnterInitMode
                0x0000000008004890       0x50 ./Drivers/STM32WLxx_HAL_Driver/stm32wlxx_hal_rtc.o
                0x0000000008004890                RTC_EnterInitMode
 .text.RTC_ExitInitMode
                0x00000000080048e0       0x48 ./Drivers/STM32WLxx_HAL_Driver/stm32wlxx_hal_rtc.o
                0x00000000080048e0                RTC_ExitInitMode
 .text.HAL_RTC_Init
                0x0000000008004928       0xa0 ./Drivers/STM32WLxx_HAL_Driver/stm32wlxx_hal_rtc.o
                0x0000000008004928                HAL_RTC_Init
 .text.RTC_ByteToBcd2
                0x00000000080049c8       0x16 ./Drivers/STM32WLxx_HAL_Driver/stm32wlxx_hal_rtc.o
                0x00000000080049c8                RTC_ByteToBcd2
 *fill*         0x00000000080049de        0x2 
 .text.HAL_RTC_SetAlarm_IT
                0x00000000080049e0      0x15c ./Drivers/STM32WLxx_HAL_Driver/stm32wlxx_hal_rtc.o
                0x00000000080049e0                HAL_RTC_SetAlarm_IT
 .text.HAL_RTCEx_EnableBypassShadow
                0x0000000008004b3c       0x3c ./Drivers/STM32WLxx_HAL_Driver/stm32wlxx_hal_rtc_ex.o
                0x0000000008004b3c                HAL_RTCEx_EnableBypassShadow
 .text.HAL_RTCEx_SetSSRU_IT
                0x0000000008004b78       0x4c ./Drivers/STM32WLxx_HAL_Driver/stm32wlxx_hal_rtc_ex.o
                0x0000000008004b78                HAL_RTCEx_SetSSRU_IT
 .text.HAL_RTCEx_SSRUIRQHandler
                0x0000000008004bc4       0x20 ./Drivers/STM32WLxx_HAL_Driver/stm32wlxx_hal_rtc_ex.o
                0x0000000008004bc4                HAL_RTCEx_SSRUIRQHandler
 .text.HAL_RTCEx_AlarmBEventCallback
                0x0000000008004be4        0x2 ./Drivers/STM32WLxx_HAL_Driver/stm32wlxx_hal_rtc_ex.o
                0x0000000008004be4                HAL_RTCEx_AlarmBEventCallback
 .text.HAL_RTCEx_BKUPWrite
                0x0000000008004be6        0xe ./Drivers/STM32WLxx_HAL_Driver/stm32wlxx_hal_rtc_ex.o
                0x0000000008004be6                HAL_RTCEx_BKUPWrite
 .text.HAL_RTCEx_BKUPRead
                0x0000000008004bf4        0xe ./Drivers/STM32WLxx_HAL_Driver/stm32wlxx_hal_rtc_ex.o
                0x0000000008004bf4                HAL_RTCEx_BKUPRead
 *fill*         0x0000000008004c02        0x2 
 .text.LL_PWR_UnselectSUBGHZSPI_NSS
                0x0000000008004c04       0x14 ./Drivers/STM32WLxx_HAL_Driver/stm32wlxx_hal_subghz.o
 .text.LL_PWR_SelectSUBGHZSPI_NSS
                0x0000000008004c18       0x14 ./Drivers/STM32WLxx_HAL_Driver/stm32wlxx_hal_subghz.o
 .text.SUBGHZSPI_Init
                0x0000000008004c2c       0x24 ./Drivers/STM32WLxx_HAL_Driver/stm32wlxx_hal_subghz.o
                0x0000000008004c2c                SUBGHZSPI_Init
 .text.HAL_SUBGHZ_Init
                0x0000000008004c50       0xa0 ./Drivers/STM32WLxx_HAL_Driver/stm32wlxx_hal_subghz.o
                0x0000000008004c50                HAL_SUBGHZ_Init
 .text.SUBGHZSPI_Transmit
                0x0000000008004cf0       0x68 ./Drivers/STM32WLxx_HAL_Driver/stm32wlxx_hal_subghz.o
                0x0000000008004cf0                SUBGHZSPI_Transmit
 .text.SUBGHZSPI_Receive
                0x0000000008004d58       0x6c ./Drivers/STM32WLxx_HAL_Driver/stm32wlxx_hal_subghz.o
                0x0000000008004d58                SUBGHZSPI_Receive
 .text.SUBGHZ_WaitOnBusy
                0x0000000008004dc4       0x48 ./Drivers/STM32WLxx_HAL_Driver/stm32wlxx_hal_subghz.o
                0x0000000008004dc4                SUBGHZ_WaitOnBusy
 .text.SUBGHZ_CheckDeviceReady
                0x0000000008004e0c       0x38 ./Drivers/STM32WLxx_HAL_Driver/stm32wlxx_hal_subghz.o
                0x0000000008004e0c                SUBGHZ_CheckDeviceReady
 .text.HAL_SUBGHZ_WriteRegisters
                0x0000000008004e44       0x72 ./Drivers/STM32WLxx_HAL_Driver/stm32wlxx_hal_subghz.o
                0x0000000008004e44                HAL_SUBGHZ_WriteRegisters
 .text.HAL_SUBGHZ_ReadRegisters
                0x0000000008004eb6       0x76 ./Drivers/STM32WLxx_HAL_Driver/stm32wlxx_hal_subghz.o
                0x0000000008004eb6                HAL_SUBGHZ_ReadRegisters
 .text.HAL_SUBGHZ_ExecSetCmd
                0x0000000008004f2c       0x70 ./Drivers/STM32WLxx_HAL_Driver/stm32wlxx_hal_subghz.o
                0x0000000008004f2c                HAL_SUBGHZ_ExecSetCmd
 .text.HAL_SUBGHZ_ExecGetCmd
                0x0000000008004f9c       0x66 ./Drivers/STM32WLxx_HAL_Driver/stm32wlxx_hal_subghz.o
                0x0000000008004f9c                HAL_SUBGHZ_ExecGetCmd
 .text.HAL_SUBGHZ_IRQHandler
                0x0000000008005002       0x90 ./Drivers/STM32WLxx_HAL_Driver/stm32wlxx_hal_subghz.o
                0x0000000008005002                HAL_SUBGHZ_IRQHandler
 .text.HAL_SUBGHZ_WriteBuffer
                0x0000000008005092       0x66 ./Drivers/STM32WLxx_HAL_Driver/stm32wlxx_hal_subghz.o
                0x0000000008005092                HAL_SUBGHZ_WriteBuffer
 .text.HAL_SUBGHZ_ReadBuffer
                0x00000000080050f8       0x6e ./Drivers/STM32WLxx_HAL_Driver/stm32wlxx_hal_subghz.o
                0x00000000080050f8                HAL_SUBGHZ_ReadBuffer
 .text.UART_EndTxTransfer
                0x0000000008005166       0x34 ./Drivers/STM32WLxx_HAL_Driver/stm32wlxx_hal_uart.o
 *fill*         0x000000000800519a        0x2 
 .text.UART_EndRxTransfer
                0x000000000800519c       0x58 ./Drivers/STM32WLxx_HAL_Driver/stm32wlxx_hal_uart.o
 .text.HAL_UART_Transmit_DMA
                0x00000000080051f4       0xa8 ./Drivers/STM32WLxx_HAL_Driver/stm32wlxx_hal_uart.o
                0x00000000080051f4                HAL_UART_Transmit_DMA
 .text.UART_DMATransmitCplt
                0x000000000800529c       0x46 ./Drivers/STM32WLxx_HAL_Driver/stm32wlxx_hal_uart.o
 .text.HAL_UART_TxHalfCpltCallback
                0x00000000080052e2        0x2 ./Drivers/STM32WLxx_HAL_Driver/stm32wlxx_hal_uart.o
                0x00000000080052e2                HAL_UART_TxHalfCpltCallback
 .text.UART_DMATxHalfCplt
                0x00000000080052e4        0xa ./Drivers/STM32WLxx_HAL_Driver/stm32wlxx_hal_uart.o
 .text.HAL_UART_ErrorCallback
                0x00000000080052ee        0x2 ./Drivers/STM32WLxx_HAL_Driver/stm32wlxx_hal_uart.o
                0x00000000080052ee                HAL_UART_ErrorCallback
 .text.UART_DMAError
                0x00000000080052f0       0x4a ./Drivers/STM32WLxx_HAL_Driver/stm32wlxx_hal_uart.o
 .text.UART_DMAAbortOnError
                0x000000000800533a       0x14 ./Drivers/STM32WLxx_HAL_Driver/stm32wlxx_hal_uart.o
 .text.HAL_UARTEx_RxEventCallback
                0x000000000800534e        0x2 ./Drivers/STM32WLxx_HAL_Driver/stm32wlxx_hal_uart.o
                0x000000000800534e                HAL_UARTEx_RxEventCallback
 .text.HAL_UART_IRQHandler
                0x0000000008005350      0x2e8 ./Drivers/STM32WLxx_HAL_Driver/stm32wlxx_hal_uart.o
                0x0000000008005350                HAL_UART_IRQHandler
 .text.UART_RxISR_8BIT
                0x0000000008005638       0xa2 ./Drivers/STM32WLxx_HAL_Driver/stm32wlxx_hal_uart.o
 .text.UART_RxISR_16BIT
                0x00000000080056da       0x9c ./Drivers/STM32WLxx_HAL_Driver/stm32wlxx_hal_uart.o
 *fill*         0x0000000008005776        0x2 
 .text.UART_RxISR_8BIT_FIFOEN
                0x0000000008005778      0x17c ./Drivers/STM32WLxx_HAL_Driver/stm32wlxx_hal_uart.o
 .text.UART_RxISR_16BIT_FIFOEN
                0x00000000080058f4      0x178 ./Drivers/STM32WLxx_HAL_Driver/stm32wlxx_hal_uart.o
 .text.UART_SetConfig
                0x0000000008005a6c      0x234 ./Drivers/STM32WLxx_HAL_Driver/stm32wlxx_hal_uart.o
                0x0000000008005a6c                UART_SetConfig
 .text.UART_AdvFeatureConfig
                0x0000000008005ca0       0xa8 ./Drivers/STM32WLxx_HAL_Driver/stm32wlxx_hal_uart.o
                0x0000000008005ca0                UART_AdvFeatureConfig
 .text.UART_WaitOnFlagUntilTimeout
                0x0000000008005d48       0xc4 ./Drivers/STM32WLxx_HAL_Driver/stm32wlxx_hal_uart.o
                0x0000000008005d48                UART_WaitOnFlagUntilTimeout
 .text.UART_CheckIdleState
                0x0000000008005e0c       0x68 ./Drivers/STM32WLxx_HAL_Driver/stm32wlxx_hal_uart.o
                0x0000000008005e0c                UART_CheckIdleState
 .text.HAL_UART_Init
                0x0000000008005e74       0x60 ./Drivers/STM32WLxx_HAL_Driver/stm32wlxx_hal_uart.o
                0x0000000008005e74                HAL_UART_Init
 .text.UART_Start_Receive_IT
                0x0000000008005ed4      0x124 ./Drivers/STM32WLxx_HAL_Driver/stm32wlxx_hal_uart.o
                0x0000000008005ed4                UART_Start_Receive_IT
 .text.HAL_UART_Receive_IT
                0x0000000008005ff8       0x54 ./Drivers/STM32WLxx_HAL_Driver/stm32wlxx_hal_uart.o
                0x0000000008005ff8                HAL_UART_Receive_IT
 .text.UARTEx_SetNbDataToProcess
                0x000000000800604c       0x44 ./Drivers/STM32WLxx_HAL_Driver/stm32wlxx_hal_uart_ex.o
 .text.HAL_UARTEx_WakeupCallback
                0x0000000008006090        0x2 ./Drivers/STM32WLxx_HAL_Driver/stm32wlxx_hal_uart_ex.o
                0x0000000008006090                HAL_UARTEx_WakeupCallback
 .text.HAL_UARTEx_RxFifoFullCallback
                0x0000000008006092        0x2 ./Drivers/STM32WLxx_HAL_Driver/stm32wlxx_hal_uart_ex.o
                0x0000000008006092                HAL_UARTEx_RxFifoFullCallback
 .text.HAL_UARTEx_TxFifoEmptyCallback
                0x0000000008006094        0x2 ./Drivers/STM32WLxx_HAL_Driver/stm32wlxx_hal_uart_ex.o
                0x0000000008006094                HAL_UARTEx_TxFifoEmptyCallback
 .text.HAL_UARTEx_StopModeWakeUpSourceConfig
                0x0000000008006096       0x8c ./Drivers/STM32WLxx_HAL_Driver/stm32wlxx_hal_uart_ex.o
                0x0000000008006096                HAL_UARTEx_StopModeWakeUpSourceConfig
 .text.HAL_UARTEx_EnableStopMode
                0x0000000008006122       0x2c ./Drivers/STM32WLxx_HAL_Driver/stm32wlxx_hal_uart_ex.o
                0x0000000008006122                HAL_UARTEx_EnableStopMode
 .text.HAL_UARTEx_EnableFifoMode
                0x000000000800614e       0x46 ./Drivers/STM32WLxx_HAL_Driver/stm32wlxx_hal_uart_ex.o
                0x000000000800614e                HAL_UARTEx_EnableFifoMode
 .text.HAL_UARTEx_SetTxFifoThreshold
                0x0000000008006194       0x48 ./Drivers/STM32WLxx_HAL_Driver/stm32wlxx_hal_uart_ex.o
                0x0000000008006194                HAL_UARTEx_SetTxFifoThreshold
 .text.HAL_UARTEx_SetRxFifoThreshold
                0x00000000080061dc       0x48 ./Drivers/STM32WLxx_HAL_Driver/stm32wlxx_hal_uart_ex.o
                0x00000000080061dc                HAL_UARTEx_SetRxFifoThreshold
 .text.LmHandlerDeviceTimeReq
                0x0000000008006224       0x28 ./Middlewares/LoRaWAN/LmHandler.o
                0x0000000008006224                LmHandlerDeviceTimeReq
 .text.McpsConfirm
                0x000000000800624c       0x54 ./Middlewares/LoRaWAN/LmHandler.o
 .text.LmHandlerProcess
                0x00000000080062a0       0x38 ./Middlewares/LoRaWAN/LmHandler.o
                0x00000000080062a0                LmHandlerProcess
 .text.LmHandlerGetDutyCycleWaitTime
                0x00000000080062d8        0xc ./Middlewares/LoRaWAN/LmHandler.o
                0x00000000080062d8                LmHandlerGetDutyCycleWaitTime
 .text.LmHandlerJoinStatus
                0x00000000080062e4       0x26 ./Middlewares/LoRaWAN/LmHandler.o
                0x00000000080062e4                LmHandlerJoinStatus
 *fill*         0x000000000800630a        0x2 
 .text.LmHandlerRequestClass
                0x000000000800630c       0x94 ./Middlewares/LoRaWAN/LmHandler.o
                0x000000000800630c                LmHandlerRequestClass
 .text.LmHandlerJoin
                0x00000000080063a0       0xb0 ./Middlewares/LoRaWAN/LmHandler.o
                0x00000000080063a0                LmHandlerJoin
 .text.LmHandlerSend
                0x0000000008006450      0x148 ./Middlewares/LoRaWAN/LmHandler.o
                0x0000000008006450                LmHandlerSend
 .text.MlmeIndication
                0x0000000008006598       0x84 ./Middlewares/LoRaWAN/LmHandler.o
 .text.LmHandlerGetCurrentClass
                0x000000000800661c       0x28 ./Middlewares/LoRaWAN/LmHandler.o
                0x000000000800661c                LmHandlerGetCurrentClass
 .text.McpsIndication
                0x0000000008006644       0xc4 ./Middlewares/LoRaWAN/LmHandler.o
 .text.LmHandlerGetTxDatarate
                0x0000000008006708       0x30 ./Middlewares/LoRaWAN/LmHandler.o
                0x0000000008006708                LmHandlerGetTxDatarate
 .text.MlmeConfirm
                0x0000000008006738       0xc0 ./Middlewares/LoRaWAN/LmHandler.o
 .text.LmHandlerSetSystemMaxRxError
                0x00000000080067f8       0x20 ./Middlewares/LoRaWAN/LmHandler.o
                0x00000000080067f8                LmHandlerSetSystemMaxRxError
 .text.LmHandlerConfigure
                0x0000000008006818      0x1e4 ./Middlewares/LoRaWAN/LmHandler.o
                0x0000000008006818                LmHandlerConfigure
 .text.LmHandlerPackageRegister
                0x00000000080069fc       0x54 ./Middlewares/LoRaWAN/LmHandler.o
                0x00000000080069fc                LmHandlerPackageRegister
 .text.LmHandlerInit
                0x0000000008006a50       0x64 ./Middlewares/LoRaWAN/LmHandler.o
                0x0000000008006a50                LmHandlerInit
 .text.LmHandlerGetVersion
                0x0000000008006ab4       0x28 ./Middlewares/LoRaWAN/LmHandler.o
                0x0000000008006ab4                LmHandlerGetVersion
 .text.LmHandlerStop
                0x0000000008006adc       0x12 ./Middlewares/LoRaWAN/LmHandler.o
                0x0000000008006adc                LmHandlerStop
 .text.LmHandlerHalt
                0x0000000008006aee       0x12 ./Middlewares/LoRaWAN/LmHandler.o
                0x0000000008006aee                LmHandlerHalt
 .text.LmHandlerNvmDataStore
                0x0000000008006b00       0x68 ./Middlewares/LoRaWAN/LmHandler.o
                0x0000000008006b00                LmHandlerNvmDataStore
 .text.LmhpComplianceInit
                0x0000000008006b68       0x24 ./Middlewares/LoRaWAN/LmhpCompliance.o
 .text.LmhpComplianceIsInitialized
                0x0000000008006b8c        0xc ./Middlewares/LoRaWAN/LmhpCompliance.o
 .text.LmhpComplianceIsRunning
                0x0000000008006b98       0x10 ./Middlewares/LoRaWAN/LmhpCompliance.o
 .text.LmhpComplianceProcess
                0x0000000008006ba8        0x2 ./Middlewares/LoRaWAN/LmhpCompliance.o
 *fill*         0x0000000008006baa        0x2 
 .text.LmhpComplianceOnMcpsConfirm
                0x0000000008006bac       0x20 ./Middlewares/LoRaWAN/LmhpCompliance.o
 .text.LmhpComplianceOnMlmeConfirm
                0x0000000008006bcc       0x24 ./Middlewares/LoRaWAN/LmhpCompliance.o
 .text.LmhpComplianceTxProcess.isra.0
                0x0000000008006bf0       0x74 ./Middlewares/LoRaWAN/LmhpCompliance.o
 .text.OnComplianceTxNextPacketTimerEvent
                0x0000000008006c64        0x4 ./Middlewares/LoRaWAN/LmhpCompliance.o
 .text.LmhpComplianceOnMcpsIndication
                0x0000000008006c68      0x1f8 ./Middlewares/LoRaWAN/LmhpCompliance.o
 .text.LmhpCompliancePackageFactory
                0x0000000008006e60        0x8 ./Middlewares/LoRaWAN/LmhpCompliance.o
                0x0000000008006e60                LmhpCompliancePackageFactory
 .text.OnRadioRxError
                0x0000000008006e68       0x24 ./Middlewares/LoRaWAN/LoRaMac.o
 .text.UpdateRxSlotIdleState
                0x0000000008006e8c       0x1c ./Middlewares/LoRaWAN/LoRaMac.o
 .text.GetMaxAppPayloadWithoutFOptsLength
                0x0000000008006ea8       0x38 ./Middlewares/LoRaWAN/LoRaMac.o
 .text.OnAckTimeoutTimerEvent
                0x0000000008006ee0       0x48 ./Middlewares/LoRaWAN/LoRaMac.o
 .text.PrepareRxDoneAbort
                0x0000000008006f28       0x38 ./Middlewares/LoRaWAN/LoRaMac.o
 .text.HandleRadioRxErrorTimeout
                0x0000000008006f60       0xc8 ./Middlewares/LoRaWAN/LoRaMac.o
 .text.OnRadioRxTimeout
                0x0000000008007028       0x38 ./Middlewares/LoRaWAN/LoRaMac.o
 .text.OnRadioTxTimeout
                0x0000000008007060       0x38 ./Middlewares/LoRaWAN/LoRaMac.o
 .text.OnRadioRxDone
                0x0000000008007098       0x54 ./Middlewares/LoRaWAN/LoRaMac.o
 .text.OnRadioTxDone
                0x00000000080070ec       0x58 ./Middlewares/LoRaWAN/LoRaMac.o
 .text.ResetMacParameters
                0x0000000008007144      0x118 ./Middlewares/LoRaWAN/LoRaMac.o
 .text.ScheduleTx
                0x000000000800725c      0x2e8 ./Middlewares/LoRaWAN/LoRaMac.o
 .text.OpenContinuousRxCWindow
                0x0000000008007544       0x60 ./Middlewares/LoRaWAN/LoRaMac.o
 .text.SwitchClass
                0x00000000080075a4       0xcc ./Middlewares/LoRaWAN/LoRaMac.o
 .text.RxWindowSetup.constprop.0
                0x0000000008007670       0x44 ./Middlewares/LoRaWAN/LoRaMac.o
 .text.OnRxWindow1TimerEvent
                0x00000000080076b4       0x40 ./Middlewares/LoRaWAN/LoRaMac.o
 .text.OnRxWindow2TimerEvent
                0x00000000080076f4       0x48 ./Middlewares/LoRaWAN/LoRaMac.o
 .text.LoRaMacHandleNvm.part.0.constprop.0
                0x000000000800773c       0xf4 ./Middlewares/LoRaWAN/LoRaMac.o
 .text.ProcessMacCommands.constprop.0
                0x0000000008007830      0x598 ./Middlewares/LoRaWAN/LoRaMac.o
 .text.StopRetransmission.isra.0
                0x0000000008007dc8       0x44 ./Middlewares/LoRaWAN/LoRaMac.o
 .text.OnTxDelayedTimerEvent
                0x0000000008007e0c       0x54 ./Middlewares/LoRaWAN/LoRaMac.o
 .text.LoRaMacIsBusy
                0x0000000008007e60       0x1c ./Middlewares/LoRaWAN/LoRaMac.o
                0x0000000008007e60                LoRaMacIsBusy
 .text.LoRaMacProcess
                0x0000000008007e7c      0x8a0 ./Middlewares/LoRaWAN/LoRaMac.o
                0x0000000008007e7c                LoRaMacProcess
 .text.LoRaMacInitialization
                0x000000000800871c      0x374 ./Middlewares/LoRaWAN/LoRaMac.o
                0x000000000800871c                LoRaMacInitialization
 .text.LoRaMacStart
                0x0000000008008a90       0x10 ./Middlewares/LoRaWAN/LoRaMac.o
                0x0000000008008a90                LoRaMacStart
 .text.LoRaMacStop
                0x0000000008008aa0       0x24 ./Middlewares/LoRaWAN/LoRaMac.o
                0x0000000008008aa0                LoRaMacStop
 .text.LoRaMacHalt
                0x0000000008008ac4       0x60 ./Middlewares/LoRaWAN/LoRaMac.o
                0x0000000008008ac4                LoRaMacHalt
 .text.LoRaMacQueryTxPossible
                0x0000000008008b24       0xb0 ./Middlewares/LoRaWAN/LoRaMac.o
                0x0000000008008b24                LoRaMacQueryTxPossible
 .text.LoRaMacMibGetRequestConfirm
                0x0000000008008bd4      0x188 ./Middlewares/LoRaWAN/LoRaMac.o
                0x0000000008008bd4                LoRaMacMibGetRequestConfirm
 .text.LoRaMacMibSetRequestConfirm
                0x0000000008008d5c      0x44c ./Middlewares/LoRaWAN/LoRaMac.o
                0x0000000008008d5c                LoRaMacMibSetRequestConfirm
 .text.LoRaMacMlmeRequest
                0x00000000080091a8      0x1ec ./Middlewares/LoRaWAN/LoRaMac.o
                0x00000000080091a8                LoRaMacMlmeRequest
 .text.LoRaMacMcpsRequest
                0x0000000008009394      0x310 ./Middlewares/LoRaWAN/LoRaMac.o
                0x0000000008009394                LoRaMacMcpsRequest
 .text.LoRaMacTestSetDutyCycleOn
                0x00000000080096a4       0x24 ./Middlewares/LoRaWAN/LoRaMac.o
                0x00000000080096a4                LoRaMacTestSetDutyCycleOn
 .text.LoRaMacDeInitialization
                0x00000000080096c8       0x4c ./Middlewares/LoRaWAN/LoRaMac.o
                0x00000000080096c8                LoRaMacDeInitialization
 .text.LoRaMacAdrCalcNext
                0x0000000008009714       0xdc ./Middlewares/LoRaWAN/LoRaMacAdr.o
                0x0000000008009714                LoRaMacAdrCalcNext
 .text.LoRaMacClassBInit
                0x00000000080097f0        0x2 ./Middlewares/LoRaWAN/LoRaMacClassB.o
                0x00000000080097f0                LoRaMacClassBInit
 .text.LoRaMacClassBSetBeaconState
                0x00000000080097f2        0x2 ./Middlewares/LoRaWAN/LoRaMacClassB.o
                0x00000000080097f2                LoRaMacClassBSetBeaconState
 .text.LoRaMacClassBSetPingSlotState
                0x00000000080097f4        0x2 ./Middlewares/LoRaWAN/LoRaMacClassB.o
                0x00000000080097f4                LoRaMacClassBSetPingSlotState
 .text.LoRaMacClassBSetMulticastSlotState
                0x00000000080097f6        0x2 ./Middlewares/LoRaWAN/LoRaMacClassB.o
                0x00000000080097f6                LoRaMacClassBSetMulticastSlotState
 .text.LoRaMacClassBIsAcquisitionInProgress
                0x00000000080097f8        0x4 ./Middlewares/LoRaWAN/LoRaMacClassB.o
                0x00000000080097f8                LoRaMacClassBIsAcquisitionInProgress
 .text.LoRaMacClassBBeaconTimerEvent
                0x00000000080097fc        0x2 ./Middlewares/LoRaWAN/LoRaMacClassB.o
                0x00000000080097fc                LoRaMacClassBBeaconTimerEvent
 .text.LoRaMacClassBPingSlotTimerEvent
                0x00000000080097fe        0x2 ./Middlewares/LoRaWAN/LoRaMacClassB.o
                0x00000000080097fe                LoRaMacClassBPingSlotTimerEvent
 .text.LoRaMacClassBMulticastSlotTimerEvent
                0x0000000008009800        0x2 ./Middlewares/LoRaWAN/LoRaMacClassB.o
                0x0000000008009800                LoRaMacClassBMulticastSlotTimerEvent
 .text.LoRaMacClassBRxBeacon
                0x0000000008009802        0x4 ./Middlewares/LoRaWAN/LoRaMacClassB.o
                0x0000000008009802                LoRaMacClassBRxBeacon
 .text.LoRaMacClassBIsBeaconExpected
                0x0000000008009806        0x4 ./Middlewares/LoRaWAN/LoRaMacClassB.o
                0x0000000008009806                LoRaMacClassBIsBeaconExpected
 .text.LoRaMacClassBIsPingExpected
                0x000000000800980a        0x4 ./Middlewares/LoRaWAN/LoRaMacClassB.o
                0x000000000800980a                LoRaMacClassBIsPingExpected
 .text.LoRaMacClassBIsMulticastExpected
                0x000000000800980e        0x4 ./Middlewares/LoRaWAN/LoRaMacClassB.o
                0x000000000800980e                LoRaMacClassBIsMulticastExpected
 .text.LoRaMacClassBIsBeaconModeActive
                0x0000000008009812        0x4 ./Middlewares/LoRaWAN/LoRaMacClassB.o
                0x0000000008009812                LoRaMacClassBIsBeaconModeActive
 .text.LoRaMacClassBSetPingSlotInfo
                0x0000000008009816        0x2 ./Middlewares/LoRaWAN/LoRaMacClassB.o
                0x0000000008009816                LoRaMacClassBSetPingSlotInfo
 .text.LoRaMacClassBHaltBeaconing
                0x0000000008009818        0x2 ./Middlewares/LoRaWAN/LoRaMacClassB.o
                0x0000000008009818                LoRaMacClassBHaltBeaconing
 .text.LoRaMacClassBResumeBeaconing
                0x000000000800981a        0x2 ./Middlewares/LoRaWAN/LoRaMacClassB.o
                0x000000000800981a                LoRaMacClassBResumeBeaconing
 .text.LoRaMacClassBSwitchClass
                0x000000000800981c        0x4 ./Middlewares/LoRaWAN/LoRaMacClassB.o
                0x000000000800981c                LoRaMacClassBSwitchClass
 .text.LoRaMacClassBMibGetRequestConfirm
                0x0000000008009820        0x4 ./Middlewares/LoRaWAN/LoRaMacClassB.o
                0x0000000008009820                LoRaMacClassBMibGetRequestConfirm
 .text.LoRaMacMibClassBSetRequestConfirm
                0x0000000008009824        0x4 ./Middlewares/LoRaWAN/LoRaMacClassB.o
                0x0000000008009824                LoRaMacMibClassBSetRequestConfirm
 .text.LoRaMacClassBPingSlotInfoAns
                0x0000000008009828        0x2 ./Middlewares/LoRaWAN/LoRaMacClassB.o
                0x0000000008009828                LoRaMacClassBPingSlotInfoAns
 .text.LoRaMacClassBPingSlotChannelReq
                0x000000000800982a        0x4 ./Middlewares/LoRaWAN/LoRaMacClassB.o
                0x000000000800982a                LoRaMacClassBPingSlotChannelReq
 .text.LoRaMacClassBBeaconTimingAns
                0x000000000800982e        0x2 ./Middlewares/LoRaWAN/LoRaMacClassB.o
                0x000000000800982e                LoRaMacClassBBeaconTimingAns
 .text.LoRaMacClassBDeviceTimeAns
                0x0000000008009830        0x2 ./Middlewares/LoRaWAN/LoRaMacClassB.o
                0x0000000008009830                LoRaMacClassBDeviceTimeAns
 .text.LoRaMacClassBBeaconFreqReq
                0x0000000008009832        0x4 ./Middlewares/LoRaWAN/LoRaMacClassB.o
                0x0000000008009832                LoRaMacClassBBeaconFreqReq
 .text.LoRaMacClassBIsUplinkCollision
                0x0000000008009836        0x4 ./Middlewares/LoRaWAN/LoRaMacClassB.o
                0x0000000008009836                LoRaMacClassBIsUplinkCollision
 .text.LoRaMacClassBStopRxSlots
                0x000000000800983a        0x2 ./Middlewares/LoRaWAN/LoRaMacClassB.o
                0x000000000800983a                LoRaMacClassBStopRxSlots
 .text.LoRaMacClassBProcess
                0x000000000800983c        0x2 ./Middlewares/LoRaWAN/LoRaMacClassB.o
                0x000000000800983c                LoRaMacClassBProcess
 *fill*         0x000000000800983e        0x2 
 .text.LoRaMacCommandsInit
                0x0000000008009840       0x1c ./Middlewares/LoRaWAN/LoRaMacCommands.o
                0x0000000008009840                LoRaMacCommandsInit
 .text.LoRaMacCommandsAddCmd
                0x000000000800985c       0xa4 ./Middlewares/LoRaWAN/LoRaMacCommands.o
                0x000000000800985c                LoRaMacCommandsAddCmd
 .text.LoRaMacCommandsRemoveCmd
                0x0000000008009900       0x54 ./Middlewares/LoRaWAN/LoRaMacCommands.o
                0x0000000008009900                LoRaMacCommandsRemoveCmd
 .text.LoRaMacCommandsRemoveNoneStickyCmds
                0x0000000008009954       0x1c ./Middlewares/LoRaWAN/LoRaMacCommands.o
                0x0000000008009954                LoRaMacCommandsRemoveNoneStickyCmds
 .text.LoRaMacCommandsRemoveStickyAnsCmds
                0x0000000008009970       0x24 ./Middlewares/LoRaWAN/LoRaMacCommands.o
                0x0000000008009970                LoRaMacCommandsRemoveStickyAnsCmds
 .text.LoRaMacCommandsGetSizeSerializedCmds
                0x0000000008009994       0x18 ./Middlewares/LoRaWAN/LoRaMacCommands.o
                0x0000000008009994                LoRaMacCommandsGetSizeSerializedCmds
 .text.LoRaMacCommandsSerializeCmds
                0x00000000080099ac       0x64 ./Middlewares/LoRaWAN/LoRaMacCommands.o
                0x00000000080099ac                LoRaMacCommandsSerializeCmds
 .text.LoRaMacCommandsStickyCmdsPending
                0x0000000008009a10       0x28 ./Middlewares/LoRaWAN/LoRaMacCommands.o
                0x0000000008009a10                LoRaMacCommandsStickyCmdsPending
 .text.LoRaMacCommandsGetCmdSize
                0x0000000008009a38       0x14 ./Middlewares/LoRaWAN/LoRaMacCommands.o
                0x0000000008009a38                LoRaMacCommandsGetCmdSize
 .text.GetElement.constprop.0
                0x0000000008009a4c       0x38 ./Middlewares/LoRaWAN/LoRaMacConfirmQueue.o
 .text.LoRaMacConfirmQueueInit
                0x0000000008009a84       0x28 ./Middlewares/LoRaWAN/LoRaMacConfirmQueue.o
                0x0000000008009a84                LoRaMacConfirmQueueInit
 .text.LoRaMacConfirmQueueAdd
                0x0000000008009aac       0x40 ./Middlewares/LoRaWAN/LoRaMacConfirmQueue.o
                0x0000000008009aac                LoRaMacConfirmQueueAdd
 .text.LoRaMacConfirmQueueRemoveFirst
                0x0000000008009aec       0x2c ./Middlewares/LoRaWAN/LoRaMacConfirmQueue.o
                0x0000000008009aec                LoRaMacConfirmQueueRemoveFirst
 .text.LoRaMacConfirmQueueSetStatus
                0x0000000008009b18       0x24 ./Middlewares/LoRaWAN/LoRaMacConfirmQueue.o
                0x0000000008009b18                LoRaMacConfirmQueueSetStatus
 .text.LoRaMacConfirmQueueGetStatus
                0x0000000008009b3c       0x20 ./Middlewares/LoRaWAN/LoRaMacConfirmQueue.o
                0x0000000008009b3c                LoRaMacConfirmQueueGetStatus
 .text.LoRaMacConfirmQueueSetStatusCmn
                0x0000000008009b5c       0x34 ./Middlewares/LoRaWAN/LoRaMacConfirmQueue.o
                0x0000000008009b5c                LoRaMacConfirmQueueSetStatusCmn
 .text.LoRaMacConfirmQueueIsCmdActive
                0x0000000008009b90       0x18 ./Middlewares/LoRaWAN/LoRaMacConfirmQueue.o
                0x0000000008009b90                LoRaMacConfirmQueueIsCmdActive
 .text.LoRaMacConfirmQueueHandleCb
                0x0000000008009ba8       0x54 ./Middlewares/LoRaWAN/LoRaMacConfirmQueue.o
                0x0000000008009ba8                LoRaMacConfirmQueueHandleCb
 .text.LoRaMacConfirmQueueGetCnt
                0x0000000008009bfc        0xc ./Middlewares/LoRaWAN/LoRaMacConfirmQueue.o
                0x0000000008009bfc                LoRaMacConfirmQueueGetCnt
 .text.LoRaMacConfirmQueueIsFull
                0x0000000008009c08       0x14 ./Middlewares/LoRaWAN/LoRaMacConfirmQueue.o
                0x0000000008009c08                LoRaMacConfirmQueueIsFull
 .text.DeriveSessionKey10x
                0x0000000008009c1c       0x4c ./Middlewares/LoRaWAN/LoRaMacCrypto.o
 .text.PayloadEncrypt
                0x0000000008009c68       0xc2 ./Middlewares/LoRaWAN/LoRaMacCrypto.o
 .text.LoRaMacCryptoDeriveMcKEKey.part.0
                0x0000000008009d2a       0x22 ./Middlewares/LoRaWAN/LoRaMacCrypto.o
 .text.GetLastFcntDown.constprop.0
                0x0000000008009d4c       0x48 ./Middlewares/LoRaWAN/LoRaMacCrypto.o
 .text.VerifyCmacB0.constprop.0.isra.0
                0x0000000008009d94       0xa8 ./Middlewares/LoRaWAN/LoRaMacCrypto.o
 .text.LoRaMacCryptoInit
                0x0000000008009e3c       0x38 ./Middlewares/LoRaWAN/LoRaMacCrypto.o
                0x0000000008009e3c                LoRaMacCryptoInit
 .text.LoRaMacCryptoSetLrWanVersion
                0x0000000008009e74       0x10 ./Middlewares/LoRaWAN/LoRaMacCrypto.o
                0x0000000008009e74                LoRaMacCryptoSetLrWanVersion
 .text.LoRaMacCryptoGetFCntUp
                0x0000000008009e84       0x18 ./Middlewares/LoRaWAN/LoRaMacCrypto.o
                0x0000000008009e84                LoRaMacCryptoGetFCntUp
 .text.LoRaMacCryptoGetFCntDown
                0x0000000008009e9c       0x6c ./Middlewares/LoRaWAN/LoRaMacCrypto.o
                0x0000000008009e9c                LoRaMacCryptoGetFCntDown
 .text.LoRaMacCryptoSetMulticastReference
                0x0000000008009f08       0x18 ./Middlewares/LoRaWAN/LoRaMacCrypto.o
                0x0000000008009f08                LoRaMacCryptoSetMulticastReference
 .text.LoRaMacCryptoPrepareJoinRequest
                0x0000000008009f20       0x50 ./Middlewares/LoRaWAN/LoRaMacCrypto.o
                0x0000000008009f20                LoRaMacCryptoPrepareJoinRequest
 .text.LoRaMacCryptoSecureMessage
                0x0000000008009f70       0xe4 ./Middlewares/LoRaWAN/LoRaMacCrypto.o
                0x0000000008009f70                LoRaMacCryptoSecureMessage
 .text.LoRaMacCryptoUnsecureMessage
                0x000000000800a054       0xe0 ./Middlewares/LoRaWAN/LoRaMacCrypto.o
                0x000000000800a054                LoRaMacCryptoUnsecureMessage
 .text.LoRaMacCryptoDeriveMcRootKey
                0x000000000800a134       0x36 ./Middlewares/LoRaWAN/LoRaMacCrypto.o
                0x000000000800a134                LoRaMacCryptoDeriveMcRootKey
 *fill*         0x000000000800a16a        0x2 
 .text.LoRaMacCryptoSetKey
                0x000000000800a16c       0x2c ./Middlewares/LoRaWAN/LoRaMacCrypto.o
                0x000000000800a16c                LoRaMacCryptoSetKey
 .text.LoRaMacCryptoHandleJoinAccept
                0x000000000800a198       0xe4 ./Middlewares/LoRaWAN/LoRaMacCrypto.o
                0x000000000800a198                LoRaMacCryptoHandleJoinAccept
 .text.LoRaMacParserJoinAccept
                0x000000000800a27c       0x9c ./Middlewares/LoRaWAN/LoRaMacParser.o
                0x000000000800a27c                LoRaMacParserJoinAccept
 .text.LoRaMacParserData
                0x000000000800a318       0xb6 ./Middlewares/LoRaWAN/LoRaMacParser.o
                0x000000000800a318                LoRaMacParserData
 .text.LoRaMacSerializerJoinRequest
                0x000000000800a3ce       0x68 ./Middlewares/LoRaWAN/LoRaMacSerializer.o
                0x000000000800a3ce                LoRaMacSerializerJoinRequest
 .text.LoRaMacSerializerData
                0x000000000800a436       0xd8 ./Middlewares/LoRaWAN/LoRaMacSerializer.o
                0x000000000800a436                LoRaMacSerializerData
 *fill*         0x000000000800a50e        0x2 
 .text.NvmDataMgmtEvent
                0x000000000800a510       0x10 ./Middlewares/LoRaWAN/NvmDataMgmt.o
                0x000000000800a510                NvmDataMgmtEvent
 .text.NvmDataMgmtStoreBegin
                0x000000000800a520       0x24 ./Middlewares/LoRaWAN/NvmDataMgmt.o
                0x000000000800a520                NvmDataMgmtStoreBegin
 .text.NvmDataMgmtStoreEnd
                0x000000000800a544       0x14 ./Middlewares/LoRaWAN/NvmDataMgmt.o
                0x000000000800a544                NvmDataMgmtStoreEnd
 .text.RegionIsActive
                0x000000000800a558       0x12 ./Middlewares/LoRaWAN/Region.o
                0x000000000800a558                RegionIsActive
 .text.RegionGetPhyParam
                0x000000000800a56a       0x20 ./Middlewares/LoRaWAN/Region.o
                0x000000000800a56a                RegionGetPhyParam
 .text.RegionSetBandTxDone
                0x000000000800a58a       0x16 ./Middlewares/LoRaWAN/Region.o
                0x000000000800a58a                RegionSetBandTxDone
 .text.RegionInitDefaults
                0x000000000800a5a0       0x16 ./Middlewares/LoRaWAN/Region.o
                0x000000000800a5a0                RegionInitDefaults
 .text.RegionVerify
                0x000000000800a5b6       0x1a ./Middlewares/LoRaWAN/Region.o
                0x000000000800a5b6                RegionVerify
 .text.RegionApplyCFList
                0x000000000800a5d0       0x16 ./Middlewares/LoRaWAN/Region.o
                0x000000000800a5d0                RegionApplyCFList
 .text.RegionChanMaskSet
                0x000000000800a5e6       0x18 ./Middlewares/LoRaWAN/Region.o
                0x000000000800a5e6                RegionChanMaskSet
 .text.RegionComputeRxWindowParameters
                0x000000000800a5fe       0x24 ./Middlewares/LoRaWAN/Region.o
                0x000000000800a5fe                RegionComputeRxWindowParameters
 .text.RegionRxConfig
                0x000000000800a622       0x1a ./Middlewares/LoRaWAN/Region.o
                0x000000000800a622                RegionRxConfig
 .text.RegionTxConfig
                0x000000000800a63c       0x24 ./Middlewares/LoRaWAN/Region.o
                0x000000000800a63c                RegionTxConfig
 .text.RegionLinkAdrReq
                0x000000000800a660       0x2c ./Middlewares/LoRaWAN/Region.o
                0x000000000800a660                RegionLinkAdrReq
 .text.RegionRxParamSetupReq
                0x000000000800a68c       0x18 ./Middlewares/LoRaWAN/Region.o
                0x000000000800a68c                RegionRxParamSetupReq
 .text.RegionNewChannelReq
                0x000000000800a6a4       0x18 ./Middlewares/LoRaWAN/Region.o
                0x000000000800a6a4                RegionNewChannelReq
 .text.RegionTxParamSetupReq
                0x000000000800a6bc       0x18 ./Middlewares/LoRaWAN/Region.o
                0x000000000800a6bc                RegionTxParamSetupReq
 .text.RegionDlChannelReq
                0x000000000800a6d4       0x18 ./Middlewares/LoRaWAN/Region.o
                0x000000000800a6d4                RegionDlChannelReq
 .text.RegionAlternateDr
                0x000000000800a6ec       0x1a ./Middlewares/LoRaWAN/Region.o
                0x000000000800a6ec                RegionAlternateDr
 .text.RegionNextChannel
                0x000000000800a706       0x26 ./Middlewares/LoRaWAN/Region.o
                0x000000000800a706                RegionNextChannel
 .text.RegionSetContinuousWave
                0x000000000800a72c       0x16 ./Middlewares/LoRaWAN/Region.o
                0x000000000800a72c                RegionSetContinuousWave
 .text.RegionApplyDrOffset
                0x000000000800a742       0x24 ./Middlewares/LoRaWAN/Region.o
                0x000000000800a742                RegionApplyDrOffset
 *fill*         0x000000000800a766        0x2 
 .text.RegionGetVersion
                0x000000000800a768        0x8 ./Middlewares/LoRaWAN/Region.o
                0x000000000800a768                RegionGetVersion
 .text.RegionBaseUSComputeNext125kHzJoinChannel
                0x000000000800a770       0x8e ./Middlewares/LoRaWAN/RegionBaseUS.o
                0x000000000800a770                RegionBaseUSComputeNext125kHzJoinChannel
 .text.RegionBaseUSCalcDownlinkFrequency
                0x000000000800a7fe        0x6 ./Middlewares/LoRaWAN/RegionBaseUS.o
                0x000000000800a7fe                RegionBaseUSCalcDownlinkFrequency
 .text.RegionCommonChanVerifyDr
                0x000000000800a804       0x64 ./Middlewares/LoRaWAN/RegionCommon.o
                0x000000000800a804                RegionCommonChanVerifyDr
 .text.RegionCommonValueInRange
                0x000000000800a868       0x12 ./Middlewares/LoRaWAN/RegionCommon.o
                0x000000000800a868                RegionCommonValueInRange
 .text.RegionCommonChanDisable
                0x000000000800a87a       0x32 ./Middlewares/LoRaWAN/RegionCommon.o
                0x000000000800a87a                RegionCommonChanDisable
 .text.RegionCommonCountChannels
                0x000000000800a8ac       0x3c ./Middlewares/LoRaWAN/RegionCommon.o
                0x000000000800a8ac                RegionCommonCountChannels
 .text.RegionCommonChanMaskCopy
                0x000000000800a8e8       0x1e ./Middlewares/LoRaWAN/RegionCommon.o
                0x000000000800a8e8                RegionCommonChanMaskCopy
 .text.RegionCommonSetBandTxDone
                0x000000000800a906       0x46 ./Middlewares/LoRaWAN/RegionCommon.o
                0x000000000800a906                RegionCommonSetBandTxDone
 .text.RegionCommonUpdateBandTimeOff
                0x000000000800a94c      0x1dc ./Middlewares/LoRaWAN/RegionCommon.o
                0x000000000800a94c                RegionCommonUpdateBandTimeOff
 .text.RegionCommonParseLinkAdrReq
                0x000000000800ab28       0x34 ./Middlewares/LoRaWAN/RegionCommon.o
                0x000000000800ab28                RegionCommonParseLinkAdrReq
 .text.RegionCommonLinkAdrReqVerifyParams
                0x000000000800ab5c       0x96 ./Middlewares/LoRaWAN/RegionCommon.o
                0x000000000800ab5c                RegionCommonLinkAdrReqVerifyParams
 *fill*         0x000000000800abf2        0x2 
 .text.RegionCommonComputeSymbolTimeLoRa
                0x000000000800abf4       0x10 ./Middlewares/LoRaWAN/RegionCommon.o
                0x000000000800abf4                RegionCommonComputeSymbolTimeLoRa
 .text.RegionCommonComputeSymbolTimeFsk
                0x000000000800ac04        0xa ./Middlewares/LoRaWAN/RegionCommon.o
                0x000000000800ac04                RegionCommonComputeSymbolTimeFsk
 .text.RegionCommonComputeRxWindowParameters
                0x000000000800ac0e       0x52 ./Middlewares/LoRaWAN/RegionCommon.o
                0x000000000800ac0e                RegionCommonComputeRxWindowParameters
 .text.RegionCommonComputeTxPower
                0x000000000800ac60       0x2a ./Middlewares/LoRaWAN/RegionCommon.o
                0x000000000800ac60                RegionCommonComputeTxPower
 .text.RegionCommonCountNbOfEnabledChannels
                0x000000000800ac8a       0xb4 ./Middlewares/LoRaWAN/RegionCommon.o
                0x000000000800ac8a                RegionCommonCountNbOfEnabledChannels
 .text.RegionCommonIdentifyChannels
                0x000000000800ad3e       0x88 ./Middlewares/LoRaWAN/RegionCommon.o
                0x000000000800ad3e                RegionCommonIdentifyChannels
 .text.RegionCommonGetNextLowerTxDr
                0x000000000800adc6       0x36 ./Middlewares/LoRaWAN/RegionCommon.o
                0x000000000800adc6                RegionCommonGetNextLowerTxDr
 .text.RegionCommonLimitTxPower
                0x000000000800adfc        0x8 ./Middlewares/LoRaWAN/RegionCommon.o
                0x000000000800adfc                RegionCommonLimitTxPower
 .text.RegionCommonGetBandwidth