Archive member included to satisfy reference by file (symbol)

c:/st/stm32cubeide_1.12.1/stm32cubeide/plugins/com.st.stm32cube.ide.mcu.externaltools.gnu-tools-for-stm32.10.3-2021.10.win32_1.0.200.202301161003/tools/bin/../lib/gcc/arm-none-eabi/10.3.1/../../../../arm-none-eabi/lib/thumb/v7e-m/nofp\libc_nano.a(lib_a-errno.o)
                              ./Application/User/Core/syscalls.o (__errno)
c:/st/stm32cubeide_1.12.1/stm32cubeide/plugins/com.st.stm32cube.ide.mcu.externaltools.gnu-tools-for-stm32.10.3-2021.10.win32_1.0.200.202301161003/tools/bin/../lib/gcc/arm-none-eabi/10.3.1/../../../../arm-none-eabi/lib/thumb/v7e-m/nofp\libc_nano.a(lib_a-exit.o)
                              c:/st/stm32cubeide_1.12.1/stm32cubeide/plugins/com.st.stm32cube.ide.mcu.externaltools.gnu-tools-for-stm32.10.3-2021.10.win32_1.0.200.202301161003/tools/bin/../lib/gcc/arm-none-eabi/10.3.1/../../../../arm-none-eabi/lib/thumb/v7e-m/nofp/crt0.o (exit)
c:/st/stm32cubeide_1.12.1/stm32cubeide/plugins/com.st.stm32cube.ide.mcu.externaltools.gnu-tools-for-stm32.10.3-2021.10.win32_1.0.200.202301161003/tools/bin/../lib/gcc/arm-none-eabi/10.3.1/../../../../arm-none-eabi/lib/thumb/v7e-m/nofp\libc_nano.a(lib_a-impure.o)
                              c:/st/stm32cubeide_1.12.1/stm32cubeide/plugins/com.st.stm32cube.ide.mcu.externaltools.gnu-tools-for-stm32.10.3-2021.10.win32_1.0.200.202301161003/tools/bin/../lib/gcc/arm-none-eabi/10.3.1/../../../../arm-none-eabi/lib/thumb/v7e-m/nofp\libc_nano.a(lib_a-exit.o) (_global_impure_ptr)
c:/st/stm32cubeide_1.12.1/stm32cubeide/plugins/com.st.stm32cube.ide.mcu.externaltools.gnu-tools-for-stm32.10.3-2021.10.win32_1.0.200.202301161003/tools/bin/../lib/gcc/arm-none-eabi/10.3.1/../../../../arm-none-eabi/lib/thumb/v7e-m/nofp\libc_nano.a(lib_a-init.o)
                              c:/st/stm32cubeide_1.12.1/stm32cubeide/plugins/com.st.stm32cube.ide.mcu.externaltools.gnu-tools-for-stm32.10.3-2021.10.win32_1.0.200.202301161003/tools/bin/../lib/gcc/arm-none-eabi/10.3.1/../../../../arm-none-eabi/lib/thumb/v7e-m/nofp/crt0.o (__libc_init_array)
c:/st/stm32cubeide_1.12.1/stm32cubeide/plugins/com.st.stm32cube.ide.mcu.externaltools.gnu-tools-for-stm32.10.3-2021.10.win32_1.0.200.202301161003/tools/bin/../lib/gcc/arm-none-eabi/10.3.1/../../../../arm-none-eabi/lib/thumb/v7e-m/nofp\libc_nano.a(lib_a-memset.o)
                              c:/st/stm32cubeide_1.12.1/stm32cubeide/plugins/com.st.stm32cube.ide.mcu.externaltools.gnu-tools-for-stm32.10.3-2021.10.win32_1.0.200.202301161003/tools/bin/../lib/gcc/arm-none-eabi/10.3.1/../../../../arm-none-eabi/lib/thumb/v7e-m/nofp/crt0.o (memset)
c:/st/stm32cubeide_1.12.1/stm32cubeide/plugins/com.st.stm32cube.ide.mcu.externaltools.gnu-tools-for-stm32.10.3-2021.10.win32_1.0.200.202301161003/tools/bin/../lib/gcc/arm-none-eabi/10.3.1/../../../../arm-none-eabi/lib/thumb/v7e-m/nofp\libc_nano.a(lib_a-strlen.o)
                              ./Application/User/Core/sys_app.o (strlen)
c:/st/stm32cubeide_1.12.1/stm32cubeide/plugins/com.st.stm32cube.ide.mcu.externaltools.gnu-tools-for-stm32.10.3-2021.10.win32_1.0.200.202301161003/tools/bin/../lib/gcc/arm-none-eabi/10.3.1/../../../../arm-none-eabi/lib/thumb/v7e-m/nofp\libm.a(lib_a-s_floor.o)
                              ./Middlewares/LoRaWAN/RegionCommon.o (floor)
c:/st/stm32cubeide_1.12.1/stm32cubeide/plugins/com.st.stm32cube.ide.mcu.externaltools.gnu-tools-for-stm32.10.3-2021.10.win32_1.0.200.202301161003/tools/bin/../lib/gcc/arm-none-eabi/10.3.1/thumb/v7e-m/nofp\libgcc.a(_arm_muldf3.o)
                              ./Application/User/LoRaWAN/App/hdc1080.o (__aeabi_dmul)
c:/st/stm32cubeide_1.12.1/stm32cubeide/plugins/com.st.stm32cube.ide.mcu.externaltools.gnu-tools-for-stm32.10.3-2021.10.win32_1.0.200.202301161003/tools/bin/../lib/gcc/arm-none-eabi/10.3.1/thumb/v7e-m/nofp\libgcc.a(_arm_mulsf3.o)
                              ./Application/User/LoRaWAN/App/CayenneLpp.o (__aeabi_fmul)
c:/st/stm32cubeide_1.12.1/stm32cubeide/plugins/com.st.stm32cube.ide.mcu.externaltools.gnu-tools-for-stm32.10.3-2021.10.win32_1.0.200.202301161003/tools/bin/../lib/gcc/arm-none-eabi/10.3.1/thumb/v7e-m/nofp\libgcc.a(_arm_addsubdf3.o)
                              ./Application/User/LoRaWAN/App/hdc1080.o (__aeabi_dsub)
c:/st/stm32cubeide_1.12.1/stm32cubeide/plugins/com.st.stm32cube.ide.mcu.externaltools.gnu-tools-for-stm32.10.3-2021.10.win32_1.0.200.202301161003/tools/bin/../lib/gcc/arm-none-eabi/10.3.1/thumb/v7e-m/nofp\libgcc.a(_arm_cmpdf2.o)
                              c:/st/stm32cubeide_1.12.1/stm32cubeide/plugins/com.st.stm32cube.ide.mcu.externaltools.gnu-tools-for-stm32.10.3-2021.10.win32_1.0.200.202301161003/tools/bin/../lib/gcc/arm-none-eabi/10.3.1/../../../../arm-none-eabi/lib/thumb/v7e-m/nofp\libm.a(lib_a-s_floor.o) (__aeabi_dcmpgt)
c:/st/stm32cubeide_1.12.1/stm32cubeide/plugins/com.st.stm32cube.ide.mcu.externaltools.gnu-tools-for-stm32.10.3-2021.10.win32_1.0.200.202301161003/tools/bin/../lib/gcc/arm-none-eabi/10.3.1/thumb/v7e-m/nofp\libgcc.a(_arm_fixdfsi.o)
[...]
Memory Configuration

Name             Origin             Length             Attributes
ROM              0x0000000008000000 0x000000000003f000 xr
USER_Key_region_ROM 0x000000000803e500 0x0000000000000300 xr
RAM1             0x0000000020000000 0x0000000000008000 xrw
NVM_RAM          0x0000000020008000 0x0000000000001000 rw
RAM2             0x0000000020009000 0x0000000000007000 xrw
*default*        0x0000000000000000 0xffffffffffffffff

Linker script and memory map

LOAD c:/st/stm32cubeide_1.12.1/stm32cubeide/plugins/com.st.stm32cube.ide.mcu.externaltools.gnu-tools-for-stm32.10.3-2021.10.win32_1.0.200.202301161003/tools/bin/../lib/gcc/arm-none-eabi/10.3.1/thumb/v7e-m/nofp/crti.o
LOAD c:/st/stm32cubeide_1.12.1/stm32cubeide/plugins/com.st.stm32cube.ide.mcu.externaltools.gnu-tools-for-stm32.10.3-2021.10.win32_1.0.200.202301161003/tools/bin/../lib/gcc/arm-none-eabi/10.3.1/thumb/v7e-m/nofp/crtbegin.o
LOAD c:/st/stm32cubeide_1.12.1/stm32cubeide/plugins/com.st.stm32cube.ide.mcu.externaltools.gnu-tools-for-stm32.10.3-2021.10.win32_1.0.200.202301161003/tools/bin/../lib/gcc/arm-none-eabi/10.3.1/../../../../arm-none-eabi/lib/thumb/v7e-m/nofp/crt0.o
LOAD ./Application/User/Core/adc.o
LOAD ./Application/User/Core/dma.o
LOAD ./Application/User/Core/flash_if.o
LOAD ./Application/User/Core/gpio.o
LOAD ./Application/User/Core/i2c.o
LOAD ./Application/User/Core/main.o
LOAD ./Application/User/Core/rtc.o
LOAD ./Application/User/Core/stm32_lpm_if.o
LOAD ./Application/User/Core/stm32wlxx_hal_msp.o
LOAD ./Application/User/Core/stm32wlxx_it.o
LOAD ./Application/User/Core/subghz.o
LOAD ./Application/User/Core/sys_app.o
LOAD ./Application/User/Core/sys_debug.o
LOAD ./Application/User/Core/sys_sensors.o
LOAD ./Application/User/Core/syscalls.o
LOAD ./Application/User/Core/sysmem.o
LOAD ./Application/User/Core/timer_if.o
LOAD ./Application/User/Core/usart.o
LOAD ./Application/User/Core/usart_if.o
LOAD ./Application/User/LoRaWAN/App/CayenneLpp.o
LOAD ./Application/User/LoRaWAN/App/app_lorawan.o
LOAD ./Application/User/LoRaWAN/App/hdc1080.o
LOAD ./Application/User/LoRaWAN/App/lora_app.o
LOAD ./Application/User/LoRaWAN/App/lora_info.o
LOAD ./Application/User/LoRaWAN/Target/radio_board_if.o
LOAD ./Application/User/Startup/startup_stm32wle5ccux.o
LOAD ./Drivers/BSP/STM32WLxx_Nucleo/stm32wlxx_nucleo.o
LOAD ./Drivers/BSP/STM32WLxx_Nucleo/stm32wlxx_nucleo_radio.o
LOAD ./Drivers/CMSIS/system_stm32wlxx.o
LOAD ./Drivers/STM32WLxx_HAL_Driver/stm32wlxx_hal.o
LOAD ./Drivers/STM32WLxx_HAL_Driver/stm32wlxx_hal_adc.o
LOAD ./Drivers/STM32WLxx_HAL_Driver/stm32wlxx_hal_adc_ex.o
LOAD ./Drivers/STM32WLxx_HAL_Driver/stm32wlxx_hal_cortex.o
LOAD ./Drivers/STM32WLxx_HAL_Driver/stm32wlxx_hal_dma.o
LOAD ./Drivers/STM32WLxx_HAL_Driver/stm32wlxx_hal_dma_ex.o
LOAD ./Drivers/STM32WLxx_HAL_Driver/stm32wlxx_hal_exti.o
LOAD ./Drivers/STM32WLxx_HAL_Driver/stm32wlxx_hal_flash.o
LOAD ./Drivers/STM32WLxx_HAL_Driver/stm32wlxx_hal_flash_ex.o
LOAD ./Drivers/STM32WLxx_HAL_Driver/stm32wlxx_hal_gpio.o
LOAD ./Drivers/STM32WLxx_HAL_Driver/stm32wlxx_hal_i2c.o
LOAD ./Drivers/STM32WLxx_HAL_Driver/stm32wlxx_hal_i2c_ex.o
LOAD ./Drivers/STM32WLxx_HAL_Driver/stm32wlxx_hal_pwr.o
LOAD ./Drivers/STM32WLxx_HAL_Driver/stm32wlxx_hal_pwr_ex.o
LOAD ./Drivers/STM32WLxx_HAL_Driver/stm32wlxx_hal_rcc.o
LOAD ./Drivers/STM32WLxx_HAL_Driver/stm32wlxx_hal_rcc_ex.o
LOAD ./Drivers/STM32WLxx_HAL_Driver/stm32wlxx_hal_rtc.o
LOAD ./Drivers/STM32WLxx_HAL_Driver/stm32wlxx_hal_rtc_ex.o
LOAD ./Drivers/STM32WLxx_HAL_Driver/stm32wlxx_hal_subghz.o
LOAD ./Drivers/STM32WLxx_HAL_Driver/stm32wlxx_hal_tim.o
LOAD ./Drivers/STM32WLxx_HAL_Driver/stm32wlxx_hal_tim_ex.o
LOAD ./Drivers/STM32WLxx_HAL_Driver/stm32wlxx_hal_uart.o
LOAD ./Drivers/STM32WLxx_HAL_Driver/stm32wlxx_hal_uart_ex.o
LOAD ./Drivers/STM32WLxx_HAL_Driver/stm32wlxx_ll_adc.o
LOAD ./Middlewares/LoRaWAN/LmHandler.o
LOAD ./Middlewares/LoRaWAN/LmhpCompliance.o
LOAD ./Middlewares/LoRaWAN/LoRaMac.o
LOAD ./Middlewares/LoRaWAN/LoRaMacAdr.o
LOAD ./Middlewares/LoRaWAN/LoRaMacClassB.o
LOAD ./Middlewares/LoRaWAN/LoRaMacCommands.o
LOAD ./Middlewares/LoRaWAN/LoRaMacConfirmQueue.o
LOAD ./Middlewares/LoRaWAN/LoRaMacCrypto.o
LOAD ./Middlewares/LoRaWAN/LoRaMacParser.o
LOAD ./Middlewares/LoRaWAN/LoRaMacSerializer.o
LOAD ./Middlewares/LoRaWAN/NvmDataMgmt.o
LOAD ./Middlewares/LoRaWAN/Region.o
LOAD ./Middlewares/LoRaWAN/RegionAS923.o
LOAD ./Middlewares/LoRaWAN/RegionAU915.o
LOAD ./Middlewares/LoRaWAN/RegionBaseUS.o
LOAD ./Middlewares/LoRaWAN/RegionCN470.o
LOAD ./Middlewares/LoRaWAN/RegionCN470A20.o
LOAD ./Middlewares/LoRaWAN/RegionCN470A26.o
LOAD ./Middlewares/LoRaWAN/RegionCN470B20.o
LOAD ./Middlewares/LoRaWAN/RegionCN470B26.o
LOAD ./Middlewares/LoRaWAN/RegionCN779.o
LOAD ./Middlewares/LoRaWAN/RegionCommon.o
LOAD ./Middlewares/LoRaWAN/RegionEU433.o
LOAD ./Middlewares/LoRaWAN/RegionEU868.o
LOAD ./Middlewares/LoRaWAN/RegionIN865.o
LOAD ./Middlewares/LoRaWAN/RegionKR920.o
LOAD ./Middlewares/LoRaWAN/RegionRU864.o
LOAD ./Middlewares/LoRaWAN/RegionUS915.o
LOAD ./Middlewares/LoRaWAN/cmac.o
LOAD ./Middlewares/LoRaWAN/lorawan_aes.o
LOAD ./Middlewares/LoRaWAN/soft-se.o
LOAD ./Middlewares/LoRaWAN/utilities.o
LOAD ./Middlewares/SubGHz_Phy/radio.o
LOAD ./Middlewares/SubGHz_Phy/radio_driver.o
LOAD ./Middlewares/SubGHz_Phy/radio_fw.o
LOAD ./Utilities/stm32_adv_trace.o
LOAD ./Utilities/stm32_lpm.o
LOAD ./Utilities/stm32_mem.o
LOAD ./Utilities/stm32_seq.o
LOAD ./Utilities/stm32_systime.o
LOAD ./Utilities/stm32_timer.o
LOAD ./Utilities/stm32_tiny_sscanf.o
LOAD ./Utilities/stm32_tiny_vsnprintf.o
START GROUP
LOAD c:/st/stm32cubeide_1.12.1/stm32cubeide/plugins/com.st.stm32cube.ide.mcu.externaltools.gnu-tools-for-stm32.10.3-2021.10.win32_1.0.200.202301161003/tools/bin/../lib/gcc/arm-none-eabi/10.3.1/../../../../arm-none-eabi/lib/thumb/v7e-m/nofp\libc_nano.a
LOAD c:/st/stm32cubeide_1.12.1/stm32cubeide/plugins/com.st.stm32cube.ide.mcu.externaltools.gnu-tools-for-stm32.10.3-2021.10.win32_1.0.200.202301161003/tools/bin/../lib/gcc/arm-none-eabi/10.3.1/../../../../arm-none-eabi/lib/thumb/v7e-m/nofp\libm.a
END GROUP
START GROUP
LOAD c:/st/stm32cubeide_1.12.1/stm32cubeide/plugins/com.st.stm32cube.ide.mcu.externaltools.gnu-tools-for-stm32.10.3-2021.10.win32_1.0.200.202301161003/tools/bin/../lib/gcc/arm-none-eabi/10.3.1/thumb/v7e-m/nofp\libgcc.a
LOAD c:/st/stm32cubeide_1.12.1/stm32cubeide/plugins/com.st.stm32cube.ide.mcu.externaltools.gnu-tools-for-stm32.10.3-2021.10.win32_1.0.200.202301161003/tools/bin/../lib/gcc/arm-none-eabi/10.3.1/../../../../arm-none-eabi/lib/thumb/v7e-m/nofp\libc_nano.a
END GROUP
START GROUP
LOAD c:/st/stm32cubeide_1.12.1/stm32cubeide/plugins/com.st.stm32cube.ide.mcu.externaltools.gnu-tools-for-stm32.10.3-2021.10.win32_1.0.200.202301161003/tools/bin/../lib/gcc/arm-none-eabi/10.3.1/thumb/v7e-m/nofp\libgcc.a
LOAD c:/st/stm32cubeide_1.12.1/stm32cubeide/plugins/com.st.stm32cube.ide.mcu.externaltools.gnu-tools-for-stm32.10.3-2021.10.win32_1.0.200.202301161003/tools/bin/../lib/gcc/arm-none-eabi/10.3.1/../../../../arm-none-eabi/lib/thumb/v7e-m/nofp\libc_nano.a
LOAD c:/st/stm32cubeide_1.12.1/stm32cubeide/plugins/com.st.stm32cube.ide.mcu.externaltools.gnu-tools-for-stm32.10.3-2021.10.win32_1.0.200.202301161003/tools/bin/../lib/gcc/arm-none-eabi/10.3.1/../../../../arm-none-eabi/lib/thumb/v7e-m/nofp\libnosys.a
END GROUP
START GROUP
LOAD c:/st/stm32cubeide_1.12.1/stm32cubeide/plugins/com.st.stm32cube.ide.mcu.externaltools.gnu-tools-for-stm32.10.3-2021.10.win32_1.0.200.202301161003/tools/bin/../lib/gcc/arm-none-eabi/10.3.1/thumb/v7e-m/nofp\libgcc.a
LOAD c:/st/stm32cubeide_1.12.1/stm32cubeide/plugins/com.st.stm32cube.ide.mcu.externaltools.gnu-tools-for-stm32.10.3-2021.10.win32_1.0.200.202301161003/tools/bin/../lib/gcc/arm-none-eabi/10.3.1/../../../../arm-none-eabi/lib/thumb/v7e-m/nofp\libc_nano.a
LOAD c:/st/stm32cubeide_1.12.1/stm32cubeide/plugins/com.st.stm32cube.ide.mcu.externaltools.gnu-tools-for-stm32.10.3-2021.10.win32_1.0.200.202301161003/tools/bin/../lib/gcc/arm-none-eabi/10.3.1/../../../../arm-none-eabi/lib/thumb/v7e-m/nofp\libnosys.a
END GROUP
LOAD c:/st/stm32cubeide_1.12.1/stm32cubeide/plugins/com.st.stm32cube.ide.mcu.externaltools.gnu-tools-for-stm32.10.3-2021.10.win32_1.0.200.202301161003/tools/bin/../lib/gcc/arm-none-eabi/10.3.1/thumb/v7e-m/nofp/crtend.o
LOAD c:/st/stm32cubeide_1.12.1/stm32cubeide/plugins/com.st.stm32cube.ide.mcu.externaltools.gnu-tools-for-stm32.10.3-2021.10.win32_1.0.200.202301161003/tools/bin/../lib/gcc/arm-none-eabi/10.3.1/thumb/v7e-m/nofp/crtn.o
                0x0000000020008000                _estack = (ORIGIN (RAM1) + LENGTH (RAM1))
                0x0000000000000200                _Min_Heap_Size = 0x200
                0x0000000000000800                _Min_Stack_Size = 0x800

.isr_vector     0x0000000008000000      0x138
                0x0000000008000000                . = ALIGN (0x8)
 *(.isr_vector)
 .isr_vector    0x0000000008000000      0x138 ./Application/User/Startup/startup_stm32wle5ccux.o
                0x0000000008000000                g_pfnVectors
                0x0000000008000138                . = ALIGN (0x8)

.text           0x0000000008000138     0xfaf8
                0x0000000008000138                . = ALIGN (0x8)
 *(.text)
 .text          0x0000000008000138       0x40 c:/st/stm32cubeide_1.12.1/stm32cubeide/plugins/com.st.stm32cube.ide.mcu.externaltools.gnu-tools-for-stm32.10.3-2021.10.win32_1.0.200.202301161003/tools/bin/../lib/gcc/arm-none-eabi/10.3.1/thumb/v7e-m/nofp/crtbegin.o
 .text          0x0000000008000178       0x10 c:/st/stm32cubeide_1.12.1/stm32cubeide/plugins/com.st.stm32cube.ide.mcu.externaltools.gnu-tools-for-stm32.10.3-2021.10.win32_1.0.200.202301161003/tools/bin/../lib/gcc/arm-none-eabi/10.3.1/../../../../arm-none-eabi/lib/thumb/v7e-m/nofp\libc_nano.a(lib_a-strlen.o)
                0x0000000008000178                strlen
 .text          0x0000000008000188      0x254 c:/st/stm32cubeide_1.12.1/stm32cubeide/plugins/com.st.stm32cube.ide.mcu.externaltools.gnu-tools-for-stm32.10.3-2021.10.win32_1.0.200.202301161003/tools/bin/../lib/gcc/arm-none-eabi/10.3.1/thumb/v7e-m/nofp\libgcc.a(_arm_muldf3.o)
                0x0000000008000188                __muldf3
                0x0000000008000188                __aeabi_dmul
 .text          0x00000000080003dc      0x168 c:/st/stm32cubeide_1.12.1/stm32cubeide/plugins/com.st.stm32cube.ide.mcu.externaltools.gnu-tools-for-stm32.10.3-2021.10.win32_1.0.200.202301161003/tools/bin/../lib/gcc/arm-none-eabi/10.3.1/thumb/v7e-m/nofp\libgcc.a(_arm_mulsf3.o)
                0x00000000080003dc                __aeabi_fmul
                0x00000000080003dc                __mulsf3
 .text          0x0000000008000544      0x378 c:/st/stm32cubeide_1.12.1/stm32cubeide/plugins/com.st.stm32cube.ide.mcu.externaltools.gnu-tools-for-stm32.10.3-2021.10.win32_1.0.200.202301161003/tools/bin/../lib/gcc/arm-none-eabi/10.3.1/thumb/v7e-m/nofp\libgcc.a(_arm_addsubdf3.o)
                0x0000000008000544                __aeabi_drsub
                0x000000000800054c                __aeabi_dsub
                0x000000000800054c                __subdf3
                0x0000000008000550                __aeabi_dadd
                0x0000000008000550                __adddf3
                0x00000000080007c8                __floatunsidf
                0x00000000080007c8                __aeabi_ui2d
                0x00000000080007e8                __floatsidf
                0x00000000080007e8                __aeabi_i2d
                0x000000000800080c                __aeabi_f2d
                0x000000000800080c                __extendsfdf2
                0x0000000008000850                __floatundidf
                0x0000000008000850                __aeabi_ul2d
                0x0000000008000860                __floatdidf
                0x0000000008000860                __aeabi_l2d
 .text          0x00000000080008bc      0x110 c:/st/stm32cubeide_1.12.1/stm32cubeide/plugins/com.st.stm32cube.ide.mcu.externaltools.gnu-tools-for-stm32.10.3-2021.10.win32_1.0.200.202301161003/tools/bin/../lib/gcc/arm-none-eabi/10.3.1/thumb/v7e-m/nofp\libgcc.a(_arm_cmpdf2.o)
                0x00000000080008bc                __gtdf2
                0x00000000080008bc                __gedf2
                0x00000000080008c4                __ltdf2
                0x00000000080008c4                __ledf2
                0x00000000080008cc                __nedf2
                0x00000000080008cc                __eqdf2
                0x00000000080008cc                __cmpdf2
                0x0000000008000948                __aeabi_cdrcmple
                0x0000000008000958                __aeabi_cdcmpeq
                0x0000000008000958                __aeabi_cdcmple
                0x0000000008000968                __aeabi_dcmpeq
                0x000000000800097c                __aeabi_dcmplt
                0x0000000008000990                __aeabi_dcmple
                0x00000000080009a4                __aeabi_dcmpge
                0x00000000080009b8                __aeabi_dcmpgt
 .text          0x00000000080009cc       0x50 c:/st/stm32cubeide_1.12.1/stm32cubeide/plugins/com.st.stm32cube.ide.mcu.externaltools.gnu-tools-for-stm32.10.3-2021.10.win32_1.0.200.202301161003/tools/bin/../lib/gcc/arm-none-eabi/10.3.1/thumb/v7e-m/nofp\libgcc.a(_arm_fixdfsi.o)
                0x00000000080009cc                __aeabi_d2iz
                0x00000000080009cc                __fixdfsi
 .text          0x0000000008000a1c       0x40 c:/st/stm32cubeide_1.12.1/stm32cubeide/plugins/com.st.stm32cube.ide.mcu.externaltools.gnu-tools-for-stm32.10.3-2021.10.win32_1.0.200.202301161003/tools/bin/../lib/gcc/arm-none-eabi/10.3.1/thumb/v7e-m/nofp\libgcc.a(_arm_fixunsdfsi.o)
                0x0000000008000a1c                __aeabi_d2uiz
                0x0000000008000a1c                __fixunsdfsi
 .text          0x0000000008000a5c       0xa0 c:/st/stm32cubeide_1.12.1/stm32cubeide/plugins/com.st.stm32cube.ide.mcu.externaltools.gnu-tools-for-stm32.10.3-2021.10.win32_1.0.200.202301161003/tools/bin/../lib/gcc/arm-none-eabi/10.3.1/thumb/v7e-m/nofp\libgcc.a(_arm_truncdfsf2.o)
                0x0000000008000a5c                __truncdfsf2
                0x0000000008000a5c                __aeabi_d2f
 .text          0x0000000008000afc      0x21c c:/st/stm32cubeide_1.12.1/stm32cubeide/plugins/com.st.stm32cube.ide.mcu.externaltools.gnu-tools-for-stm32.10.3-2021.10.win32_1.0.200.202301161003/tools/bin/../lib/gcc/arm-none-eabi/10.3.1/thumb/v7e-m/nofp\libgcc.a(_arm_addsubsf3.o)
                0x0000000008000afc                __aeabi_frsub
                0x0000000008000b04                __subsf3
                0x0000000008000b04                __aeabi_fsub
                0x0000000008000b08                __aeabi_fadd
                0x0000000008000b08                __addsf3
                0x0000000008000c68                __aeabi_ui2f
                0x0000000008000c68                __floatunsisf
                0x0000000008000c70                __aeabi_i2f
                0x0000000008000c70                __floatsisf
                0x0000000008000c8c                __aeabi_ul2f
                0x0000000008000c8c                __floatundisf
                0x0000000008000c9c                __aeabi_l2f
                0x0000000008000c9c                __floatdisf
 .text          0x0000000008000d18       0x4c c:/st/stm32cubeide_1.12.1/stm32cubeide/plugins/com.st.stm32cube.ide.mcu.externaltools.gnu-tools-for-stm32.10.3-2021.10.win32_1.0.200.202301161003/tools/bin/../lib/gcc/arm-none-eabi/10.3.1/thumb/v7e-m/nofp\libgcc.a(_arm_fixsfsi.o)
                0x0000000008000d18                __aeabi_f2iz
                0x0000000008000d18                __fixsfsi
 .text          0x0000000008000d64       0x30 c:/st/stm32cubeide_1.12.1/stm32cubeide/plugins/com.st.stm32cube.ide.mcu.externaltools.gnu-tools-for-stm32.10.3-2021.10.win32_1.0.200.202301161003/tools/bin/../lib/gcc/arm-none-eabi/10.3.1/thumb/v7e-m/nofp\libgcc.a(_aeabi_uldivmod.o)
                0x0000000008000d64                __aeabi_uldivmod
 .text          0x0000000008000d94      0x2d0 c:/st/stm32cubeide_1.12.1/stm32cubeide/plugins/com.st.stm32cube.ide.mcu.externaltools.gnu-tools-for-stm32.10.3-2021.10.win32_1.0.200.202301161003/tools/bin/../lib/gcc/arm-none-eabi/10.3.1/thumb/v7e-m/nofp\libgcc.a(_udivmoddi4.o)
                0x0000000008000d94                __udivmoddi4
 .text          0x0000000008001064        0x4 c:/st/stm32cubeide_1.12.1/stm32cubeide/plugins/com.st.stm32cube.ide.mcu.externaltools.gnu-tools-for-stm32.10.3-2021.10.win32_1.0.200.202301161003/tools/bin/../lib/gcc/arm-none-eabi/10.3.1/thumb/v7e-m/nofp\libgcc.a(_dvmd_tls.o)
                0x0000000008001064                __aeabi_idiv0
                0x0000000008001064                __aeabi_ldiv0
 *(.text*)
 .text.MX_DMA_Init
                0x0000000008001068       0x40 ./Application/User/Core/dma.o
                0x0000000008001068                MX_DMA_Init
 .text.FLASH_IF_INT_Clear_Error
                0x00000000080010a8       0x2c ./Application/User/Core/flash_if.o
 .text.FLASH_IF_INT_Erase
                0x00000000080010d4       0x90 ./Application/User/Core/flash_if.o
 .text.FLASH_IF_Write
                0x0000000008001164      0x1bc ./Application/User/Core/flash_if.o
                0x0000000008001164                FLASH_IF_Write
 .text.FLASH_IF_Read
                0x0000000008001320       0x40 ./Application/User/Core/flash_if.o
                0x0000000008001320                FLASH_IF_Read
 .text.FLASH_IF_Erase
                0x0000000008001360       0x34 ./Application/User/Core/flash_if.o
                0x0000000008001360                FLASH_IF_Erase
 .text.LL_AHB2_GRP1_EnableClock
                0x0000000008001394       0x18 ./Application/User/Core/gpio.o
 .text.MX_GPIO_Init
                0x00000000080013ac       0x9c ./Application/User/Core/gpio.o
                0x00000000080013ac                MX_GPIO_Init
 .text.MX_I2C2_Init
                0x0000000008001448       0x58 ./Application/User/Core/i2c.o
                0x0000000008001448                MX_I2C2_Init
 .text.HAL_I2C_MspInit
                0x00000000080014a0       0x98 ./Application/User/Core/i2c.o
                0x00000000080014a0                HAL_I2C_MspInit
 .text.SystemClock_Config
                0x0000000008001538       0x8c ./Application/User/Core/main.o
                0x0000000008001538                SystemClock_Config
 .text.startup.main
                0x00000000080015c4       0x1c ./Application/User/Core/main.o
                0x00000000080015c4                main
 .text.Error_Handler
                0x00000000080015e0        0x4 ./Application/User/Core/main.o
                0x00000000080015e0                Error_Handler
 .text.MX_RTC_Init
                0x00000000080015e4       0x74 ./Application/User/Core/rtc.o
                0x00000000080015e4                MX_RTC_Init
 .text.HAL_RTC_MspInit
                0x0000000008001658       0x7c ./Application/User/Core/rtc.o
                0x0000000008001658                HAL_RTC_MspInit
 .text.PWR_EnterOffMode
                0x00000000080016d4        0x2 ./Application/User/Core/stm32_lpm_if.o
                0x00000000080016d4                PWR_EnterOffMode
 *fill*         0x00000000080016d6        0x2 
 .text.PWR_EnterStopMode
                0x00000000080016d8       0x1c ./Application/User/Core/stm32_lpm_if.o
                0x00000000080016d8                PWR_EnterStopMode
 .text.PWR_ExitSleepMode
                0x00000000080016f4        0x4 ./Application/User/Core/stm32_lpm_if.o
                0x00000000080016f4                PWR_ExitSleepMode
 .text.PWR_ExitStopMode
                0x00000000080016f8        0xe ./Application/User/Core/stm32_lpm_if.o
                0x00000000080016f8                PWR_ExitStopMode
 .text.PWR_EnterSleepMode
                0x0000000008001706       0x12 ./Application/User/Core/stm32_lpm_if.o
                0x0000000008001706                PWR_EnterSleepMode
 .text.PWR_ExitOffMode
                0x0000000008001718        0x2 ./Application/User/Core/stm32_lpm_if.o
                0x0000000008001718                PWR_ExitOffMode
 .text.HAL_MspInit
                0x000000000800171a        0x2 ./Application/User/Core/stm32wlxx_hal_msp.o
                0x000000000800171a                HAL_MspInit
 .text.NMI_Handler
                0x000000000800171c        0x2 ./Application/User/Core/stm32wlxx_it.o
                0x000000000800171c                NMI_Handler
 .text.HardFault_Handler
                0x000000000800171e        0x2 ./Application/User/Core/stm32wlxx_it.o
                0x000000000800171e                HardFault_Handler
 .text.MemManage_Handler
                0x0000000008001720        0x2 ./Application/User/Core/stm32wlxx_it.o
                0x0000000008001720                MemManage_Handler
 .text.BusFault_Handler
                0x0000000008001722        0x2 ./Application/User/Core/stm32wlxx_it.o
                0x0000000008001722                BusFault_Handler
 .text.UsageFault_Handler
                0x0000000008001724        0x2 ./Application/User/Core/stm32wlxx_it.o
                0x0000000008001724                UsageFault_Handler
 .text.SVC_Handler
                0x0000000008001726        0x2 ./Application/User/Core/stm32wlxx_it.o
                0x0000000008001726                SVC_Handler
 .text.DebugMon_Handler
                0x0000000008001728        0x2 ./Application/User/Core/stm32wlxx_it.o
                0x0000000008001728                DebugMon_Handler
 .text.PendSV_Handler
                0x000000000800172a        0x2 ./Application/User/Core/stm32wlxx_it.o
                0x000000000800172a                PendSV_Handler
 .text.SysTick_Handler
                0x000000000800172c        0x2 ./Application/User/Core/stm32wlxx_it.o
                0x000000000800172c                SysTick_Handler
 *fill*         0x000000000800172e        0x2 
 .text.TAMP_STAMP_LSECSS_SSRU_IRQHandler
                0x0000000008001730        0xc ./Application/User/Core/stm32wlxx_it.o
                0x0000000008001730                TAMP_STAMP_LSECSS_SSRU_IRQHandler
 .text.DMA1_Channel5_IRQHandler
                0x000000000800173c        0xc ./Application/User/Core/stm32wlxx_it.o
                0x000000000800173c                DMA1_Channel5_IRQHandler
 .text.I2C2_EV_IRQHandler
                0x0000000008001748        0xc ./Application/User/Core/stm32wlxx_it.o
                0x0000000008001748                I2C2_EV_IRQHandler
 .text.USART2_IRQHandler
                0x0000000008001754        0xc ./Application/User/Core/stm32wlxx_it.o
                0x0000000008001754                USART2_IRQHandler
 .text.RTC_Alarm_IRQHandler
                0x0000000008001760        0xc ./Application/User/Core/stm32wlxx_it.o
                0x0000000008001760                RTC_Alarm_IRQHandler
 .text.SUBGHZ_Radio_IRQHandler
                0x000000000800176c        0xc ./Application/User/Core/stm32wlxx_it.o
                0x000000000800176c                SUBGHZ_Radio_IRQHandler
 .text.MX_SUBGHZ_Init
                0x0000000008001778       0x1c ./Application/User/Core/subghz.o
                0x0000000008001778                MX_SUBGHZ_Init
 .text.HAL_SUBGHZ_MspInit
                0x0000000008001794       0x2e ./Application/User/Core/subghz.o
                0x0000000008001794                HAL_SUBGHZ_MspInit
 *fill*         0x00000000080017c2        0x2 
 .text.tiny_snprintf_like.constprop.0
                0x00000000080017c4       0x20 ./Application/User/Core/sys_app.o
 .text.TimestampNow
                0x00000000080017e4       0x30 ./Application/User/Core/sys_app.o
 .text.SystemApp_Init
                0x0000000008001814       0x5c ./Application/User/Core/sys_app.o
                0x0000000008001814                SystemApp_Init
 .text.UTIL_SEQ_Idle
                0x0000000008001870        0x4 ./Application/User/Core/sys_app.o
                0x0000000008001870                UTIL_SEQ_Idle
 .text.GetBatteryLevel
                0x0000000008001874        0x4 ./Application/User/Core/sys_app.o
                0x0000000008001874                GetBatteryLevel
 .text.GetTemperatureLevel
                0x0000000008001878       0x16 ./Application/User/Core/sys_app.o
                0x0000000008001878                GetTemperatureLevel
 *fill*         0x000000000800188e        0x2 
 .text.GetUniqueId
                0x0000000008001890       0x68 ./Application/User/Core/sys_app.o
                0x0000000008001890                GetUniqueId
 .text.GetDevAddr
                0x00000000080018f8       0x2c ./Application/User/Core/sys_app.o
                0x00000000080018f8                GetDevAddr
 .text.UTIL_ADV_TRACE_PreSendHook
                0x0000000008001924        0x8 ./Application/User/Core/sys_app.o
                0x0000000008001924                UTIL_ADV_TRACE_PreSendHook
 .text.UTIL_ADV_TRACE_PostSendHook
                0x000000000800192c        0x8 ./Application/User/Core/sys_app.o
                0x000000000800192c                UTIL_ADV_TRACE_PostSendHook
 .text.HAL_InitTick
                0x0000000008001934        0x4 ./Application/User/Core/sys_app.o
                0x0000000008001934                HAL_InitTick
 .text.HAL_GetTick
                0x0000000008001938       0x10 ./Application/User/Core/sys_app.o
                0x0000000008001938                HAL_GetTick
 .text.HAL_Delay
                0x0000000008001948        0xc ./Application/User/Core/sys_app.o
                0x0000000008001948                HAL_Delay
 .text.DBG_Init
                0x0000000008001954       0x80 ./Application/User/Core/sys_debug.o
                0x0000000008001954                DBG_Init
 .text.EnvSensors_Read
                0x00000000080019d4       0x2c ./Application/User/Core/sys_sensors.o
                0x00000000080019d4                EnvSensors_Read
 .text.EnvSensors_Init
                0x0000000008001a00        0x4 ./Application/User/Core/sys_sensors.o
                0x0000000008001a00                EnvSensors_Init
 .text.TIMER_IF_GetTimerContext
                0x0000000008001a04        0xc ./Application/User/Core/timer_if.o
                0x0000000008001a04                TIMER_IF_GetTimerContext
 .text.TIMER_IF_GetMinimumTimeout
                0x0000000008001a10        0x4 ./Application/User/Core/timer_if.o
                0x0000000008001a10                TIMER_IF_GetMinimumTimeout
 .text.TIMER_IF_Convert_ms2Tick
                0x0000000008001a14       0x14 ./Application/User/Core/timer_if.o
                0x0000000008001a14                TIMER_IF_Convert_ms2Tick
 .text.TIMER_IF_Convert_Tick2ms
                0x0000000008001a28       0x10 ./Application/User/Core/timer_if.o
                0x0000000008001a28                TIMER_IF_Convert_Tick2ms
 .text.GetTimerTicks
                0x0000000008001a38       0x14 ./Application/User/Core/timer_if.o
 .text.TIMER_IF_SetTimerContext
                0x0000000008001a4c       0x10 ./Application/User/Core/timer_if.o
                0x0000000008001a4c                TIMER_IF_SetTimerContext
 .text.TIMER_IF_GetTimerElapsedTime
                0x0000000008001a5c       0x14 ./Application/User/Core/timer_if.o
                0x0000000008001a5c                TIMER_IF_GetTimerElapsedTime
 .text.TIMER_IF_GetTimerValue
                0x0000000008001a70       0x10 ./Application/User/Core/timer_if.o
                0x0000000008001a70                TIMER_IF_GetTimerValue
 .text.TIMER_IF_StopTimer
                0x0000000008001a80       0x28 ./Application/User/Core/timer_if.o
                0x0000000008001a80                TIMER_IF_StopTimer
 .text.TIMER_IF_BkUp_Write_Seconds
                0x0000000008001aa8       0x10 ./Application/User/Core/timer_if.o
                0x0000000008001aa8                TIMER_IF_BkUp_Write_Seconds
 .text.TIMER_IF_BkUp_Write_SubSeconds
                0x0000000008001ab8       0x10 ./Application/User/Core/timer_if.o
                0x0000000008001ab8                TIMER_IF_BkUp_Write_SubSeconds
 .text.TIMER_IF_StartTimer
                0x0000000008001ac8       0x50 ./Application/User/Core/timer_if.o
                0x0000000008001ac8                TIMER_IF_StartTimer
 .text.TIMER_IF_GetTime
                0x0000000008001b18       0x30 ./Application/User/Core/timer_if.o
                0x0000000008001b18                TIMER_IF_GetTime
 .text.TIMER_IF_BkUp_Read_Seconds
                0x0000000008001b48        0xc ./Application/User/Core/timer_if.o
                0x0000000008001b48                TIMER_IF_BkUp_Read_Seconds
 .text.TIMER_IF_BkUp_Read_SubSeconds
                0x0000000008001b54        0xc ./Application/User/Core/timer_if.o
                0x0000000008001b54                TIMER_IF_BkUp_Read_SubSeconds
 .text.TIMER_IF_Init
                0x0000000008001b60       0x48 ./Application/User/Core/timer_if.o
                0x0000000008001b60                TIMER_IF_Init
 .text.TIMER_IF_DelayMs
                0x0000000008001ba8       0x2a ./Application/User/Core/timer_if.o
                0x0000000008001ba8                TIMER_IF_DelayMs
 .text.HAL_RTC_AlarmAEventCallback
                0x0000000008001bd2        0x4 ./Application/User/Core/timer_if.o
                0x0000000008001bd2                HAL_RTC_AlarmAEventCallback
 *fill*         0x0000000008001bd6        0x2 
 .text.HAL_RTCEx_SSRUEventCallback
                0x0000000008001bd8       0x20 ./Application/User/Core/timer_if.o
                0x0000000008001bd8                HAL_RTCEx_SSRUEventCallback
 .text.MX_USART2_UART_Init
                0x0000000008001bf8       0x64 ./Application/User/Core/usart.o
                0x0000000008001bf8                MX_USART2_UART_Init
 .text.HAL_UART_MspInit
                0x0000000008001c5c       0xdc ./Application/User/Core/usart.o
                0x0000000008001c5c                HAL_UART_MspInit
 .text.HAL_UART_MspDeInit
                0x0000000008001d38       0x38 ./Application/User/Core/usart.o
                0x0000000008001d38                HAL_UART_MspDeInit
 .text.vcom_Trace_DMA
                0x0000000008001d70       0x14 ./Application/User/Core/usart_if.o
                0x0000000008001d70                vcom_Trace_DMA
 .text.vcom_ReceiveInit
                0x0000000008001d84       0x54 ./Application/User/Core/usart_if.o
                0x0000000008001d84                vcom_ReceiveInit
 .text.vcom_Init
                0x0000000008001dd8       0x28 ./Application/User/Core/usart_if.o
                0x0000000008001dd8                vcom_Init
 .text.vcom_DeInit
                0x0000000008001e00       0x2c ./Application/User/Core/usart_if.o
                0x0000000008001e00                vcom_DeInit
 .text.vcom_Resume
                0x0000000008001e2c       0x28 ./Application/User/Core/usart_if.o
                0x0000000008001e2c                vcom_Resume
 .text.HAL_UART_TxCpltCallback
                0x0000000008001e54       0x1c ./Application/User/Core/usart_if.o
                0x0000000008001e54                HAL_UART_TxCpltCallback
 .text.HAL_UART_RxCpltCallback
                0x0000000008001e70       0x3c ./Application/User/Core/usart_if.o
                0x0000000008001e70                HAL_UART_RxCpltCallback
 .text.MX_LoRaWAN_Init
                0x0000000008001eac        0xe ./Application/User/LoRaWAN/App/app_lorawan.o
                0x0000000008001eac                MX_LoRaWAN_Init
 .text.MX_LoRaWAN_Process
                0x0000000008001eba        0x8 ./Application/User/LoRaWAN/App/app_lorawan.o
                0x0000000008001eba                MX_LoRaWAN_Process
 .text.hdc1080_enable_bootstrap
                0x0000000008001ec2        0xc ./Application/User/LoRaWAN/App/hdc1080.o
                0x0000000008001ec2                hdc1080_enable_bootstrap
 *fill*         0x0000000008001ece        0x2 
 .text.hdc1080_init
                0x0000000008001ed0       0x6c ./Application/User/LoRaWAN/App/hdc1080.o
                0x0000000008001ed0                hdc1080_init
 *fill*         0x0000000008001f3c        0x4 
 .text.hdc1080_event_read
                0x0000000008001f40       0xc0 ./Application/User/LoRaWAN/App/hdc1080.o
                0x0000000008001f40                hdc1080_event_read
 .text.OnRxTimerLedEvent
                0x0000000008002000        0x2 ./Application/User/LoRaWAN/App/lora_app.o
 .text.OnSysTimeUpdate
                0x0000000008002002        0x2 ./Application/User/LoRaWAN/App/lora_app.o
 .text.OnTxFrameCtrlChanged
                0x0000000008002004        0xc ./Application/User/LoRaWAN/App/lora_app.o
 .text.OnPingSlotPeriodicityChanged
                0x0000000008002010        0xc ./Application/User/LoRaWAN/App/lora_app.o
 .text.OnClassChange
                0x000000000800201c       0x24 ./Application/User/LoRaWAN/App/lora_app.o
 .text.OnTxTimerEvent
                0x0000000008002040       0x18 ./Application/User/LoRaWAN/App/lora_app.o
 .text.OnMacProcessNotify
                0x0000000008002058        0x8 ./Application/User/LoRaWAN/App/lora_app.o
 .text.OnTxPeriodicityChanged
                0x0000000008002060       0x30 ./Application/User/LoRaWAN/App/lora_app.o
 .text.OnStopJoinTimerEvent
                0x0000000008002090       0x38 ./Application/User/LoRaWAN/App/lora_app.o
 .text.OnTxTimerLedEvent
                0x00000000080020c8        0xe ./Application/User/LoRaWAN/App/lora_app.o
 *fill*         0x00000000080020d6        0x2 
 .text.OnStoreContextRequest
                0x00000000080020d8       0x28 ./Application/User/LoRaWAN/App/lora_app.o
 .text.OnRestoreContextRequest
                0x0000000008002100        0xc ./Application/User/LoRaWAN/App/lora_app.o
 .text.StopJoin
                0x000000000800210c       0x90 ./Application/User/LoRaWAN/App/lora_app.o
 .text.SendTxData
                0x000000000800219c      0x178 ./Application/User/LoRaWAN/App/lora_app.o
 .text.OnJoinTimerLedEvent
                0x0000000008002314        0xc ./Application/User/LoRaWAN/App/lora_app.o
 .text.OnBeaconStatusChange
                0x0000000008002320       0x7c ./Application/User/LoRaWAN/App/lora_app.o
 .text.OnNvmDataChange
                0x000000000800239c       0x1c ./Application/User/LoRaWAN/App/lora_app.o
 .text.OnSystemReset
                0x00000000080023b8       0x34 ./Application/User/LoRaWAN/App/lora_app.o
 .text.OnJoinRequest
                0x00000000080023ec       0x50 ./Application/User/LoRaWAN/App/lora_app.o
 .text.OnTxData
                0x000000000800243c       0xb0 ./Application/User/LoRaWAN/App/lora_app.o
 .text.OnRxData
                0x00000000080024ec       0xb8 ./Application/User/LoRaWAN/App/lora_app.o
 .text.StoreContext
                0x00000000080025a4       0x30 ./Application/User/LoRaWAN/App/lora_app.o
 .text.LoRaWAN_Init
                0x00000000080025d4      0x1a4 ./Application/User/LoRaWAN/App/lora_app.o
                0x00000000080025d4                LoRaWAN_Init
 .text.LoraInfo_Init
                0x0000000008002778       0x18 ./Application/User/LoRaWAN/App/lora_info.o
                0x0000000008002778                LoraInfo_Init
 .text.LoraInfo_GetPtr
                0x0000000008002790        0x8 ./Application/User/LoRaWAN/App/lora_info.o
                0x0000000008002790                LoraInfo_GetPtr
 .text.LL_AHB2_GRP1_EnableClock
                0x0000000008002798       0x18 ./Application/User/LoRaWAN/Target/radio_board_if.o
 .text.RBI_Init
                0x00000000080027b0       0x70 ./Application/User/LoRaWAN/Target/radio_board_if.o
                0x00000000080027b0                RBI_Init
 .text.RBI_ConfigRFSwitch
                0x0000000008002820       0x44 ./Application/User/LoRaWAN/Target/radio_board_if.o
                0x0000000008002820                RBI_ConfigRFSwitch
 .text.RBI_GetTxConfig
                0x0000000008002864        0x4 ./Application/User/LoRaWAN/Target/radio_board_if.o
                0x0000000008002864                RBI_GetTxConfig
 .text.RBI_IsTCXO
                0x0000000008002868        0x4 ./Application/User/LoRaWAN/Target/radio_board_if.o
                0x0000000008002868                RBI_IsTCXO
 .text.RBI_IsDCDC
                0x000000000800286c        0x4 ./Application/User/LoRaWAN/Target/radio_board_if.o
                0x000000000800286c                RBI_IsDCDC
 .text.RBI_GetRFOMaxPowerConfig
                0x0000000008002870        0xa ./Application/User/LoRaWAN/Target/radio_board_if.o
                0x0000000008002870                RBI_GetRFOMaxPowerConfig
 *fill*         0x000000000800287a        0x2 
 .text.Reset_Handler
                0x000000000800287c       0x50 ./Application/User/Startup/startup_stm32wle5ccux.o
                0x000000000800287c                Reset_Handler
 .text.Default_Handler
                0x00000000080028cc        0x2 ./Application/User/Startup/startup_stm32wle5ccux.o
                0x00000000080028cc                EXTI2_IRQHandler
                0x00000000080028cc                TIM1_CC_IRQHandler
                0x00000000080028cc                EXTI3_IRQHandler
                0x00000000080028cc                LPTIM2_IRQHandler
                0x00000000080028cc                I2C3_ER_IRQHandler
                0x00000000080028cc                LPTIM3_IRQHandler
                0x00000000080028cc                EXTI0_IRQHandler
                0x00000000080028cc                SPI1_IRQHandler
                0x00000000080028cc                DMA2_Channel2_IRQHandler
                0x00000000080028cc                DMA1_Channel4_IRQHandler
                0x00000000080028cc                PKA_IRQHandler
                0x00000000080028cc                TIM17_IRQHandler
                0x00000000080028cc                DMA1_Channel7_IRQHandler
                0x00000000080028cc                SUBGHZSPI_IRQHandler
                0x00000000080028cc                DMA2_Channel1_IRQHandler
                0x00000000080028cc                I2C1_EV_IRQHandler
                0x00000000080028cc                DMAMUX1_OVR_IRQHandler
                0x00000000080028cc                DMA1_Channel6_IRQHandler
                0x00000000080028cc                TIM16_IRQHandler
                0x00000000080028cc                DMA2_Channel4_IRQHandler
                0x00000000080028cc                RCC_IRQHandler
                0x00000000080028cc                TIM1_TRG_COM_IRQHandler
                0x00000000080028cc                DMA1_Channel1_IRQHandler
                0x00000000080028cc                Default_Handler
                0x00000000080028cc                DMA2_Channel7_IRQHandler
                0x00000000080028cc                EXTI15_10_IRQHandler
                0x00000000080028cc                ADC_IRQHandler
                0x00000000080028cc                I2C3_EV_IRQHandler
                0x00000000080028cc                EXTI9_5_IRQHandler
                0x00000000080028cc                RTC_WKUP_IRQHandler
                0x00000000080028cc                PVD_PVM_IRQHandler
                0x00000000080028cc                SPI2_IRQHandler
                0x00000000080028cc                DMA2_Channel5_IRQHandler
                0x00000000080028cc                EXTI4_IRQHandler
                0x00000000080028cc                RNG_IRQHandler
                0x00000000080028cc                DMA1_Channel3_IRQHandler
                0x00000000080028cc                COMP_IRQHandler
                0x00000000080028cc                HSEM_IRQHandler
                0x00000000080028cc                TIM1_UP_IRQHandler
                0x00000000080028cc                WWDG_IRQHandler
                0x00000000080028cc                LPUART1_IRQHandler
                0x00000000080028cc                DMA2_Channel6_IRQHandler
                0x00000000080028cc                TIM2_IRQHandler
                0x00000000080028cc                TIM1_BRK_IRQHandler
                0x00000000080028cc                DAC_IRQHandler
                0x00000000080028cc                EXTI1_IRQHandler
                0x00000000080028cc                AES_IRQHandler
                0x00000000080028cc                I2C2_ER_IRQHandler
                0x00000000080028cc                DMA1_Channel2_IRQHandler
                0x00000000080028cc                FLASH_IRQHandler
                0x00000000080028cc                USART1_IRQHandler
                0x00000000080028cc                I2C1_ER_IRQHandler
                0x00000000080028cc                LPTIM1_IRQHandler
                0x00000000080028cc                DMA2_Channel3_IRQHandler
 .text.SystemInit
                0x00000000080028ce        0x2 ./Drivers/CMSIS/system_stm32wlxx.o
                0x00000000080028ce                SystemInit
 .text.HAL_Init
                0x00000000080028d0       0x2c ./Drivers/STM32WLxx_HAL_Driver/stm32wlxx_hal.o
                0x00000000080028d0                HAL_Init
 .text.HAL_SuspendTick
                0x00000000080028fc        0xe ./Drivers/STM32WLxx_HAL_Driver/stm32wlxx_hal.o
                0x00000000080028fc                HAL_SuspendTick
 .text.HAL_ResumeTick
                0x000000000800290a        0xe ./Drivers/STM32WLxx_HAL_Driver/stm32wlxx_hal.o
                0x000000000800290a                HAL_ResumeTick
 .text.HAL_GetUIDw0
                0x0000000008002918        0xc ./Drivers/STM32WLxx_HAL_Driver/stm32wlxx_hal.o
                0x0000000008002918                HAL_GetUIDw0
 .text.HAL_GetUIDw1
                0x0000000008002924        0xc ./Drivers/STM32WLxx_HAL_Driver/stm32wlxx_hal.o
                0x0000000008002924                HAL_GetUIDw1
 .text.HAL_GetUIDw2
                0x0000000008002930        0xc ./Drivers/STM32WLxx_HAL_Driver/stm32wlxx_hal.o
                0x0000000008002930                HAL_GetUIDw2
 .text.HAL_DBGMCU_DisableDBGSleepMode
                0x000000000800293c       0x10 ./Drivers/STM32WLxx_HAL_Driver/stm32wlxx_hal.o
                0x000000000800293c                HAL_DBGMCU_DisableDBGSleepMode
 .text.HAL_DBGMCU_DisableDBGStopMode
                0x000000000800294c       0x10 ./Drivers/STM32WLxx_HAL_Driver/stm32wlxx_hal.o
                0x000000000800294c                HAL_DBGMCU_DisableDBGStopMode
 .text.HAL_DBGMCU_DisableDBGStandbyMode
                0x000000000800295c       0x10 ./Drivers/STM32WLxx_HAL_Driver/stm32wlxx_hal.o
                0x000000000800295c                HAL_DBGMCU_DisableDBGStandbyMode
 .text.HAL_NVIC_SetPriorityGrouping
                0x000000000800296c       0x24 ./Drivers/STM32WLxx_HAL_Driver/stm32wlxx_hal_cortex.o
                0x000000000800296c                HAL_NVIC_SetPriorityGrouping
 .text.HAL_NVIC_SetPriority
                0x0000000008002990       0x64 ./Drivers/STM32WLxx_HAL_Driver/stm32wlxx_hal_cortex.o
                0x0000000008002990                HAL_NVIC_SetPriority
 .text.HAL_NVIC_EnableIRQ
                0x00000000080029f4       0x1c ./Drivers/STM32WLxx_HAL_Driver/stm32wlxx_hal_cortex.o
                0x00000000080029f4                HAL_NVIC_EnableIRQ
 .text.HAL_NVIC_DisableIRQ
                0x0000000008002a10       0x28 ./Drivers/STM32WLxx_HAL_Driver/stm32wlxx_hal_cortex.o
                0x0000000008002a10                HAL_NVIC_DisableIRQ
 .text.DMA_SetConfig
                0x0000000008002a38       0x34 ./Drivers/STM32WLxx_HAL_Driver/stm32wlxx_hal_dma.o
 .text.DMA_CalcDMAMUXChannelBaseAndMask
                0x0000000008002a6c       0x4c ./Drivers/STM32WLxx_HAL_Driver/stm32wlxx_hal_dma.o
 .text.HAL_DMA_Init
                0x0000000008002ab8       0xec ./Drivers/STM32WLxx_HAL_Driver/stm32wlxx_hal_dma.o
                0x0000000008002ab8                HAL_DMA_Init
 .text.HAL_DMA_DeInit
                0x0000000008002ba4       0xb0 ./Drivers/STM32WLxx_HAL_Driver/stm32wlxx_hal_dma.o
                0x0000000008002ba4                HAL_DMA_DeInit
 .text.HAL_DMA_Start_IT
                0x0000000008002c54       0x8a ./Drivers/STM32WLxx_HAL_Driver/stm32wlxx_hal_dma.o
                0x0000000008002c54                HAL_DMA_Start_IT
 .text.HAL_DMA_Abort
                0x0000000008002cde       0x6a ./Drivers/STM32WLxx_HAL_Driver/stm32wlxx_hal_dma.o
                0x0000000008002cde                HAL_DMA_Abort
 .text.HAL_DMA_Abort_IT
                0x0000000008002d48       0x6e ./Drivers/STM32WLxx_HAL_Driver/stm32wlxx_hal_dma.o
                0x0000000008002d48                HAL_DMA_Abort_IT
 *fill*         0x0000000008002db6        0x2 
 .text.HAL_DMA_IRQHandler
                0x0000000008002db8       0xac ./Drivers/STM32WLxx_HAL_Driver/stm32wlxx_hal_dma.o
                0x0000000008002db8                HAL_DMA_IRQHandler
 .text.HAL_DMA_ConfigChannelAttributes
                0x0000000008002e64       0x20 ./Drivers/STM32WLxx_HAL_Driver/stm32wlxx_hal_dma.o
                0x0000000008002e64                HAL_DMA_ConfigChannelAttributes
 .text.FLASH_Program_Fast
                0x0000000008002e84       0x30 ./Drivers/STM32WLxx_HAL_Driver/stm32wlxx_hal_flash.o
 .text.HAL_FLASH_Unlock
                0x0000000008002eb4       0x24 ./Drivers/STM32WLxx_HAL_Driver/stm32wlxx_hal_flash.o
                0x0000000008002eb4                HAL_FLASH_Unlock
 .text.HAL_FLASH_Lock
                0x0000000008002ed8       0x18 ./Drivers/STM32WLxx_HAL_Driver/stm32wlxx_hal_flash.o
                0x0000000008002ed8                HAL_FLASH_Lock
 .text.FLASH_WaitForLastOperation
                0x0000000008002ef0       0x5c ./Drivers/STM32WLxx_HAL_Driver/stm32wlxx_hal_flash.o
                0x0000000008002ef0                FLASH_WaitForLastOperation
 .text.HAL_FLASH_Program
                0x0000000008002f4c       0x70 ./Drivers/STM32WLxx_HAL_Driver/stm32wlxx_hal_flash.o
                0x0000000008002f4c                HAL_FLASH_Program
 .text.FLASH_PageErase
                0x0000000008002fbc       0x1c ./Drivers/STM32WLxx_HAL_Driver/stm32wlxx_hal_flash_ex.o
                0x0000000008002fbc                FLASH_PageErase
 .text.HAL_FLASHEx_Erase
                0x0000000008002fd8       0x9c ./Drivers/STM32WLxx_HAL_Driver/stm32wlxx_hal_flash_ex.o
                0x0000000008002fd8                HAL_FLASHEx_Erase
 .text.HAL_GPIO_Init
                0x0000000008003074      0x158 ./Drivers/STM32WLxx_HAL_Driver/stm32wlxx_hal_gpio.o
                0x0000000008003074                HAL_GPIO_Init
 .text.HAL_GPIO_DeInit
                0x00000000080031cc       0xe8 ./Drivers/STM32WLxx_HAL_Driver/stm32wlxx_hal_gpio.o
                0x00000000080031cc                HAL_GPIO_DeInit
 .text.HAL_GPIO_WritePin
                0x00000000080032b4        0xa ./Drivers/STM32WLxx_HAL_Driver/stm32wlxx_hal_gpio.o
                0x00000000080032b4                HAL_GPIO_WritePin
 .text.HAL_GPIO_TogglePin
                0x00000000080032be       0x12 ./Drivers/STM32WLxx_HAL_Driver/stm32wlxx_hal_gpio.o
                0x00000000080032be                HAL_GPIO_TogglePin
 .text.I2C_Flush_TXDR
                0x00000000080032d0       0x1c ./Drivers/STM32WLxx_HAL_Driver/stm32wlxx_hal_i2c.o
 .text.I2C_TransferConfig
                0x00000000080032ec       0x2c ./Drivers/STM32WLxx_HAL_Driver/stm32wlxx_hal_i2c.o
 .text.I2C_IsErrorOccurred
                0x0000000008003318      0x116 ./Drivers/STM32WLxx_HAL_Driver/stm32wlxx_hal_i2c.o
 .text.I2C_WaitOnTXISFlagUntilTimeout
                0x000000000800342e       0x4e ./Drivers/STM32WLxx_HAL_Driver/stm32wlxx_hal_i2c.o
 .text.I2C_WaitOnRXNEFlagUntilTimeout
                0x000000000800347c       0x90 ./Drivers/STM32WLxx_HAL_Driver/stm32wlxx_hal_i2c.o
 .text.I2C_WaitOnFlagUntilTimeout
                0x000000000800350c       0x54 ./Drivers/STM32WLxx_HAL_Driver/stm32wlxx_hal_i2c.o
 .text.I2C_RequestMemoryWrite
                0x0000000008003560       0x6c ./Drivers/STM32WLxx_HAL_Driver/stm32wlxx_hal_i2c.o
 .text.I2C_WaitOnSTOPFlagUntilTimeout
                0x00000000080035cc       0x4a ./Drivers/STM32WLxx_HAL_Driver/stm32wlxx_hal_i2c.o
 .text.HAL_I2C_Init
                0x0000000008003616       0xa2 ./Drivers/STM32WLxx_HAL_Driver/stm32wlxx_hal_i2c.o
                0x0000000008003616                HAL_I2C_Init
 .text.HAL_I2C_Master_Transmit
                0x00000000080036b8      0x12c ./Drivers/STM32WLxx_HAL_Driver/stm32wlxx_hal_i2c.o
                0x00000000080036b8                HAL_I2C_Master_Transmit
 .text.HAL_I2C_Master_Receive
                0x00000000080037e4      0x130 ./Drivers/STM32WLxx_HAL_Driver/stm32wlxx_hal_i2c.o
                0x00000000080037e4                HAL_I2C_Master_Receive
 .text.HAL_I2C_Mem_Write
                0x0000000008003914      0x16c ./Drivers/STM32WLxx_HAL_Driver/stm32wlxx_hal_i2c.o
                0x0000000008003914                HAL_I2C_Mem_Write
 .text.HAL_I2C_EV_IRQHandler
                0x0000000008003a80        0xe ./Drivers/STM32WLxx_HAL_Driver/stm32wlxx_hal_i2c.o
                0x0000000008003a80                HAL_I2C_EV_IRQHandler
 .text.HAL_I2CEx_ConfigAnalogFilter
                0x0000000008003a8e       0x4c ./Drivers/STM32WLxx_HAL_Driver/stm32wlxx_hal_i2c_ex.o
                0x0000000008003a8e                HAL_I2CEx_ConfigAnalogFilter
 .text.HAL_I2CEx_ConfigDigitalFilter
                0x0000000008003ada       0x4a ./Drivers/STM32WLxx_HAL_Driver/stm32wlxx_hal_i2c_ex.o
                0x0000000008003ada                HAL_I2CEx_ConfigDigitalFilter
 .text.HAL_PWR_EnableBkUpAccess
                0x0000000008003b24       0x10 ./Drivers/STM32WLxx_HAL_Driver/stm32wlxx_hal_pwr.o
                0x0000000008003b24                HAL_PWR_EnableBkUpAccess
 .text.HAL_PWR_EnterSLEEPMode
                0x0000000008003b34       0x40 ./Drivers/STM32WLxx_HAL_Driver/stm32wlxx_hal_pwr.o
                0x0000000008003b34                HAL_PWR_EnterSLEEPMode
 .text.HAL_PWREx_GetVoltageRange
                0x0000000008003b74       0x10 ./Drivers/STM32WLxx_HAL_Driver/stm32wlxx_hal_pwr_ex.o
                0x0000000008003b74                HAL_PWREx_GetVoltageRange
 .text.HAL_PWREx_EnableLowPowerRunMode
                0x0000000008003b84       0x10 ./Drivers/STM32WLxx_HAL_Driver/stm32wlxx_hal_pwr_ex.o
                0x0000000008003b84                HAL_PWREx_EnableLowPowerRunMode
 .text.HAL_PWREx_DisableLowPowerRunMode
                0x0000000008003b94       0x40 ./Drivers/STM32WLxx_HAL_Driver/stm32wlxx_hal_pwr_ex.o
                0x0000000008003b94                HAL_PWREx_DisableLowPowerRunMode
 .text.HAL_PWREx_EnterSTOP2Mode
                0x0000000008003bd4       0x38 ./Drivers/STM32WLxx_HAL_Driver/stm32wlxx_hal_pwr_ex.o
                0x0000000008003bd4                HAL_PWREx_EnterSTOP2Mode
 .text.LL_RCC_HSE_IsReady
                0x0000000008003c0c        0xc ./Drivers/STM32WLxx_HAL_Driver/stm32wlxx_hal_rcc.o
 .text.LL_RCC_HSI_IsReady
                0x0000000008003c18        0xc ./Drivers/STM32WLxx_HAL_Driver/stm32wlxx_hal_rcc.o
 .text.LL_RCC_MSI_IsReady
                0x0000000008003c24        0xc ./Drivers/STM32WLxx_HAL_Driver/stm32wlxx_hal_rcc.o
 .text.LL_RCC_MSI_SetCalibTrimming
                0x0000000008003c30       0x12 ./Drivers/STM32WLxx_HAL_Driver/stm32wlxx_hal_rcc.o
 .text.LL_RCC_PLL_IsReady
                0x0000000008003c42        0xc ./Drivers/STM32WLxx_HAL_Driver/stm32wlxx_hal_rcc.o
 *fill*         0x0000000008003c4e        0x2 
 .text.RCC_SetFlashLatencyFromMSIRange
                0x0000000008003c50       0xd4 ./Drivers/STM32WLxx_HAL_Driver/stm32wlxx_hal_rcc.o
 .text.HAL_RCC_GetSysClockFreq
                0x0000000008003d24       0xdc ./Drivers/STM32WLxx_HAL_Driver/stm32wlxx_hal_rcc.o
                0x0000000008003d24                HAL_RCC_GetSysClockFreq
 .text.HAL_RCC_GetHCLKFreq
                0x0000000008003e00       0x20 ./Drivers/STM32WLxx_HAL_Driver/stm32wlxx_hal_rcc.o
                0x0000000008003e00                HAL_RCC_GetHCLKFreq
 .text.HAL_RCC_OscConfig
                0x0000000008003e20      0x540 ./Drivers/STM32WLxx_HAL_Driver/stm32wlxx_hal_rcc.o
                0x0000000008003e20                HAL_RCC_OscConfig
 .text.HAL_RCC_ClockConfig
                0x0000000008004360      0x1f0 ./Drivers/STM32WLxx_HAL_Driver/stm32wlxx_hal_rcc.o
                0x0000000008004360                HAL_RCC_ClockConfig
 .text.HAL_RCC_GetPCLK1Freq
                0x0000000008004550       0x20 ./Drivers/STM32WLxx_HAL_Driver/stm32wlxx_hal_rcc.o
                0x0000000008004550                HAL_RCC_GetPCLK1Freq
 .text.HAL_RCC_GetPCLK2Freq
                0x0000000008004570       0x20 ./Drivers/STM32WLxx_HAL_Driver/stm32wlxx_hal_rcc.o
                0x0000000008004570                HAL_RCC_GetPCLK2Freq
 .text.LL_RCC_LSE_IsReady
                0x0000000008004590        0xe ./Drivers/STM32WLxx_HAL_Driver/stm32wlxx_hal_rcc_ex.o
 .text.LL_RCC_SetI2CClockSource
                0x000000000800459e       0x20 ./Drivers/STM32WLxx_HAL_Driver/stm32wlxx_hal_rcc_ex.o
 .text.LL_RCC_SetLPTIMClockSource
                0x00000000080045be       0x1a ./Drivers/STM32WLxx_HAL_Driver/stm32wlxx_hal_rcc_ex.o
 .text.HAL_RCCEx_PeriphCLKConfig
                0x00000000080045d8      0x1ac ./Drivers/STM32WLxx_HAL_Driver/stm32wlxx_hal_rcc_ex.o
                0x00000000080045d8                HAL_RCCEx_PeriphCLKConfig
 .text.HAL_RTC_DeactivateAlarm
                0x0000000008004784       0x78 ./Drivers/STM32WLxx_HAL_Driver/stm32wlxx_hal_rtc.o
                0x0000000008004784                HAL_RTC_DeactivateAlarm
 .text.HAL_RTC_AlarmIRQHandler
                0x00000000080047fc       0x34 ./Drivers/STM32WLxx_HAL_Driver/stm32wlxx_hal_rtc.o
                0x00000000080047fc                HAL_RTC_AlarmIRQHandler
 .text.HAL_RTC_WaitForSynchro
                0x0000000008004830       0x30 ./Drivers/STM32WLxx_HAL_Driver/stm32wlxx_hal_rtc.o
                0x0000000008004830                HAL_RTC_WaitForSynchro
 .text.RTC_EnterInitMode
                0x0000000008004860       0x50 ./Drivers/STM32WLxx_HAL_Driver/stm32wlxx_hal_rtc.o
                0x0000000008004860                RTC_EnterInitMode
 .text.RTC_ExitInitMode
                0x00000000080048b0       0x48 ./Drivers/STM32WLxx_HAL_Driver/stm32wlxx_hal_rtc.o
                0x00000000080048b0                RTC_ExitInitMode
 .text.HAL_RTC_Init
                0x00000000080048f8       0xa0 ./Drivers/STM32WLxx_HAL_Driver/stm32wlxx_hal_rtc.o
                0x00000000080048f8                HAL_RTC_Init
 .text.RTC_ByteToBcd2
                0x0000000008004998       0x16 ./Drivers/STM32WLxx_HAL_Driver/stm32wlxx_hal_rtc.o
                0x0000000008004998                RTC_ByteToBcd2
 *fill*         0x00000000080049ae        0x2 
 .text.HAL_RTC_SetAlarm_IT
                0x00000000080049b0      0x15c ./Drivers/STM32WLxx_HAL_Driver/stm32wlxx_hal_rtc.o
                0x00000000080049b0                HAL_RTC_SetAlarm_IT
 .text.HAL_RTCEx_EnableBypassShadow
                0x0000000008004b0c       0x3c ./Drivers/STM32WLxx_HAL_Driver/stm32wlxx_hal_rtc_ex.o
                0x0000000008004b0c                HAL_RTCEx_EnableBypassShadow
 .text.HAL_RTCEx_SetSSRU_IT
                0x0000000008004b48       0x4c ./Drivers/STM32WLxx_HAL_Driver/stm32wlxx_hal_rtc_ex.o
                0x0000000008004b48                HAL_RTCEx_SetSSRU_IT
 .text.HAL_RTCEx_SSRUIRQHandler
                0x0000000008004b94       0x20 ./Drivers/STM32WLxx_HAL_Driver/stm32wlxx_hal_rtc_ex.o
                0x0000000008004b94                HAL_RTCEx_SSRUIRQHandler
 .text.HAL_RTCEx_AlarmBEventCallback
                0x0000000008004bb4        0x2 ./Drivers/STM32WLxx_HAL_Driver/stm32wlxx_hal_rtc_ex.o
                0x0000000008004bb4                HAL_RTCEx_AlarmBEventCallback
 .text.HAL_RTCEx_BKUPWrite
                0x0000000008004bb6        0xe ./Drivers/STM32WLxx_HAL_Driver/stm32wlxx_hal_rtc_ex.o
                0x0000000008004bb6                HAL_RTCEx_BKUPWrite
 .text.HAL_RTCEx_BKUPRead
                0x0000000008004bc4        0xe ./Drivers/STM32WLxx_HAL_Driver/stm32wlxx_hal_rtc_ex.o
                0x0000000008004bc4                HAL_RTCEx_BKUPRead
 *fill*         0x0000000008004bd2        0x2 
 .text.LL_PWR_UnselectSUBGHZSPI_NSS
                0x0000000008004bd4       0x14 ./Drivers/STM32WLxx_HAL_Driver/stm32wlxx_hal_subghz.o
 .text.LL_PWR_SelectSUBGHZSPI_NSS
                0x0000000008004be8       0x14 ./Drivers/STM32WLxx_HAL_Driver/stm32wlxx_hal_subghz.o
 .text.SUBGHZSPI_Init
                0x0000000008004bfc       0x24 ./Drivers/STM32WLxx_HAL_Driver/stm32wlxx_hal_subghz.o
                0x0000000008004bfc                SUBGHZSPI_Init
 .text.HAL_SUBGHZ_Init
                0x0000000008004c20       0xa0 ./Drivers/STM32WLxx_HAL_Driver/stm32wlxx_hal_subghz.o
                0x0000000008004c20                HAL_SUBGHZ_Init
 .text.SUBGHZSPI_Transmit
                0x0000000008004cc0       0x68 ./Drivers/STM32WLxx_HAL_Driver/stm32wlxx_hal_subghz.o
                0x0000000008004cc0                SUBGHZSPI_Transmit
 .text.SUBGHZSPI_Receive
                0x0000000008004d28       0x6c ./Drivers/STM32WLxx_HAL_Driver/stm32wlxx_hal_subghz.o
                0x0000000008004d28                SUBGHZSPI_Receive
 .text.SUBGHZ_WaitOnBusy
                0x0000000008004d94       0x48 ./Drivers/STM32WLxx_HAL_Driver/stm32wlxx_hal_subghz.o
                0x0000000008004d94                SUBGHZ_WaitOnBusy
 .text.SUBGHZ_CheckDeviceReady
                0x0000000008004ddc       0x38 ./Drivers/STM32WLxx_HAL_Driver/stm32wlxx_hal_subghz.o
                0x0000000008004ddc                SUBGHZ_CheckDeviceReady
 .text.HAL_SUBGHZ_WriteRegisters
                0x0000000008004e14       0x72 ./Drivers/STM32WLxx_HAL_Driver/stm32wlxx_hal_subghz.o
                0x0000000008004e14                HAL_SUBGHZ_WriteRegisters
 .text.HAL_SUBGHZ_ReadRegisters
                0x0000000008004e86       0x76 ./Drivers/STM32WLxx_HAL_Driver/stm32wlxx_hal_subghz.o
                0x0000000008004e86                HAL_SUBGHZ_ReadRegisters
 .text.HAL_SUBGHZ_ExecSetCmd
                0x0000000008004efc       0x70 ./Drivers/STM32WLxx_HAL_Driver/stm32wlxx_hal_subghz.o
                0x0000000008004efc                HAL_SUBGHZ_ExecSetCmd
 .text.HAL_SUBGHZ_ExecGetCmd
                0x0000000008004f6c       0x66 ./Drivers/STM32WLxx_HAL_Driver/stm32wlxx_hal_subghz.o
                0x0000000008004f6c                HAL_SUBGHZ_ExecGetCmd
 .text.HAL_SUBGHZ_IRQHandler
                0x0000000008004fd2       0x90 ./Drivers/STM32WLxx_HAL_Driver/stm32wlxx_hal_subghz.o
                0x0000000008004fd2                HAL_SUBGHZ_IRQHandler
 .text.HAL_SUBGHZ_WriteBuffer
                0x0000000008005062       0x66 ./Drivers/STM32WLxx_HAL_Driver/stm32wlxx_hal_subghz.o
                0x0000000008005062                HAL_SUBGHZ_WriteBuffer
 .text.HAL_SUBGHZ_ReadBuffer
                0x00000000080050c8       0x6e ./Drivers/STM32WLxx_HAL_Driver/stm32wlxx_hal_subghz.o
                0x00000000080050c8                HAL_SUBGHZ_ReadBuffer
 .text.UART_EndTxTransfer
                0x0000000008005136       0x34 ./Drivers/STM32WLxx_HAL_Driver/stm32wlxx_hal_uart.o
 *fill*         0x000000000800516a        0x2 
 .text.UART_EndRxTransfer
                0x000000000800516c       0x58 ./Drivers/STM32WLxx_HAL_Driver/stm32wlxx_hal_uart.o
 .text.HAL_UART_Transmit_DMA
                0x00000000080051c4       0xa8 ./Drivers/STM32WLxx_HAL_Driver/stm32wlxx_hal_uart.o
                0x00000000080051c4                HAL_UART_Transmit_DMA
 .text.UART_DMATransmitCplt
                0x000000000800526c       0x46 ./Drivers/STM32WLxx_HAL_Driver/stm32wlxx_hal_uart.o
 .text.HAL_UART_TxHalfCpltCallback
                0x00000000080052b2        0x2 ./Drivers/STM32WLxx_HAL_Driver/stm32wlxx_hal_uart.o
                0x00000000080052b2                HAL_UART_TxHalfCpltCallback
 .text.UART_DMATxHalfCplt
                0x00000000080052b4        0xa ./Drivers/STM32WLxx_HAL_Driver/stm32wlxx_hal_uart.o
 .text.HAL_UART_ErrorCallback
                0x00000000080052be        0x2 ./Drivers/STM32WLxx_HAL_Driver/stm32wlxx_hal_uart.o
                0x00000000080052be                HAL_UART_ErrorCallback
 .text.UART_DMAError
                0x00000000080052c0       0x4a ./Drivers/STM32WLxx_HAL_Driver/stm32wlxx_hal_uart.o
 .text.UART_DMAAbortOnError
                0x000000000800530a       0x14 ./Drivers/STM32WLxx_HAL_Driver/stm32wlxx_hal_uart.o
 .text.HAL_UARTEx_RxEventCallback
                0x000000000800531e        0x2 ./Drivers/STM32WLxx_HAL_Driver/stm32wlxx_hal_uart.o
                0x000000000800531e                HAL_UARTEx_RxEventCallback
 .text.HAL_UART_IRQHandler
                0x0000000008005320      0x2e8 ./Drivers/STM32WLxx_HAL_Driver/stm32wlxx_hal_uart.o
                0x0000000008005320                HAL_UART_IRQHandler
 .text.UART_RxISR_8BIT
                0x0000000008005608       0xa2 ./Drivers/STM32WLxx_HAL_Driver/stm32wlxx_hal_uart.o
 .text.UART_RxISR_16BIT
                0x00000000080056aa       0x9c ./Drivers/STM32WLxx_HAL_Driver/stm32wlxx_hal_uart.o
 *fill*         0x0000000008005746        0x2 
 .text.UART_RxISR_8BIT_FIFOEN
                0x0000000008005748      0x17c ./Drivers/STM32WLxx_HAL_Driver/stm32wlxx_hal_uart.o
 .text.UART_RxISR_16BIT_FIFOEN
                0x00000000080058c4      0x178 ./Drivers/STM32WLxx_HAL_Driver/stm32wlxx_hal_uart.o
 .text.UART_SetConfig
                0x0000000008005a3c      0x234 ./Drivers/STM32WLxx_HAL_Driver/stm32wlxx_hal_uart.o
                0x0000000008005a3c                UART_SetConfig
 .text.UART_AdvFeatureConfig
                0x0000000008005c70       0xa8 ./Drivers/STM32WLxx_HAL_Driver/stm32wlxx_hal_uart.o
                0x0000000008005c70                UART_AdvFeatureConfig
 .text.UART_WaitOnFlagUntilTimeout
                0x0000000008005d18       0xc4 ./Drivers/STM32WLxx_HAL_Driver/stm32wlxx_hal_uart.o
                0x0000000008005d18                UART_WaitOnFlagUntilTimeout
 .text.UART_CheckIdleState
                0x0000000008005ddc       0x68 ./Drivers/STM32WLxx_HAL_Driver/stm32wlxx_hal_uart.o
                0x0000000008005ddc                UART_CheckIdleState
 .text.HAL_UART_Init
                0x0000000008005e44       0x60 ./Drivers/STM32WLxx_HAL_Driver/stm32wlxx_hal_uart.o
                0x0000000008005e44                HAL_UART_Init
 .text.UART_Start_Receive_IT
                0x0000000008005ea4      0x124 ./Drivers/STM32WLxx_HAL_Driver/stm32wlxx_hal_uart.o
                0x0000000008005ea4                UART_Start_Receive_IT
 .text.HAL_UART_Receive_IT
                0x0000000008005fc8       0x54 ./Drivers/STM32WLxx_HAL_Driver/stm32wlxx_hal_uart.o
                0x0000000008005fc8                HAL_UART_Receive_IT
 .text.UARTEx_SetNbDataToProcess
                0x000000000800601c       0x44 ./Drivers/STM32WLxx_HAL_Driver/stm32wlxx_hal_uart_ex.o
 .text.HAL_UARTEx_WakeupCallback
                0x0000000008006060        0x2 ./Drivers/STM32WLxx_HAL_Driver/stm32wlxx_hal_uart_ex.o
                0x0000000008006060                HAL_UARTEx_WakeupCallback
 .text.HAL_UARTEx_RxFifoFullCallback
                0x0000000008006062        0x2 ./Drivers/STM32WLxx_HAL_Driver/stm32wlxx_hal_uart_ex.o
                0x0000000008006062                HAL_UARTEx_RxFifoFullCallback
 .text.HAL_UARTEx_TxFifoEmptyCallback
                0x0000000008006064        0x2 ./Drivers/STM32WLxx_HAL_Driver/stm32wlxx_hal_uart_ex.o
                0x0000000008006064                HAL_UARTEx_TxFifoEmptyCallback
 .text.HAL_UARTEx_StopModeWakeUpSourceConfig
                0x0000000008006066       0x8c ./Drivers/STM32WLxx_HAL_Driver/stm32wlxx_hal_uart_ex.o
                0x0000000008006066                HAL_UARTEx_StopModeWakeUpSourceConfig
 .text.HAL_UARTEx_EnableStopMode
                0x00000000080060f2       0x2c ./Drivers/STM32WLxx_HAL_Driver/stm32wlxx_hal_uart_ex.o
                0x00000000080060f2                HAL_UARTEx_EnableStopMode
 .text.HAL_UARTEx_EnableFifoMode
                0x000000000800611e       0x46 ./Drivers/STM32WLxx_HAL_Driver/stm32wlxx_hal_uart_ex.o
                0x000000000800611e                HAL_UARTEx_EnableFifoMode
 .text.HAL_UARTEx_SetTxFifoThreshold
                0x0000000008006164       0x48 ./Drivers/STM32WLxx_HAL_Driver/stm32wlxx_hal_uart_ex.o
                0x0000000008006164                HAL_UARTEx_SetTxFifoThreshold
 .text.HAL_UARTEx_SetRxFifoThreshold
                0x00000000080061ac       0x48 ./Drivers/STM32WLxx_HAL_Driver/stm32wlxx_hal_uart_ex.o
                0x00000000080061ac                HAL_UARTEx_SetRxFifoThreshold
 .text.LmHandlerDeviceTimeReq
                0x00000000080061f4       0x28 ./Middlewares/LoRaWAN/LmHandler.o
                0x00000000080061f4                LmHandlerDeviceTimeReq
 .text.McpsConfirm
                0x000000000800621c       0x54 ./Middlewares/LoRaWAN/LmHandler.o
 .text.LmHandlerProcess
                0x0000000008006270       0x38 ./Middlewares/LoRaWAN/LmHandler.o
                0x0000000008006270                LmHandlerProcess
 .text.LmHandlerGetDutyCycleWaitTime
                0x00000000080062a8        0xc ./Middlewares/LoRaWAN/LmHandler.o
                0x00000000080062a8                LmHandlerGetDutyCycleWaitTime
 .text.LmHandlerJoinStatus
                0x00000000080062b4       0x26 ./Middlewares/LoRaWAN/LmHandler.o
                0x00000000080062b4                LmHandlerJoinStatus
 *fill*         0x00000000080062da        0x2 
 .text.LmHandlerRequestClass
                0x00000000080062dc       0x94 ./Middlewares/LoRaWAN/LmHandler.o
                0x00000000080062dc                LmHandlerRequestClass
 .text.LmHandlerJoin
                0x0000000008006370       0xb0 ./Middlewares/LoRaWAN/LmHandler.o
                0x0000000008006370                LmHandlerJoin
 .text.LmHandlerSend
                0x0000000008006420      0x148 ./Middlewares/LoRaWAN/LmHandler.o
                0x0000000008006420                LmHandlerSend
 .text.MlmeIndication
                0x0000000008006568       0x84 ./Middlewares/LoRaWAN/LmHandler.o
 .text.LmHandlerGetCurrentClass
                0x00000000080065ec       0x28 ./Middlewares/LoRaWAN/LmHandler.o
                0x00000000080065ec                LmHandlerGetCurrentClass
 .text.McpsIndication
                0x0000000008006614       0xc4 ./Middlewares/LoRaWAN/LmHandler.o
 .text.LmHandlerGetTxDatarate
                0x00000000080066d8       0x30 ./Middlewares/LoRaWAN/LmHandler.o
                0x00000000080066d8                LmHandlerGetTxDatarate
 .text.MlmeConfirm
                0x0000000008006708       0xc0 ./Middlewares/LoRaWAN/LmHandler.o
 .text.LmHandlerSetSystemMaxRxError
                0x00000000080067c8       0x20 ./Middlewares/LoRaWAN/LmHandler.o
                0x00000000080067c8                LmHandlerSetSystemMaxRxError
 .text.LmHandlerConfigure
                0x00000000080067e8      0x1e4 ./Middlewares/LoRaWAN/LmHandler.o
                0x00000000080067e8                LmHandlerConfigure
 .text.LmHandlerPackageRegister
                0x00000000080069cc       0x54 ./Middlewares/LoRaWAN/LmHandler.o
                0x00000000080069cc                LmHandlerPackageRegister
 .text.LmHandlerInit
                0x0000000008006a20       0x64 ./Middlewares/LoRaWAN/LmHandler.o
                0x0000000008006a20                LmHandlerInit
 .text.LmHandlerGetVersion
                0x0000000008006a84       0x28 ./Middlewares/LoRaWAN/LmHandler.o
                0x0000000008006a84                LmHandlerGetVersion
 .text.LmHandlerStop
                0x0000000008006aac       0x12 ./Middlewares/LoRaWAN/LmHandler.o
                0x0000000008006aac                LmHandlerStop
 .text.LmHandlerHalt
                0x0000000008006abe       0x12 ./Middlewares/LoRaWAN/LmHandler.o
                0x0000000008006abe                LmHandlerHalt
 .text.LmHandlerNvmDataStore
                0x0000000008006ad0       0x68 ./Middlewares/LoRaWAN/LmHandler.o
                0x0000000008006ad0                LmHandlerNvmDataStore
 .text.LmhpComplianceInit
                0x0000000008006b38       0x24 ./Middlewares/LoRaWAN/LmhpCompliance.o
 .text.LmhpComplianceIsInitialized
                0x0000000008006b5c        0xc ./Middlewares/LoRaWAN/LmhpCompliance.o
 .text.LmhpComplianceIsRunning
                0x0000000008006b68       0x10 ./Middlewares/LoRaWAN/LmhpCompliance.o
 .text.LmhpComplianceProcess
                0x0000000008006b78        0x2 ./Middlewares/LoRaWAN/LmhpCompliance.o
 *fill*         0x0000000008006b7a        0x2 
 .text.LmhpComplianceOnMcpsConfirm
                0x0000000008006b7c       0x20 ./Middlewares/LoRaWAN/LmhpCompliance.o
 .text.LmhpComplianceOnMlmeConfirm
                0x0000000008006b9c       0x24 ./Middlewares/LoRaWAN/LmhpCompliance.o
 .text.LmhpComplianceTxProcess.isra.0
                0x0000000008006bc0       0x74 ./Middlewares/LoRaWAN/LmhpCompliance.o
 .text.OnComplianceTxNextPacketTimerEvent
                0x0000000008006c34        0x4 ./Middlewares/LoRaWAN/LmhpCompliance.o
 .text.LmhpComplianceOnMcpsIndication
                0x0000000008006c38      0x1f8 ./Middlewares/LoRaWAN/LmhpCompliance.o
 .text.LmhpCompliancePackageFactory
                0x0000000008006e30        0x8 ./Middlewares/LoRaWAN/LmhpCompliance.o
                0x0000000008006e30                LmhpCompliancePackageFactory
 .text.OnRadioRxError
                0x0000000008006e38       0x24 ./Middlewares/LoRaWAN/LoRaMac.o
 .text.UpdateRxSlotIdleState
                0x0000000008006e5c       0x1c ./Middlewares/LoRaWAN/LoRaMac.o
 .text.GetMaxAppPayloadWithoutFOptsLength
                0x0000000008006e78       0x38 ./Middlewares/LoRaWAN/LoRaMac.o
 .text.OnAckTimeoutTimerEvent
                0x0000000008006eb0       0x48 ./Middlewares/LoRaWAN/LoRaMac.o
 .text.PrepareRxDoneAbort
                0x0000000008006ef8       0x38 ./Middlewares/LoRaWAN/LoRaMac.o
 .text.HandleRadioRxErrorTimeout
                0x0000000008006f30       0xc8 ./Middlewares/LoRaWAN/LoRaMac.o
 .text.OnRadioRxTimeout
                0x0000000008006ff8       0x38 ./Middlewares/LoRaWAN/LoRaMac.o
 .text.OnRadioTxTimeout
                0x0000000008007030       0x38 ./Middlewares/LoRaWAN/LoRaMac.o
 .text.OnRadioRxDone
                0x0000000008007068       0x54 ./Middlewares/LoRaWAN/LoRaMac.o
 .text.OnRadioTxDone
                0x00000000080070bc       0x58 ./Middlewares/LoRaWAN/LoRaMac.o
 .text.ResetMacParameters
                0x0000000008007114      0x118 ./Middlewares/LoRaWAN/LoRaMac.o
 .text.ScheduleTx
                0x000000000800722c      0x2e8 ./Middlewares/LoRaWAN/LoRaMac.o
 .text.OpenContinuousRxCWindow
                0x0000000008007514       0x60 ./Middlewares/LoRaWAN/LoRaMac.o
 .text.SwitchClass
                0x0000000008007574       0xcc ./Middlewares/LoRaWAN/LoRaMac.o
 .text.RxWindowSetup.constprop.0
                0x0000000008007640       0x44 ./Middlewares/LoRaWAN/LoRaMac.o
 .text.OnRxWindow1TimerEvent
                0x0000000008007684       0x40 ./Middlewares/LoRaWAN/LoRaMac.o
 .text.OnRxWindow2TimerEvent
                0x00000000080076c4       0x48 ./Middlewares/LoRaWAN/LoRaMac.o
 .text.LoRaMacHandleNvm.part.0.constprop.0
                0x000000000800770c       0xf4 ./Middlewares/LoRaWAN/LoRaMac.o
 .text.ProcessMacCommands.constprop.0
                0x0000000008007800      0x598 ./Middlewares/LoRaWAN/LoRaMac.o
 .text.StopRetransmission.isra.0
                0x0000000008007d98       0x44 ./Middlewares/LoRaWAN/LoRaMac.o
 .text.OnTxDelayedTimerEvent
                0x0000000008007ddc       0x54 ./Middlewares/LoRaWAN/LoRaMac.o
 .text.LoRaMacIsBusy
                0x0000000008007e30       0x1c ./Middlewares/LoRaWAN/LoRaMac.o
                0x0000000008007e30                LoRaMacIsBusy
 .text.LoRaMacProcess
                0x0000000008007e4c      0x8a0 ./Middlewares/LoRaWAN/LoRaMac.o
                0x0000000008007e4c                LoRaMacProcess
 .text.LoRaMacInitialization
                0x00000000080086ec      0x374 ./Middlewares/LoRaWAN/LoRaMac.o
                0x00000000080086ec                LoRaMacInitialization
 .text.LoRaMacStart
                0x0000000008008a60       0x10 ./Middlewares/LoRaWAN/LoRaMac.o
                0x0000000008008a60                LoRaMacStart
 .text.LoRaMacStop
                0x0000000008008a70       0x24 ./Middlewares/LoRaWAN/LoRaMac.o
                0x0000000008008a70                LoRaMacStop
 .text.LoRaMacHalt
                0x0000000008008a94       0x60 ./Middlewares/LoRaWAN/LoRaMac.o
                0x0000000008008a94                LoRaMacHalt
 .text.LoRaMacQueryTxPossible
                0x0000000008008af4       0xb0 ./Middlewares/LoRaWAN/LoRaMac.o
                0x0000000008008af4                LoRaMacQueryTxPossible
 .text.LoRaMacMibGetRequestConfirm
                0x0000000008008ba4      0x188 ./Middlewares/LoRaWAN/LoRaMac.o
                0x0000000008008ba4                LoRaMacMibGetRequestConfirm
 .text.LoRaMacMibSetRequestConfirm
                0x0000000008008d2c      0x44c ./Middlewares/LoRaWAN/LoRaMac.o
                0x0000000008008d2c                LoRaMacMibSetRequestConfirm
 .text.LoRaMacMlmeRequest
                0x0000000008009178      0x1ec ./Middlewares/LoRaWAN/LoRaMac.o
                0x0000000008009178                LoRaMacMlmeRequest
 .text.LoRaMacMcpsRequest
                0x0000000008009364      0x310 ./Middlewares/LoRaWAN/LoRaMac.o
                0x0000000008009364                LoRaMacMcpsRequest
 .text.LoRaMacTestSetDutyCycleOn
                0x0000000008009674       0x24 ./Middlewares/LoRaWAN/LoRaMac.o
                0x0000000008009674                LoRaMacTestSetDutyCycleOn
 .text.LoRaMacDeInitialization
                0x0000000008009698       0x4c ./Middlewares/LoRaWAN/LoRaMac.o
                0x0000000008009698                LoRaMacDeInitialization
 .text.LoRaMacAdrCalcNext
                0x00000000080096e4       0xdc ./Middlewares/LoRaWAN/LoRaMacAdr.o
                0x00000000080096e4                LoRaMacAdrCalcNext
 .text.LoRaMacClassBInit
                0x00000000080097c0        0x2 ./Middlewares/LoRaWAN/LoRaMacClassB.o
                0x00000000080097c0                LoRaMacClassBInit
 .text.LoRaMacClassBSetBeaconState
                0x00000000080097c2        0x2 ./Middlewares/LoRaWAN/LoRaMacClassB.o
                0x00000000080097c2                LoRaMacClassBSetBeaconState
 .text.LoRaMacClassBSetPingSlotState
                0x00000000080097c4        0x2 ./Middlewares/LoRaWAN/LoRaMacClassB.o
                0x00000000080097c4                LoRaMacClassBSetPingSlotState
 .text.LoRaMacClassBSetMulticastSlotState
                0x00000000080097c6        0x2 ./Middlewares/LoRaWAN/LoRaMacClassB.o
                0x00000000080097c6                LoRaMacClassBSetMulticastSlotState
 .text.LoRaMacClassBIsAcquisitionInProgress
                0x00000000080097c8        0x4 ./Middlewares/LoRaWAN/LoRaMacClassB.o
                0x00000000080097c8                LoRaMacClassBIsAcquisitionInProgress
 .text.LoRaMacClassBBeaconTimerEvent
                0x00000000080097cc        0x2 ./Middlewares/LoRaWAN/LoRaMacClassB.o
                0x00000000080097cc                LoRaMacClassBBeaconTimerEvent
 .text.LoRaMacClassBPingSlotTimerEvent
                0x00000000080097ce        0x2 ./Middlewares/LoRaWAN/LoRaMacClassB.o
                0x00000000080097ce                LoRaMacClassBPingSlotTimerEvent
 .text.LoRaMacClassBMulticastSlotTimerEvent
                0x00000000080097d0        0x2 ./Middlewares/LoRaWAN/LoRaMacClassB.o
                0x00000000080097d0                LoRaMacClassBMulticastSlotTimerEvent
 .text.LoRaMacClassBRxBeacon
                0x00000000080097d2        0x4 ./Middlewares/LoRaWAN/LoRaMacClassB.o
                0x00000000080097d2                LoRaMacClassBRxBeacon
 .text.LoRaMacClassBIsBeaconExpected
                0x00000000080097d6        0x4 ./Middlewares/LoRaWAN/LoRaMacClassB.o
                0x00000000080097d6                LoRaMacClassBIsBeaconExpected
 .text.LoRaMacClassBIsPingExpected
                0x00000000080097da        0x4 ./Middlewares/LoRaWAN/LoRaMacClassB.o
                0x00000000080097da                LoRaMacClassBIsPingExpected
 .text.LoRaMacClassBIsMulticastExpected
                0x00000000080097de        0x4 ./Middlewares/LoRaWAN/LoRaMacClassB.o
                0x00000000080097de                LoRaMacClassBIsMulticastExpected
 .text.LoRaMacClassBIsBeaconModeActive
                0x00000000080097e2        0x4 ./Middlewares/LoRaWAN/LoRaMacClassB.o
                0x00000000080097e2                LoRaMacClassBIsBeaconModeActive
 .text.LoRaMacClassBSetPingSlotInfo
                0x00000000080097e6        0x2 ./Middlewares/LoRaWAN/LoRaMacClassB.o
                0x00000000080097e6                LoRaMacClassBSetPingSlotInfo
 .text.LoRaMacClassBHaltBeaconing
                0x00000000080097e8        0x2 ./Middlewares/LoRaWAN/LoRaMacClassB.o
                0x00000000080097e8                LoRaMacClassBHaltBeaconing
 .text.LoRaMacClassBResumeBeaconing
                0x00000000080097ea        0x2 ./Middlewares/LoRaWAN/LoRaMacClassB.o
                0x00000000080097ea                LoRaMacClassBResumeBeaconing
 .text.LoRaMacClassBSwitchClass
                0x00000000080097ec        0x4 ./Middlewares/LoRaWAN/LoRaMacClassB.o
                0x00000000080097ec                LoRaMacClassBSwitchClass
 .text.LoRaMacClassBMibGetRequestConfirm
                0x00000000080097f0        0x4 ./Middlewares/LoRaWAN/LoRaMacClassB.o
                0x00000000080097f0                LoRaMacClassBMibGetRequestConfirm
 .text.LoRaMacMibClassBSetRequestConfirm
                0x00000000080097f4        0x4 ./Middlewares/LoRaWAN/LoRaMacClassB.o
                0x00000000080097f4                LoRaMacMibClassBSetRequestConfirm
 .text.LoRaMacClassBPingSlotInfoAns
                0x00000000080097f8        0x2 ./Middlewares/LoRaWAN/LoRaMacClassB.o
                0x00000000080097f8                LoRaMacClassBPingSlotInfoAns
 .text.LoRaMacClassBPingSlotChannelReq
                0x00000000080097fa        0x4 ./Middlewares/LoRaWAN/LoRaMacClassB.o
                0x00000000080097fa                LoRaMacClassBPingSlotChannelReq
 .text.LoRaMacClassBBeaconTimingAns
                0x00000000080097fe        0x2 ./Middlewares/LoRaWAN/LoRaMacClassB.o
                0x00000000080097fe                LoRaMacClassBBeaconTimingAns
 .text.LoRaMacClassBDeviceTimeAns
                0x0000000008009800        0x2 ./Middlewares/LoRaWAN/LoRaMacClassB.o
                0x0000000008009800                LoRaMacClassBDeviceTimeAns
 .text.LoRaMacClassBBeaconFreqReq
                0x0000000008009802        0x4 ./Middlewares/LoRaWAN/LoRaMacClassB.o
                0x0000000008009802                LoRaMacClassBBeaconFreqReq
 .text.LoRaMacClassBIsUplinkCollision
                0x0000000008009806        0x4 ./Middlewares/LoRaWAN/LoRaMacClassB.o
                0x0000000008009806                LoRaMacClassBIsUplinkCollision
 .text.LoRaMacClassBStopRxSlots
                0x000000000800980a        0x2 ./Middlewares/LoRaWAN/LoRaMacClassB.o
                0x000000000800980a                LoRaMacClassBStopRxSlots
 .text.LoRaMacClassBProcess
                0x000000000800980c        0x2 ./Middlewares/LoRaWAN/LoRaMacClassB.o
                0x000000000800980c                LoRaMacClassBProcess
 *fill*         0x000000000800980e        0x2 
 .text.LoRaMacCommandsInit
                0x0000000008009810       0x1c ./Middlewares/LoRaWAN/LoRaMacCommands.o
                0x0000000008009810                LoRaMacCommandsInit
 .text.LoRaMacCommandsAddCmd
                0x000000000800982c       0xa4 ./Middlewares/LoRaWAN/LoRaMacCommands.o
                0x000000000800982c                LoRaMacCommandsAddCmd
 .text.LoRaMacCommandsRemoveCmd
                0x00000000080098d0       0x54 ./Middlewares/LoRaWAN/LoRaMacCommands.o
                0x00000000080098d0                LoRaMacCommandsRemoveCmd
 .text.LoRaMacCommandsRemoveNoneStickyCmds
                0x0000000008009924       0x1c ./Middlewares/LoRaWAN/LoRaMacCommands.o
                0x0000000008009924                LoRaMacCommandsRemoveNoneStickyCmds
 .text.LoRaMacCommandsRemoveStickyAnsCmds
                0x0000000008009940       0x24 ./Middlewares/LoRaWAN/LoRaMacCommands.o
                0x0000000008009940                LoRaMacCommandsRemoveStickyAnsCmds
 .text.LoRaMacCommandsGetSizeSerializedCmds
                0x0000000008009964       0x18 ./Middlewares/LoRaWAN/LoRaMacCommands.o
                0x0000000008009964                LoRaMacCommandsGetSizeSerializedCmds
 .text.LoRaMacCommandsSerializeCmds
                0x000000000800997c       0x64 ./Middlewares/LoRaWAN/LoRaMacCommands.o
                0x000000000800997c                LoRaMacCommandsSerializeCmds
 .text.LoRaMacCommandsStickyCmdsPending
                0x00000000080099e0       0x28 ./Middlewares/LoRaWAN/LoRaMacCommands.o
                0x00000000080099e0                LoRaMacCommandsStickyCmdsPending
 .text.LoRaMacCommandsGetCmdSize
                0x0000000008009a08       0x14 ./Middlewares/LoRaWAN/LoRaMacCommands.o
                0x0000000008009a08                LoRaMacCommandsGetCmdSize
 .text.GetElement.constprop.0
                0x0000000008009a1c       0x38 ./Middlewares/LoRaWAN/LoRaMacConfirmQueue.o
 .text.LoRaMacConfirmQueueInit
                0x0000000008009a54       0x28 ./Middlewares/LoRaWAN/LoRaMacConfirmQueue.o
                0x0000000008009a54                LoRaMacConfirmQueueInit
 .text.LoRaMacConfirmQueueAdd
                0x0000000008009a7c       0x40 ./Middlewares/LoRaWAN/LoRaMacConfirmQueue.o
                0x0000000008009a7c                LoRaMacConfirmQueueAdd
 .text.LoRaMacConfirmQueueRemoveFirst
                0x0000000008009abc       0x2c ./Middlewares/LoRaWAN/LoRaMacConfirmQueue.o
                0x0000000008009abc                LoRaMacConfirmQueueRemoveFirst
 .text.LoRaMacConfirmQueueSetStatus
                0x0000000008009ae8       0x24 ./Middlewares/LoRaWAN/LoRaMacConfirmQueue.o
                0x0000000008009ae8                LoRaMacConfirmQueueSetStatus
 .text.LoRaMacConfirmQueueGetStatus
                0x0000000008009b0c       0x20 ./Middlewares/LoRaWAN/LoRaMacConfirmQueue.o
                0x0000000008009b0c                LoRaMacConfirmQueueGetStatus
 .text.LoRaMacConfirmQueueSetStatusCmn
                0x0000000008009b2c       0x34 ./Middlewares/LoRaWAN/LoRaMacConfirmQueue.o
                0x0000000008009b2c                LoRaMacConfirmQueueSetStatusCmn
 .text.LoRaMacConfirmQueueIsCmdActive
                0x0000000008009b60       0x18 ./Middlewares/LoRaWAN/LoRaMacConfirmQueue.o
                0x0000000008009b60                LoRaMacConfirmQueueIsCmdActive
 .text.LoRaMacConfirmQueueHandleCb
                0x0000000008009b78       0x54 ./Middlewares/LoRaWAN/LoRaMacConfirmQueue.o
                0x0000000008009b78                LoRaMacConfirmQueueHandleCb
 .text.LoRaMacConfirmQueueGetCnt
                0x0000000008009bcc        0xc ./Middlewares/LoRaWAN/LoRaMacConfirmQueue.o
                0x0000000008009bcc                LoRaMacConfirmQueueGetCnt
 .text.LoRaMacConfirmQueueIsFull
                0x0000000008009bd8       0x14 ./Middlewares/LoRaWAN/LoRaMacConfirmQueue.o
                0x0000000008009bd8                LoRaMacConfirmQueueIsFull
 .text.DeriveSessionKey10x
                0x0000000008009bec       0x4c ./Middlewares/LoRaWAN/LoRaMacCrypto.o
 .text.PayloadEncrypt
                0x0000000008009c38       0xc2 ./Middlewares/LoRaWAN/LoRaMacCrypto.o
 .text.LoRaMacCryptoDeriveMcKEKey.part.0
                0x0000000008009cfa       0x22 ./Middlewares/LoRaWAN/LoRaMacCrypto.o
 .text.GetLastFcntDown.constprop.0
                0x0000000008009d1c       0x48 ./Middlewares/LoRaWAN/LoRaMacCrypto.o
 .text.VerifyCmacB0.constprop.0.isra.0
                0x0000000008009d64       0xa8 ./Middlewares/LoRaWAN/LoRaMacCrypto.o
 .text.LoRaMacCryptoInit
                0x0000000008009e0c       0x38 ./Middlewares/LoRaWAN/LoRaMacCrypto.o
                0x0000000008009e0c                LoRaMacCryptoInit
 .text.LoRaMacCryptoSetLrWanVersion
                0x0000000008009e44       0x10 ./Middlewares/LoRaWAN/LoRaMacCrypto.o
                0x0000000008009e44                LoRaMacCryptoSetLrWanVersion
 .text.LoRaMacCryptoGetFCntUp
                0x0000000008009e54       0x18 ./Middlewares/LoRaWAN/LoRaMacCrypto.o
                0x0000000008009e54                LoRaMacCryptoGetFCntUp
 .text.LoRaMacCryptoGetFCntDown
                0x0000000008009e6c       0x6c ./Middlewares/LoRaWAN/LoRaMacCrypto.o
                0x0000000008009e6c                LoRaMacCryptoGetFCntDown
 .text.LoRaMacCryptoSetMulticastReference
                0x0000000008009ed8       0x18 ./Middlewares/LoRaWAN/LoRaMacCrypto.o
                0x0000000008009ed8                LoRaMacCryptoSetMulticastReference
 .text.LoRaMacCryptoPrepareJoinRequest
                0x0000000008009ef0       0x50 ./Middlewares/LoRaWAN/LoRaMacCrypto.o
                0x0000000008009ef0                LoRaMacCryptoPrepareJoinRequest
 .text.LoRaMacCryptoSecureMessage
                0x0000000008009f40       0xe4 ./Middlewares/LoRaWAN/LoRaMacCrypto.o
                0x0000000008009f40                LoRaMacCryptoSecureMessage
 .text.LoRaMacCryptoUnsecureMessage
                0x000000000800a024       0xe0 ./Middlewares/LoRaWAN/LoRaMacCrypto.o
                0x000000000800a024                LoRaMacCryptoUnsecureMessage
 .text.LoRaMacCryptoDeriveMcRootKey
                0x000000000800a104       0x36 ./Middlewares/LoRaWAN/LoRaMacCrypto.o
                0x000000000800a104                LoRaMacCryptoDeriveMcRootKey
 *fill*         0x000000000800a13a        0x2 
 .text.LoRaMacCryptoSetKey
                0x000000000800a13c       0x2c ./Middlewares/LoRaWAN/LoRaMacCrypto.o
                0x000000000800a13c                LoRaMacCryptoSetKey
 .text.LoRaMacCryptoHandleJoinAccept
                0x000000000800a168       0xe4 ./Middlewares/LoRaWAN/LoRaMacCrypto.o
                0x000000000800a168                LoRaMacCryptoHandleJoinAccept
 .text.LoRaMacParserJoinAccept
                0x000000000800a24c       0x9c ./Middlewares/LoRaWAN/LoRaMacParser.o
                0x000000000800a24c                LoRaMacParserJoinAccept
 .text.LoRaMacParserData
                0x000000000800a2e8       0xb6 ./Middlewares/LoRaWAN/LoRaMacParser.o
                0x000000000800a2e8                LoRaMacParserData
 .text.LoRaMacSerializerJoinRequest
                0x000000000800a39e       0x68 ./Middlewares/LoRaWAN/LoRaMacSerializer.o
                0x000000000800a39e                LoRaMacSerializerJoinRequest
 .text.LoRaMacSerializerData
                0x000000000800a406       0xd8 ./Middlewares/LoRaWAN/LoRaMacSerializer.o
                0x000000000800a406                LoRaMacSerializerData
 *fill*         0x000000000800a4de        0x2 
 .text.NvmDataMgmtEvent
                0x000000000800a4e0       0x10 ./Middlewares/LoRaWAN/NvmDataMgmt.o
                0x000000000800a4e0                NvmDataMgmtEvent
 .text.NvmDataMgmtStoreBegin
                0x000000000800a4f0       0x24 ./Middlewares/LoRaWAN/NvmDataMgmt.o
                0x000000000800a4f0                NvmDataMgmtStoreBegin
 .text.NvmDataMgmtStoreEnd
                0x000000000800a514       0x14 ./Middlewares/LoRaWAN/NvmDataMgmt.o
                0x000000000800a514                NvmDataMgmtStoreEnd
 .text.RegionIsActive
                0x000000000800a528       0x12 ./Middlewares/LoRaWAN/Region.o
                0x000000000800a528                RegionIsActive
 .text.RegionGetPhyParam
                0x000000000800a53a       0x20 ./Middlewares/LoRaWAN/Region.o
                0x000000000800a53a                RegionGetPhyParam
 .text.RegionSetBandTxDone
                0x000000000800a55a       0x16 ./Middlewares/LoRaWAN/Region.o
                0x000000000800a55a                RegionSetBandTxDone
 .text.RegionInitDefaults
                0x000000000800a570       0x16 ./Middlewares/LoRaWAN/Region.o
                0x000000000800a570                RegionInitDefaults
 .text.RegionVerify
                0x000000000800a586       0x1a ./Middlewares/LoRaWAN/Region.o
                0x000000000800a586                RegionVerify
 .text.RegionApplyCFList
                0x000000000800a5a0       0x16 ./Middlewares/LoRaWAN/Region.o
                0x000000000800a5a0                RegionApplyCFList
 .text.RegionChanMaskSet
                0x000000000800a5b6       0x18 ./Middlewares/LoRaWAN/Region.o
                0x000000000800a5b6                RegionChanMaskSet
 .text.RegionComputeRxWindowParameters
                0x000000000800a5ce       0x24 ./Middlewares/LoRaWAN/Region.o
                0x000000000800a5ce                RegionComputeRxWindowParameters
 .text.RegionRxConfig
                0x000000000800a5f2       0x1a ./Middlewares/LoRaWAN/Region.o
                0x000000000800a5f2                RegionRxConfig
 .text.RegionTxConfig
                0x000000000800a60c       0x24 ./Middlewares/LoRaWAN/Region.o
                0x000000000800a60c                RegionTxConfig
 .text.RegionLinkAdrReq
                0x000000000800a630       0x2c ./Middlewares/LoRaWAN/Region.o
                0x000000000800a630                RegionLinkAdrReq
 .text.RegionRxParamSetupReq
                0x000000000800a65c       0x18 ./Middlewares/LoRaWAN/Region.o
                0x000000000800a65c                RegionRxParamSetupReq
 .text.RegionNewChannelReq
                0x000000000800a674       0x18 ./Middlewares/LoRaWAN/Region.o
                0x000000000800a674                RegionNewChannelReq
 .text.RegionTxParamSetupReq
                0x000000000800a68c       0x18 ./Middlewares/LoRaWAN/Region.o
                0x000000000800a68c                RegionTxParamSetupReq
 .text.RegionDlChannelReq
                0x000000000800a6a4       0x18 ./Middlewares/LoRaWAN/Region.o
                0x000000000800a6a4                RegionDlChannelReq
 .text.RegionAlternateDr
                0x000000000800a6bc       0x1a ./Middlewares/LoRaWAN/Region.o
                0x000000000800a6bc                RegionAlternateDr
 .text.RegionNextChannel
                0x000000000800a6d6       0x26 ./Middlewares/LoRaWAN/Region.o
                0x000000000800a6d6                RegionNextChannel
 .text.RegionSetContinuousWave
                0x000000000800a6fc       0x16 ./Middlewares/LoRaWAN/Region.o
                0x000000000800a6fc                RegionSetContinuousWave
 .text.RegionApplyDrOffset
                0x000000000800a712       0x24 ./Middlewares/LoRaWAN/Region.o
                0x000000000800a712                RegionApplyDrOffset
 *fill*         0x000000000800a736        0x2 
 .text.RegionGetVersion
                0x000000000800a738        0x8 ./Middlewares/LoRaWAN/Region.o
                0x000000000800a738                RegionGetVersion
 .text.RegionBaseUSComputeNext125kHzJoinChannel
                0x000000000800a740       0x8e ./Middlewares/LoRaWAN/RegionBaseUS.o
                0x000000000800a740                RegionBaseUSComputeNext125kHzJoinChannel
 .text.RegionBaseUSCalcDownlinkFrequency
                0x000000000800a7ce        0x6 ./Middlewares/LoRaWAN/RegionBaseUS.o
                0x000000000800a7ce                RegionBaseUSCalcDownlinkFrequency
 .text.RegionCommonChanVerifyDr
                0x000000000800a7d4       0x64 ./Middlewares/LoRaWAN/RegionCommon.o
                0x000000000800a7d4                RegionCommonChanVerifyDr
 .text.RegionCommonValueInRange
                0x000000000800a838       0x12 ./Middlewares/LoRaWAN/RegionCommon.o
                0x000000000800a838                RegionCommonValueInRange
 .text.RegionCommonChanDisable
                0x000000000800a84a       0x32 ./Middlewares/LoRaWAN/RegionCommon.o
                0x000000000800a84a                RegionCommonChanDisable
 .text.RegionCommonCountChannels
                0x000000000800a87c       0x3c ./Middlewares/LoRaWAN/RegionCommon.o
                0x000000000800a87c                RegionCommonCountChannels
 .text.RegionCommonChanMaskCopy
                0x000000000800a8b8       0x1e ./Middlewares/LoRaWAN/RegionCommon.o
                0x000000000800a8b8                RegionCommonChanMaskCopy
 .text.RegionCommonSetBandTxDone
                0x000000000800a8d6       0x46 ./Middlewares/LoRaWAN/RegionCommon.o
                0x000000000800a8d6                RegionCommonSetBandTxDone
 .text.RegionCommonUpdateBandTimeOff
                0x000000000800a91c      0x1dc ./Middlewares/LoRaWAN/RegionCommon.o
                0x000000000800a91c                RegionCommonUpdateBandTimeOff
 .text.RegionCommonParseLinkAdrReq
                0x000000000800aaf8       0x34 ./Middlewares/LoRaWAN/RegionCommon.o
                0x000000000800aaf8                RegionCommonParseLinkAdrReq
 .text.RegionCommonLinkAdrReqVerifyParams
                0x000000000800ab2c       0x96 ./Middlewares/LoRaWAN/RegionCommon.o
                0x000000000800ab2c                RegionCommonLinkAdrReqVerifyParams
 *fill*         0x000000000800abc2        0x2 
 .text.RegionCommonComputeSymbolTimeLoRa
                0x000000000800abc4       0x10 ./Middlewares/LoRaWAN/RegionCommon.o
                0x000000000800abc4                RegionCommonComputeSymbolTimeLoRa
 .text.RegionCommonComputeSymbolTimeFsk
                0x000000000800abd4        0xa ./Middlewares/LoRaWAN/RegionCommon.o
                0x000000000800abd4                RegionCommonComputeSymbolTimeFsk
 .text.RegionCommonComputeRxWindowParameters
                0x000000000800abde       0x52 ./Middlewares/LoRaWAN/RegionCommon.o
                0x000000000800abde                RegionCommonComputeRxWindowParameters
 .text.RegionCommonComputeTxPower
                0x000000000800ac30       0x2a ./Middlewares/LoRaWAN/RegionCommon.o
                0x000000000800ac30                RegionCommonComputeTxPower
 .text.RegionCommonCountNbOfEnabledChannels
                0x000000000800ac5a       0xb4 ./Middlewares/LoRaWAN/RegionCommon.o
                0x000000000800ac5a                RegionCommonCountNbOfEnabledChannels
 .text.RegionCommonIdentifyChannels
                0x000000000800ad0e       0x88 ./Middlewares/LoRaWAN/RegionCommon.o
                0x000000000800ad0e                RegionCommonIdentifyChannels
 .text.RegionCommonGetNextLowerTxDr
                0x000000000800ad96       0x36 ./Middlewares/LoRaWAN/RegionCommon.o
                0x000000000800ad96                RegionCommonGetNextLowerTxDr
 .text.RegionCommonLimitTxPower
                0x000000000800adcc        0x8 ./Middlewares/LoRaWAN/RegionCommon.o
                0x000000000800adcc                RegionCommonLimitTxPower
 .text.RegionCommonGetBandwidth