D:/2.upwork/83.Lora_water_leak/Example_code/en.stm32cubewl_v1-2-0/STM32Cube_FW_WL_V1.2.0/Drivers/STM32WLxx_HAL_Driver/Src/stm32wlxx_hal_i2c_ex.c:96:19:HAL_I2CEx_ConfigAnalogFilter	8	static
D:/2.upwork/83.Lora_water_leak/Example_code/en.stm32cubewl_v1-2-0/STM32Cube_FW_WL_V1.2.0/Drivers/STM32WLxx_HAL_Driver/Src/stm32wlxx_hal_i2c_ex.c:140:19:HAL_I2CEx_ConfigDigitalFilter	8	static
D:/2.upwork/83.Lora_water_leak/Example_code/en.stm32cubewl_v1-2-0/STM32Cube_FW_WL_V1.2.0/Drivers/STM32WLxx_HAL_Driver/Src/stm32wlxx_hal_i2c_ex.c:208:19:HAL_I2CEx_EnableWakeUp	0	static
D:/2.upwork/83.Lora_water_leak/Example_code/en.stm32cubewl_v1-2-0/STM32Cube_FW_WL_V1.2.0/Drivers/STM32WLxx_HAL_Driver/Src/stm32wlxx_hal_i2c_ex.c:247:19:HAL_I2CEx_DisableWakeUp	0	static
D:/2.upwork/83.Lora_water_leak/Example_code/en.stm32cubewl_v1-2-0/STM32Cube_FW_WL_V1.2.0/Drivers/STM32WLxx_HAL_Driver/Src/stm32wlxx_hal_i2c_ex.c:312:6:HAL_I2CEx_EnableFastModePlus	0	static
D:/2.upwork/83.Lora_water_leak/Example_code/en.stm32cubewl_v1-2-0/STM32Cube_FW_WL_V1.2.0/Drivers/STM32WLxx_HAL_Driver/Src/stm32wlxx_hal_i2c_ex.c:336:6:HAL_I2CEx_DisableFastModePlus	0	static
