D:/2.upwork/83.Lora_water_leak/Example_code/en.stm32cubewl_v1-2-0/STM32Cube_FW_WL_V1.2.0/Projects/NUCLEO-WL55JC/Applications/LoRaWAN/LoRaWAN_End_Node/Core/Src/main.c:111:6:SystemClock_Config	112	static,ignoring_inline_asm
D:/2.upwork/83.Lora_water_leak/Example_code/en.stm32cubewl_v1-2-0/STM32Cube_FW_WL_V1.2.0/Projects/NUCLEO-WL55JC/Applications/LoRaWAN/LoRaWAN_End_Node/Core/Src/main.c:65:5:main	8	static
D:/2.upwork/83.Lora_water_leak/Example_code/en.stm32cubewl_v1-2-0/STM32Cube_FW_WL_V1.2.0/Projects/NUCLEO-WL55JC/Applications/LoRaWAN/LoRaWAN_End_Node/Core/Src/main.c:163:6:Error_Handler	0	static,ignoring_inline_asm
