D:/2.upwork/83.Lora_water_leak/Example_code/en.stm32cubewl-v1-3-0/STM32Cube_FW_WL_V1.3.0/Projects/NUCLEO-WL55JC/Applications/LoRaWAN/LoRaWAN_End_Node/Core/Src/sys_app.c:297:13:tiny_snprintf_like.constprop	16	static
D:/2.upwork/83.Lora_water_leak/Example_code/en.stm32cubewl-v1-3-0/STM32Cube_FW_WL_V1.3.0/Projects/NUCLEO-WL55JC/Applications/LoRaWAN/LoRaWAN_End_Node/Core/Src/sys_app.c:261:13:TimestampNow	32	static
D:/2.upwork/83.Lora_water_leak/Example_code/en.stm32cubewl-v1-3-0/STM32Cube_FW_WL_V1.3.0/Projects/NUCLEO-WL55JC/Applications/LoRaWAN/LoRaWAN_End_Node/Core/Src/sys_app.c:90:6:SystemApp_Init	8	static
D:/2.upwork/83.Lora_water_leak/Example_code/en.stm32cubewl-v1-3-0/STM32Cube_FW_WL_V1.3.0/Projects/NUCLEO-WL55JC/Applications/LoRaWAN/LoRaWAN_End_Node/Core/Src/sys_app.c:141:6:UTIL_SEQ_Idle	0	static
D:/2.upwork/83.Lora_water_leak/Example_code/en.stm32cubewl-v1-3-0/STM32Cube_FW_WL_V1.3.0/Projects/NUCLEO-WL55JC/Applications/LoRaWAN/LoRaWAN_End_Node/Core/Src/sys_app.c:152:9:GetBatteryLevel	8	static
D:/2.upwork/83.Lora_water_leak/Example_code/en.stm32cubewl-v1-3-0/STM32Cube_FW_WL_V1.3.0/Projects/NUCLEO-WL55JC/Applications/LoRaWAN/LoRaWAN_End_Node/Core/Src/sys_app.c:184:9:GetTemperatureLevel	32	static
D:/2.upwork/83.Lora_water_leak/Example_code/en.stm32cubewl-v1-3-0/STM32Cube_FW_WL_V1.3.0/Projects/NUCLEO-WL55JC/Applications/LoRaWAN/LoRaWAN_End_Node/Core/Src/sys_app.c:198:6:GetUniqueId	16	static
D:/2.upwork/83.Lora_water_leak/Example_code/en.stm32cubewl-v1-3-0/STM32Cube_FW_WL_V1.3.0/Projects/NUCLEO-WL55JC/Applications/LoRaWAN/LoRaWAN_End_Node/Core/Src/sys_app.c:238:6:GetDevAddr	16	static
D:/2.upwork/83.Lora_water_leak/Example_code/en.stm32cubewl-v1-3-0/STM32Cube_FW_WL_V1.3.0/Projects/NUCLEO-WL55JC/Applications/LoRaWAN/LoRaWAN_End_Node/Core/Src/sys_app.c:275:6:UTIL_ADV_TRACE_PreSendHook	0	static
D:/2.upwork/83.Lora_water_leak/Example_code/en.stm32cubewl-v1-3-0/STM32Cube_FW_WL_V1.3.0/Projects/NUCLEO-WL55JC/Applications/LoRaWAN/LoRaWAN_End_Node/Core/Src/sys_app.c:286:6:UTIL_ADV_TRACE_PostSendHook	0	static
D:/2.upwork/83.Lora_water_leak/Example_code/en.stm32cubewl-v1-3-0/STM32Cube_FW_WL_V1.3.0/Projects/NUCLEO-WL55JC/Applications/LoRaWAN/LoRaWAN_End_Node/Core/Src/sys_app.c:320:19:HAL_InitTick	0	static
D:/2.upwork/83.Lora_water_leak/Example_code/en.stm32cubewl-v1-3-0/STM32Cube_FW_WL_V1.3.0/Projects/NUCLEO-WL55JC/Applications/LoRaWAN/LoRaWAN_End_Node/Core/Src/sys_app.c:335:10:HAL_GetTick	0	static
D:/2.upwork/83.Lora_water_leak/Example_code/en.stm32cubewl-v1-3-0/STM32Cube_FW_WL_V1.3.0/Projects/NUCLEO-WL55JC/Applications/LoRaWAN/LoRaWAN_End_Node/Core/Src/sys_app.c:367:6:HAL_Delay	8	static
